Bhadron_pRec_Tr...SUCCESS Number of counters : 1
 |    Counter                                      |     #     |    sum     | mean/eff^* | rms/err^*  |     min     |     max     |
 | "# Unpacked Tracks"                             |       994 |       4594 |     4.6217 |     2.5366 |      2.0000 |      22.000 |
Bhadron_PsAndVs...SUCCESS Number of counters : 4
 |    Counter                                      |     #     |    sum     | mean/eff^* | rms/err^*  |     min     |     max     |
 | "# Unpacked FlavourTags"                        |       954 |          0 |     0.0000 |     0.0000 |      0.0000 |      0.0000 |
 | "# Unpacked Particles"                          |       954 |      30626 |     32.103 |     110.85 |      0.0000 |      2913.0 |
 | "# Unpacked RecVertices"                        |       954 |       9234 |     9.6792 |     67.573 |      0.0000 |      2010.0 |
 | "# Unpacked Vertices"                           |       954 |      15277 |     16.014 |     83.815 |      0.0000 |      2396.0 |
