Bhadron_pRec_Tr...SUCCESS Number of counters : 1
 |    Counter                                      |     #     |    sum     | mean/eff^* | rms/err^*  |     min     |     max     |
 | "# Unpacked Tracks"                             |        99 |        429 |     4.3333 |     2.5146 |      2.0000 |      14.000 |
Bhadron_PsAndVs...SUCCESS Number of counters : 4
 |    Counter                                      |     #     |    sum     | mean/eff^* | rms/err^*  |     min     |     max     |
 | "# Unpacked FlavourTags"                        |        54 |          0 |     0.0000 |     0.0000 |      0.0000 |      0.0000 |
 | "# Unpacked Particles"                          |        54 |        876 |     16.222 |     17.937 |      0.0000 |      106.00 |
 | "# Unpacked RecVertices"                        |        54 |        189 |     3.5000 |     3.5681 |      0.0000 |      17.000 |
 | "# Unpacked Vertices"                           |        54 |        346 |     6.4074 |     7.8846 |      0.0000 |      47.000 |
