# --> Including file '/build/cattanem/Brunel_HEAD/Rec/Brunel/options/Brunel-MC09Stripping.py'
# <-- End of file '/build/cattanem/Brunel_HEAD/Rec/Brunel/options/Brunel-MC09Stripping.py'
# --> Including file '/build/cattanem/Brunel_HEAD/Rec/Brunel/options/MC09-Files.py'
# <-- End of file '/build/cattanem/Brunel_HEAD/Rec/Brunel/options/MC09-Files.py'
# applying configuration of Brunel
# /***** User Brunel/Brunel **************************************************************************
# |-DatasetName     = '00012345_00012345_1'  (default: 'Brunel')
# |-Histograms      = 'None'  (default: 'OfflineFull')
# |-SkipEvents      = 0
# |-ProductionMode  = False
# |-PackType        = 'TES'
# |-WriteLumi       = False
# |-DDDBtag         = ''
# |-WithMC          = False
# |-MainSequence    = ['ProcessPhase/Reco', 'ProcessPhase/Moni']  (default: None)
# |-OutputType      = 'DST'
# |-DigiType        = 'Default'
# |-MCCheckSequence = None
# |-InputType       = 'ETC'  (default: 'MDF')
# |-PrintFreq       = 1
# |-OutputLevel     = 4  (default: 3)
# |-EvtMax          = 10  (default: -1)
# |-CondDBtag       = ''
# |-Context         = 'Offline'
# |-RecoSequence    = None
# |-Simulation      = True  (default: False)
# |-MCLinksSequence = ['L0', 'Unpack', 'Tr']  (default: ['L0', 'Unpack', 'Tr'])
# |-InitSequence    = ['Reproc', 'Brunel']  (default: None)
# |-DataType        = 'MC09'  (default: '2010')
# |-NoWarnings      = False
# |-WriteFSR        = True
# |-RecL0Only       = False
# |-RawBanksToKill  = None
# |-SpecialData     = []  (default: [])
# |-Monitors        = []  (default: [])
# \----- (End of User Brunel/Brunel) -----------------------------------------------------------------
# /***** User RecSysConf/RecSysConf ******************************************************************
# |-DataType     = 'MC09'  (default: '')
# |-Histograms   = 'None'  (default: 'OfflineFull')
# |-OutputLevel  = 4  (default: 3)
# |-OutputType   = 'DST'
# |-Context      = 'Offline'
# |-RecoSequence = None
# |-SpecialData  = []  (default: [])
# \----- (End of User RecSysConf/RecSysConf) ---------------------------------------------------------
# /***** User TrackSys/TrackSys **********************************************************************
# |-ExpertTracking           = []  (default: [])
# |-ExpertHistos             = False
# |-TrackExtraInfoAlgorithms = []  (default: [])
# |-WithMC                   = False
# |-OutputType               = ''
# |-SpecialData              = []  (default: [])
# |-TrackPatRecAlgorithms    = []  (default: [])
# \----- (End of User TrackSys/TrackSys) -------------------------------------------------------------
# /***** User RecMoniConf/RecMoniConf ****************************************************************
# |-DataType     = 'MC09'  (default: '')
# |-Histograms   = 'None'  (default: 'OfflineFull')
# |-OutputLevel  = 4  (default: 3)
# |-Context      = 'Offline'
# |-MoniSequence = None
# |-CheckEnabled = False
# \----- (End of User RecMoniConf/RecMoniConf) -------------------------------------------------------
# DstWriter.ItemList=['/Event/Rec/Header#1', '/Event/Rec/Status#1', '/Event/pRec/Track/Best#1', '/Event/pRec/Rich/PIDs#1', '/Event/pRec/Muon/MuonPID#1', '/Event/pRec/Calo/Electrons#1', '/Event/pRec/Calo/Photons#1', '/Event/pRec/Calo/MergedPi0s#1', '/Event/pRec/Calo/SplitPhotons#1', '/Event/pRec/ProtoP/Charged#1', '/Event/pRec/ProtoP/Neutrals#1', '/Event/pRec/Vertex/Primary#1', '/Event/pRec/Vertex/V0#1', '/Event/pRec/Track/Muon#1', '/Event/DAQ/RawEvent#1']
# DstWriter.OptItemList=['/Event/Phys/Selections#1']
# WARNING: Property 'DataType' is set in both 'DigiConf' and 'SimConf', using 'DigiConf.DataType'
# No Writer defined for DIGI
# MuonID WARNING: new DLL parameters not tuned for DATA=MC09,VERSION=def. Loading values for DC06
# ConfiguredMuonIDs: Loaded configuration info M_MC09_def
ApplicationMgr    SUCCESS
====================================================================================================================================
                                                   Welcome to Brunel version v35r11
                                          running on lxbuild156.cern.ch on Thu Feb 25 14:19:25 2010
====================================================================================================================================
ApplicationMgr       INFO Application Manager Configured successfully
ToolSvc.CondDBE...   INFO Initializing...
ToolSvc.CondDBE...   INFO Successfully initialized.
DetectorDataSvc   SUCCESS Detector description database: conddb:/lhcb.xml
TimingAuditor.T...   INFO This machine has a speed about   1.62 times the speed of a 2.8 GHz Xeon.
BrunelInit        SUCCESS ==================================================================
BrunelInit        SUCCESS Requested to process 10 events
BrunelInit        SUCCESS ==================================================================
RemovePrsPacked...SUCCESS bankKiller : all banks of type 'PrsPacked' will be removed.
RemoveEcalPacke...SUCCESS bankKiller : all banks of type 'EcalPacked' will be removed.
RemoveHcalPacke...SUCCESS bankKiller : all banks of type 'HcalPacked' will be removed.
MuonIDAlg         WARNING Initialise: Conditions database with muon ID info not found. Using values from options file
RootDBase.open    SUCCESS castor:/castor/cern.ch/user/c/cattanem/MC09-tests/00012345_00012345_1.fetc File version:52200
RootDBase.open    SUCCESS castor:/castor/cern.ch/user/c/cattanem/MC09-tests/00012345_00012345_1.fetc File version:52200
EventSelector        INFO Stream:EventSelector.DataStreamTool_1 Def:COLLECTION='TagCreator/EventTuple' DATAFILE='PFN:castor:/castor/cern.ch/user/c/cattanem/MC09-tests/00012345_00012345_1.fetc'  TYP='POOL_ROOT' SEL='(StrippingGlobal==1)'
ApplicationMgr       INFO Application Manager Initialized successfully
ApplicationMgr       INFO Application Manager Started successfully
RootDBase.open    SUCCESS castor://castorlhcb.cern.ch:9002/?svcClass=lhcbdata&castorVersion=2&path=/castor/cern.ch/grid/lhcb/MC/MC09/DST/00004838/0000/00004838_00000003_1.dst File version:51800
BrunelInit           INFO Evt 8153,  Run 483709,  Nr. in job = 1
RootDBase.open    SUCCESS 00012345_00012345_1-10ev.dst File version:52600
BrunelInit           INFO Evt 8312,  Run 483709,  Nr. in job = 2
BrunelInit           INFO Evt 8350,  Run 483709,  Nr. in job = 3
BrunelInit           INFO Evt 8361,  Run 483709,  Nr. in job = 4
BrunelInit           INFO Evt 8470,  Run 483709,  Nr. in job = 5
BrunelInit           INFO Evt 8532,  Run 483709,  Nr. in job = 6
BrunelInit           INFO Evt 8565,  Run 483709,  Nr. in job = 7
BrunelInit           INFO Evt 8603,  Run 483709,  Nr. in job = 8
BrunelInit           INFO Evt 8607,  Run 483709,  Nr. in job = 9
BrunelInit           INFO Evt 8695,  Run 483709,  Nr. in job = 10
ApplicationMgr       INFO Application Manager Stopped successfully
BrunelInit        SUCCESS ==================================================================
BrunelInit        SUCCESS 10 events processed
BrunelInit        SUCCESS ==================================================================
BrunelEventCount  SUCCESS Booked 1 Histogram(s) : 1D=1
CreateTTClusters  SUCCESS Number of counters : 3
 |    Counter                                      |     #     |    sum     | mean/eff^* | rms/err^*  |     min     |     max     |
 | "# banks found"                                 |       480 |        480 |     1.0000 |     0.0000 |      1.0000 |      1.0000 |
 | "# valid banks"                                 |       480 |        480 |     1.0000 |     0.0000 |      1.0000 |      1.0000 |
 | "skipped Banks"                                 |         0 |          0 |     0.0000 |     0.0000 | 1.7977e+308 |-1.7977e+308 |
CreateTTLiteClu...SUCCESS Number of counters : 3
 |    Counter                                      |     #     |    sum     | mean/eff^* | rms/err^*  |     min     |     max     |
 | "# valid banks"                                 |       480 |        480 |     1.0000 |     0.0000 |      1.0000 |      1.0000 |
 | "# valid source ID"                             |       480 |        480 |     1.0000 |     0.0000 |      1.0000 |      1.0000 |
 | "skipped Banks"                                 |         0 |          0 |     0.0000 |     0.0000 | 1.7977e+308 |-1.7977e+308 |
CreateITClusters  SUCCESS Number of counters : 3
 |    Counter                                      |     #     |    sum     | mean/eff^* | rms/err^*  |     min     |     max     |
 | "# banks found"                                 |       420 |        420 |     1.0000 |     0.0000 |      1.0000 |      1.0000 |
 | "# valid banks"                                 |       420 |        420 |     1.0000 |     0.0000 |      1.0000 |      1.0000 |
 | "skipped Banks"                                 |         0 |          0 |     0.0000 |     0.0000 | 1.7977e+308 |-1.7977e+308 |
CreateITLiteClu...SUCCESS Number of counters : 3
 |    Counter                                      |     #     |    sum     | mean/eff^* | rms/err^*  |     min     |     max     |
 | "# valid banks"                                 |       420 |        420 |     1.0000 |     0.0000 |      1.0000 |      1.0000 |
 | "# valid source ID"                             |       420 |        420 |     1.0000 |     0.0000 |      1.0000 |      1.0000 |
 | "skipped Banks"                                 |         0 |          0 |     0.0000 |     0.0000 | 1.7977e+308 |-1.7977e+308 |
FitForward        SUCCESS Number of counters : 5
 |    Counter                                      |     #     |    sum     | mean/eff^* | rms/err^*  |     min     |     max     |
 | "badChisq"                                      |       291 |         48 |    0.16495 |    0.37113 |      0.0000 |      1.0000 |
 | "chisqprobSum"                                  |       291 |   119.5479 |    0.41082 |    0.32247 |      0.0000 |     0.98562 |
 | "nFitted"                                       |        10 |        291 |     29.100 |     13.285 |      11.000 |      57.000 |
 | "nTracks"                                       |        10 |        291 |     29.100 |     13.285 |      11.000 |      57.000 |
 | "numOutliers"                                   |       291 |        209 |    0.71821 |    0.81416 |      0.0000 |      2.0000 |
FitSeedForMatch   SUCCESS Number of counters : 5
 |    Counter                                      |     #     |    sum     | mean/eff^* | rms/err^*  |     min     |     max     |
 | "badChisq"                                      |       490 |         54 |    0.11020 |    0.31314 |      0.0000 |      1.0000 |
 | "chisqprobSum"                                  |       490 |   235.9225 |    0.48147 |    0.33729 |      0.0000 |     0.99944 |
 | "nFitted"                                       |        10 |        490 |     49.000 |     29.329 |      17.000 |      121.00 |
 | "nTracks"                                       |        10 |        490 |     49.000 |     29.329 |      17.000 |      121.00 |
 | "numOutliers"                                   |       490 |        248 |    0.50612 |    0.75388 |      0.0000 |      2.0000 |
FitMatch          SUCCESS Number of counters : 5
 |    Counter                                      |     #     |    sum     | mean/eff^* | rms/err^*  |     min     |     max     |
 | "badChisq"                                      |       269 |         42 |    0.15613 |    0.36298 |      0.0000 |      1.0000 |
 | "chisqprobSum"                                  |       269 |   114.0185 |    0.42386 |    0.31932 |      0.0000 |     0.98915 |
 | "nFitted"                                       |        10 |        269 |     26.900 |     12.526 |      10.000 |      51.000 |
 | "nTracks"                                       |        10 |        269 |     26.900 |     12.526 |      10.000 |      51.000 |
 | "numOutliers"                                   |       269 |        144 |    0.53532 |    0.77822 |      0.0000 |      2.0000 |
FitDownstream     SUCCESS Number of counters : 5
 |    Counter                                      |     #     |    sum     | mean/eff^* | rms/err^*  |     min     |     max     |
 | "badChisq"                                      |       338 |         74 |    0.21893 |    0.41352 |      0.0000 |      1.0000 |
 | "chisqprobSum"                                  |       338 |   141.0049 |    0.41717 |    0.33954 |      0.0000 |     0.99692 |
 | "nFitted"                                       |        10 |        338 |     33.800 |     17.747 |      13.000 |      74.000 |
 | "nTracks"                                       |        10 |        338 |     33.800 |     17.747 |      13.000 |      74.000 |
 | "numOutliers"                                   |       338 |        224 |    0.66272 |    0.85234 |      0.0000 |      2.0000 |
FitVeloTT         SUCCESS Number of counters : 5
 |    Counter                                      |     #     |    sum     | mean/eff^* | rms/err^*  |     min     |     max     |
 | "badChisq"                                      |        95 |          2 |   0.021053 |    0.14356 |      0.0000 |      1.0000 |
 | "chisqprobSum"                                  |        95 |   48.85022 |    0.51421 |    0.32910 |  1.4293e-05 |     0.99524 |
 | "nFitted"                                       |        10 |         95 |     9.5000 |     6.1522 |      3.0000 |      25.000 |
 | "nTracks"                                       |        10 |         95 |     9.5000 |     6.1522 |      3.0000 |      25.000 |
 | "numOutliers"                                   |        95 |         26 |    0.27368 |    0.53197 |      0.0000 |      2.0000 |
RefitSeed         SUCCESS Number of counters : 5
 |    Counter                                      |     #     |    sum     | mean/eff^* | rms/err^*  |     min     |     max     |
 | "badChisq"                                      |       490 |         35 |   0.071429 |    0.25754 |      0.0000 |      1.0000 |
 | "chisqprobSum"                                  |       490 |   230.8481 |    0.47112 |    0.31749 |  5.7553e-14 |     0.99822 |
 | "nFitted"                                       |        10 |        490 |     49.000 |     29.329 |      17.000 |      121.00 |
 | "nTracks"                                       |        10 |        490 |     49.000 |     29.329 |      17.000 |      121.00 |
 | "numOutliers"                                   |       490 |        216 |    0.44082 |    0.67731 |      0.0000 |      2.0000 |
FitVelo           SUCCESS Number of counters : 5
 |    Counter                                      |     #     |    sum     | mean/eff^* | rms/err^*  |     min     |     max     |
 | "badChisq"                                      |       378 |         13 |   0.034392 |    0.18223 |      0.0000 |      1.0000 |
 | "chisqprobSum"                                  |       378 |    162.974 |    0.43115 |    0.31888 |  9.3345e-06 |     0.99971 |
 | "nFitted"                                       |        10 |        378 |     37.800 |     16.479 |      20.000 |      79.000 |
 | "nTracks"                                       |        10 |        378 |     37.800 |     16.479 |      20.000 |      79.000 |
 | "numOutliers"                                   |       378 |         85 |    0.22487 |    0.50888 |      0.0000 |      2.0000 |
TrackV0Finder     SUCCESS Number of counters : 4
 |    Counter                                      |     #     |    sum     | mean/eff^* | rms/err^*  |     min     |     max     |
 | "numcombinations"                               |        10 |        736 |     73.600 |     112.33 |      3.0000 |      400.00 |
 | "numnegtracks"                                  |        10 |         72 |     7.2000 |     4.9356 |      1.0000 |      20.000 |
 | "numpostracks"                                  |        10 |         71 |     7.1000 |     5.0289 |      2.0000 |      20.000 |
 | "numselected"                                   |        10 |          8 |    0.80000 |    0.87178 |      0.0000 |      2.0000 |
OfflineENNFinde...SUCCESS Number of counters : 2
 |    Counter                                      |     #     |    sum     | mean/eff^* | rms/err^*  |     min     |     max     |
 | "# Rich1 Found Rings"                           |         4 |         29 |     7.2500 |     3.5620 |      2.0000 |      12.000 |
 | "Processed Events"                              |        10 |          4 |    0.40000 |    0.48990 |      0.0000 |      1.0000 |
OfflineENNFinde...SUCCESS Number of counters : 2
 |    Counter                                      |     #     |    sum     | mean/eff^* | rms/err^*  |     min     |     max     |
 | "# Rich1 Found Rings"                           |         5 |         31 |     6.2000 |     2.3152 |      4.0000 |      9.0000 |
 | "Processed Events"                              |        10 |          5 |    0.50000 |    0.50000 |      0.0000 |      1.0000 |
OfflineENNFinde...SUCCESS Number of counters : 2
 |    Counter                                      |     #     |    sum     | mean/eff^* | rms/err^*  |     min     |     max     |
 | "# Rich2 Found Rings"                           |         8 |         69 |     8.6250 |     3.5333 |      3.0000 |      15.000 |
 | "Processed Events"                              |        10 |          8 |    0.80000 |    0.40000 |      0.0000 |      1.0000 |
OfflineENNFinde...SUCCESS Number of counters : 2
 |    Counter                                      |     #     |    sum     | mean/eff^* | rms/err^*  |     min     |     max     |
 | "# Rich2 Found Rings"                           |         5 |         41 |     8.2000 |     1.4697 |      6.0000 |      10.000 |
 | "Processed Events"                              |        10 |          5 |    0.50000 |    0.50000 |      0.0000 |      1.0000 |
OfflineBestENNR...SUCCESS Number of counters : 3
 |    Counter                                      |     #     |    sum     | mean/eff^* | rms/err^*  |     min     |     max     |
 | "Selected good Aerogel rings"                   |        10 |          0 |     0.0000 |     0.0000 |      0.0000 |      0.0000 |
 | "Selected good Rich1Gas rings"                  |        10 |         37 |     3.7000 |     3.9000 |      0.0000 |      11.000 |
 | "Selected good Rich2Gas rings"                  |        10 |         50 |     5.0000 |     3.8730 |      0.0000 |      12.000 |
OfflineIsolated...SUCCESS Number of counters : 13
 |    Counter                                      |     #     |    sum     | mean/eff^* | rms/err^*  |     min     |     max     |
 | "Aerogel Selected isolated rings"               |        10 |          0 |     0.0000 |     0.0000 |      0.0000 |      0.0000 |
 | "Rich1Gas 'Occupancy outside ring annulus too la|        37 |         10 |    0.27027 |    0.44410 |      0.0000 |      1.0000 |
 | "Rich1Gas 'Ring Refitting'"                     |        37 |         37 |     1.0000 |     0.0000 |      1.0000 |      1.0000 |
 | "Rich1Gas 'Ring centre isolation'"              |        37 |         16 |    0.43243 |    0.49541 |      0.0000 |      1.0000 |
 | "Rich1Gas 'Ring has some associated hits'"      |        37 |         37 |     1.0000 |     0.0000 |      1.0000 |      1.0000 |
 | "Rich1Gas 'Too many pixel blobs'"               |        37 |         31 |    0.83784 |    0.36860 |      0.0000 |      1.0000 |
 | "Rich1Gas Selected isolated rings"              |        10 |          6 |    0.60000 |    0.66332 |      0.0000 |      2.0000 |
 | "Rich2Gas 'Occupancy outside ring annulus too la|        50 |          5 |    0.10000 |    0.30000 |      0.0000 |      1.0000 |
 | "Rich2Gas 'Ring Refitting'"                     |        50 |         50 |     1.0000 |     0.0000 |      1.0000 |      1.0000 |
 | "Rich2Gas 'Ring centre isolation'"              |        50 |         15 |    0.30000 |    0.45826 |      0.0000 |      1.0000 |
 | "Rich2Gas 'Ring has some associated hits'"      |        50 |         50 |     1.0000 |     0.0000 |      1.0000 |      1.0000 |
 | "Rich2Gas 'Too many pixel blobs'"               |        50 |         44 |    0.88000 |    0.32496 |      0.0000 |      1.0000 |
 | "Rich2Gas Selected isolated rings"              |        10 |          2 |    0.20000 |    0.40000 |      0.0000 |      1.0000 |
EcalClust         SUCCESS Number of counters : 1
 |    Counter                                      |     #     |    sum     | mean/eff^* | rms/err^*  |     min     |     max     |
 | "#clusters"                                     |        10 |        707 |     70.700 |     34.059 |      26.000 |      145.00 |
InECAL            SUCCESS Number of counters : 3
 |    Counter                                      |     #     |    sum     | mean/eff^* | rms/err^*  |     min     |     max     |
 | "#accept"                                       |        10 |        418 |     41.800 |     26.057 |      17.000 |      108.00 |
 | "#links"                                        |        10 |        529 |     52.900 |     32.129 |      17.000 |      133.00 |
 | "#tracks"                                       |        10 |       1002 |     100.20 |     51.627 |      41.000 |      237.00 |
ClusterMatch      SUCCESS Number of counters : 5
 |    Counter                                      |     #     |    sum     | mean/eff^* | rms/err^*  |     min     |     max     |
 | "#calos"                                        |        10 |        707 |     70.700 |     34.059 |      26.000 |      145.00 |
 | "#chi2"                                         |      7169 |    3235322 |     451.29 |     296.86 |  0.00084058 |      999.64 |
 | "#links"                                        |        10 |       7169 |     716.90 |     746.59 |      101.00 |      2679.0 |
 | "#overflow"                                     |        10 |      30962 |     3096.2 |     3621.6 |      341.00 |      12981. |
 | "#tracks"                                       |        10 |        418 |     41.800 |     26.057 |      17.000 |      108.00 |
SinglePhotonRec   SUCCESS Number of counters : 1
 |    Counter                                      |     #     |    sum     | mean/eff^* | rms/err^*  |     min     |     max     |
 | "#photons"                                      |        10 |        457 |     45.700 |     21.932 |      15.000 |      92.000 |
MergedPi0Rec      SUCCESS Number of counters : 3
 |    Counter                                      |     #     |    sum     | mean/eff^* | rms/err^*  |     min     |     max     |
 | "#clusters"                                     |        10 |          8 |    0.80000 |     1.3266 |      0.0000 |      4.0000 |
 | "#merged"                                       |        10 |          4 |    0.40000 |    0.66332 |      0.0000 |      2.0000 |
 | "#photons"                                      |        10 |          8 |    0.80000 |     1.3266 |      0.0000 |      4.0000 |
ElectronHypoRec   SUCCESS Number of counters : 1
 |    Counter                                      |     #     |    sum     | mean/eff^* | rms/err^*  |     min     |     max     |
 | "#electrons"                                    |        10 |        263 |     26.300 |     18.094 |      3.0000 |      67.000 |
InSPD             SUCCESS Number of counters : 3
 |    Counter                                      |     #     |    sum     | mean/eff^* | rms/err^*  |     min     |     max     |
 | "#accept"                                       |        10 |        445 |     44.500 |     26.605 |      17.000 |      111.00 |
 | "#links"                                        |        10 |        529 |     52.900 |     32.129 |      17.000 |      133.00 |
 | "#tracks"                                       |        10 |       1002 |     100.20 |     51.627 |      41.000 |      237.00 |
InPRS             SUCCESS Number of counters : 3
 |    Counter                                      |     #     |    sum     | mean/eff^* | rms/err^*  |     min     |     max     |
 | "#accept"                                       |        10 |        445 |     44.500 |     26.605 |      17.000 |      111.00 |
 | "#links"                                        |        10 |        529 |     52.900 |     32.129 |      17.000 |      133.00 |
 | "#tracks"                                       |        10 |       1002 |     100.20 |     51.627 |      41.000 |      237.00 |
InHCAL            SUCCESS Number of counters : 3
 |    Counter                                      |     #     |    sum     | mean/eff^* | rms/err^*  |     min     |     max     |
 | "#accept"                                       |        10 |        395 |     39.500 |     24.422 |      16.000 |      103.00 |
 | "#links"                                        |        10 |        529 |     52.900 |     32.129 |      17.000 |      133.00 |
 | "#tracks"                                       |        10 |       1002 |     100.20 |     51.627 |      41.000 |      237.00 |
InBREM            SUCCESS Number of counters : 3
 |    Counter                                      |     #     |    sum     | mean/eff^* | rms/err^*  |     min     |     max     |
 | "#accept"                                       |        10 |        414 |     41.400 |     23.602 |      9.0000 |      97.000 |
 | "#links"                                        |        10 |        543 |     54.300 |     29.428 |      15.000 |      126.00 |
 | "#tracks"                                       |        10 |       1002 |     100.20 |     51.627 |      41.000 |      237.00 |
ElectronMatch     SUCCESS Number of counters : 5
 |    Counter                                      |     #     |    sum     | mean/eff^* | rms/err^*  |     min     |     max     |
 | "#calos"                                        |        10 |        263 |     26.300 |     18.094 |      3.0000 |      67.000 |
 | "#chi2"                                         |       686 |    2961613 |     4317.2 |     3133.2 |      1.1142 |      9973.6 |
 | "#links"                                        |        10 |        686 |     68.600 |     80.148 |      3.0000 |      288.00 |
 | "#overflow"                                     |        10 |      14911 |     1491.1 |     1987.5 |      48.000 |      6948.0 |
 | "#tracks"                                       |        10 |        418 |     41.800 |     26.057 |      17.000 |      108.00 |
BremMatch         SUCCESS Number of counters : 5
 |    Counter                                      |     #     |    sum     | mean/eff^* | rms/err^*  |     min     |     max     |
 | "#calos"                                        |        10 |        457 |     45.700 |     21.932 |      15.000 |      92.000 |
 | "#chi2"                                         |      1778 |    8640738 |     4859.8 |     2933.9 |      1.2179 |      9997.0 |
 | "#links"                                        |        10 |       1778 |     177.80 |     226.47 |      11.000 |      795.00 |
 | "#overflow"                                     |        10 |      21843 |     2184.3 |     2240.6 |      241.00 |      8129.0 |
 | "#tracks"                                       |        10 |        414 |     41.400 |     23.602 |      9.0000 |      97.000 |
NeutralProtoPMakerSUCCESS Number of counters : 4
 |    Counter                                      |     #     |    sum     | mean/eff^* | rms/err^*  |     min     |     max     |
 | "#proto"                                        |        10 |        469 |     46.900 |     22.403 |      15.000 |      92.000 |
 | "Rec/Calo/MergedPi0s"                           |        10 |          4 |    0.40000 |    0.66332 |      0.0000 |      2.0000 |
 | "Rec/Calo/Photons"                              |        10 |        457 |     45.700 |     21.932 |      15.000 |      92.000 |
 | "Rec/Calo/SplitPhotons"                         |        10 |          8 |    0.80000 |     1.3266 |      0.0000 |      4.0000 |
EcalDigitMon      SUCCESS Booked 5 Histogram(s) : 1D=3 2D=2
HcalDigitMon      SUCCESS Booked 5 Histogram(s) : 1D=3 2D=2
PrsDigitMon       SUCCESS Booked 4 Histogram(s) : 1D=2 2D=2
SpdDigitMon       SUCCESS Booked 2 Histogram(s) : 1D=1 2D=1
SpdMon            SUCCESS Booked 2 Histogram(s) : 2D=2
EcalClusterMon    SUCCESS Booked 7 Histogram(s) : 1D=5 2D=2
EcalSplitCluste...SUCCESS Booked 11 Histogram(s) : 1D=7 2D=4
ElectronMon       SUCCESS Booked 8 Histogram(s) : 1D=6 2D=2
PhotonMon         SUCCESS Booked 8 Histogram(s) : 1D=6 2D=2
SplitPhotonMon    SUCCESS Booked 8 Histogram(s) : 1D=6 2D=2
MergedPi0Mon      SUCCESS Booked 7 Histogram(s) : 1D=7
ResolvedPi0Mon    SUCCESS Booked 4 Histogram(s) : 1D=4
PhotonMatchMon    SUCCESS Booked 5 Histogram(s) : 1D=5
ElectronMatchMon  SUCCESS Booked 5 Histogram(s) : 1D=5
BremMatchMon      SUCCESS Booked 5 Histogram(s) : 1D=5
CaloPIDMon        SUCCESS Booked 45 Histogram(s) : 1D=45
CaloPIDMon        SUCCESS Number of counters : 1
 |    Counter                                      |     #     |    sum     | mean/eff^* | rms/err^*  |     min     |     max     |
 | "nEvents"                                       |        10 |         10 |     1.0000 |     0.0000 |      1.0000 |      1.0000 |
MuonPIDMonitor    SUCCESS Booked 21 Histogram(s) : 1D=15 1DProf=6
TrackMonitor      SUCCESS Booked 250 Histogram(s) : 1D=250
TrackMonitor      SUCCESS Number of counters : 7
 |    Counter                                      |     #     |    sum     | mean/eff^* | rms/err^*  |     min     |     max     |
 | "#Downstream"                                   |        10 |         89 |     8.9000 |     7.0915 |      1.0000 |      28.000 |
 | "#Long"                                         |        10 |        318 |     31.800 |     16.105 |      11.000 |      67.000 |
 | "#Tracks"                                       |        10 |       1002 |     100.20 |     51.627 |      41.000 |      237.00 |
 | "#Ttrack"                                       |        10 |        122 |     12.200 |     10.448 |      1.0000 |      38.000 |
 | "#Upstream"                                     |        10 |         95 |     9.5000 |     6.1522 |      3.0000 |      25.000 |
 | "#Velo"                                         |        10 |        130 |     13.000 |     9.0664 |      1.0000 |      34.000 |
 | "#VeloBackward"                                 |        10 |        248 |     24.800 |     9.0532 |      13.000 |      45.000 |
TrackVertexMonitorSUCCESS Booked 52 Histogram(s) : 1D=40 1DProf=12
TrackFitMatchMo...SUCCESS Booked 37 Histogram(s) : 1D=25 1DProf=12
TrackV0Monitor    SUCCESS Booked 16 Histogram(s) : 1D=16
TrackDiMuonMonitorSUCCESS Booked 1 Histogram(s) : 1D=1
TrackDiMuonMonitorSUCCESS Number of counters : 4
 |    Counter                                      |     #     |    sum     | mean/eff^* | rms/err^*  |     min     |     max     |
 | "numcombinations"                               |        10 |          0 |     0.0000 |     0.0000 |      0.0000 |      0.0000 |
 | "numnegtracks"                                  |        10 |          8 |    0.80000 |     2.0881 |      0.0000 |      7.0000 |
 | "numpostracks"                                  |        10 |          8 |    0.80000 |     1.6000 |      0.0000 |      4.0000 |
 | "numselected"                                   |        10 |          0 |     0.0000 |     0.0000 |      0.0000 |      0.0000 |
TrackAlignMonitor SUCCESS Booked 27 Histogram(s) : 1D=18 1DProf=9
TrackEcalMatchM...SUCCESS Booked 14 Histogram(s) : 1D=6 1DProf=8
TrackSpdMatchMo...SUCCESS Booked 14 Histogram(s) : 1D=6 1DProf=8
TrackPrsMatchMo...SUCCESS Booked 14 Histogram(s) : 1D=6 1DProf=8
TrackMuonMatchM...SUCCESS Booked 16 Histogram(s) : 1D=16
OTTrackMonitor    SUCCESS Booked 63 Histogram(s) : 1D=46 2D=7 1DProf=10
OTHitEfficiency...SUCCESS Booked 65 Histogram(s) : 1D=9 2D=9 1DProf=47
OTTimeMonitor     SUCCESS Booked 9 Histogram(s) : 1D=8 1DProf=1
TTClusterMonitor  SUCCESS Booked 12 Histogram(s) : 1D=9 2D=3
TTClusterMonitor  SUCCESS Number of counters : 1
 |    Counter                                      |     #     |    sum     | mean/eff^* | rms/err^*  |     min     |     max     |
 | "Number of events"                              |        10 |         10 |     1.0000 |     0.0000 |      1.0000 |      1.0000 |
ITClusterMonitor  SUCCESS Booked 8 Histogram(s) : 1D=5 2D=3
ITClusterMonitor  SUCCESS Number of counters : 1
 |    Counter                                      |     #     |    sum     | mean/eff^* | rms/err^*  |     min     |     max     |
 | "Number of events"                              |        10 |         10 |     1.0000 |     0.0000 |      1.0000 |      1.0000 |
ChargedProtoPMoni SUCCESS Booked 9 Histogram(s) : 1DProf=9
PackTracks        SUCCESS Number of counters : 1
 |    Counter                                      |     #     |    sum     | mean/eff^* | rms/err^*  |     min     |     max     |
 | "# PackedTracks"                                |        10 |       1002 |     100.20 |     51.627 |      41.000 |      237.00 |
PackRichPIDs      SUCCESS Number of counters : 1
 |    Counter                                      |     #     |    sum     | mean/eff^* | rms/err^*  |     min     |     max     |
 | "# PackedData"                                  |        10 |        495 |     49.500 |     26.893 |      20.000 |      116.00 |
PackMuonPIDs      SUCCESS Number of counters : 1
 |    Counter                                      |     #     |    sum     | mean/eff^* | rms/err^*  |     min     |     max     |
 | "# PackedData"                                  |        10 |        407 |     40.700 |     22.504 |      16.000 |      95.000 |
PackMuonTracks    SUCCESS Number of counters : 1
 |    Counter                                      |     #     |    sum     | mean/eff^* | rms/err^*  |     min     |     max     |
 | "# PackedTracks"                                |        10 |         16 |     1.6000 |     2.3749 |      0.0000 |      7.0000 |
RootHistSvc       WARNING no ROOT output file name, Histograms cannot be persistified
EventLoopMgr         INFO Histograms converted successfully according to request.
TransportSvc      SUCCESS  GEOMETRY ERRORS: 'Skip'     map has the size 0

TransportSvc      SUCCESS  GEOMETRY ERRORS: 'Recover'  map has the size 5
   |                      Logical Volume                     |    |  #          mean             RMS          min              max    |
   | AfterMagnetRegion/Rich2/lvRich2Master                   | mm | 4       4.1767522e-09   2.8489537e-09 1.3277986e-09   7.0257059e- |
   | AfterMagnetRegion/Rich2/lvRich2Master                   | X0 | 4       1.3522347e-11   9.2235638e-12 4.2987834e-12   2.2745911e- |
   | AfterMagnetRegion/T/lvT                                 | mm | 102     1.3615197          0.79763355 0.1049924           3.70375 |
   | AfterMagnetRegion/T/lvT                                 | X0 | 102     0                           0 0                           |
   | BeforeMagnetRegion/Velo/RFFoil/lvRFDownStreamSection    | mm | 29      0.03819554        0.017805822 0.0020670343      0.0604474 |
   | BeforeMagnetRegion/Velo/RFFoil/lvRFDownStreamSection    | X0 | 29      0                           0 0                           |
   | agnetRegion/PipeSupportsInMagnet/lvUX85SupportsInMagnet | mm | 7       1.8145796            1.484577 0.10001107          3.10026 |
   | agnetRegion/PipeSupportsInMagnet/lvUX85SupportsInMagnet | X0 | 7       0.014561754       0.011913528 0.00080257527     0.0248791 |
   | MagnetRegion/lvMagnetRegion                             | mm | 17      0.10014626      0.00026934496 0.10000313         0.101197 |
   | MagnetRegion/lvMagnetRegion                             | X0 | 17      5.9371434e-05   1.5968042e-07 5.9286579e-05   5.9994843e- |

TransportSvc      SUCCESS  GEOMETRY ERRORS: 'Codes'    map has the size 0

ElectronHypoRec...SUCCESS Number of counters : 2
 |    Counter                                      |     #     |    sum     | mean/eff^* | rms/err^*  |     min     |     max     |
 | "Prs"                                           |       263 |        822 |     3.1255 |     1.5090 |      1.0000 |      8.0000 |
 | "Spd"                                           |       263 |        457 |     1.7376 |    0.96497 |      1.0000 |      6.0000 |
PhotonFromMerge...SUCCESS Number of counters : 1
 |    Counter                                      |     #     |    sum     | mean/eff^* | rms/err^*  |     min     |     max     |
 | "Spd"                                           |         8 |         11 |     1.3750 |    0.99216 |      0.0000 |      3.0000 |
MergedPi0Rec.Pr...SUCCESS Number of counters : 1
 |    Counter                                      |     #     |    sum     | mean/eff^* | rms/err^*  |     min     |     max     |
 | "Prs"                                           |         8 |         32 |     4.0000 |     1.8708 |      2.0000 |      7.0000 |
MergedPi0Rec.Sp...SUCCESS Number of counters : 1
 |    Counter                                      |     #     |    sum     | mean/eff^* | rms/err^*  |     min     |     max     |
 | "Spd"                                           |         8 |         11 |     1.3750 |    0.99216 |      0.0000 |      3.0000 |
SinglePhotonRec...SUCCESS Number of counters : 2
 |    Counter                                      |     #     |    sum     | mean/eff^* | rms/err^*  |     min     |     max     |
 | "Prs"                                           |       457 |        776 |     1.6980 |     1.4451 |      0.0000 |      8.0000 |
 | "Spd"                                           |       457 |        343 |    0.75055 |    0.90169 |      0.0000 |      5.0000 |
HcalZSup.HcalZS...SUCCESS Number of counters : 1
 |    Counter                                      |     #     |    sum     | mean/eff^* | rms/err^*  |     min     |     max     |
 | "getCaloBanks"                                  |        10 |         10 |     1.0000 |     0.0000 |      1.0000 |      1.0000 |
EcalZSup.EcalZS...SUCCESS Number of counters : 1
 |    Counter                                      |     #     |    sum     | mean/eff^* | rms/err^*  |     min     |     max     |
 | "getCaloBanks"                                  |        10 |         10 |     1.0000 |     0.0000 |      1.0000 |      1.0000 |
PrsFromRaw.PrsF...SUCCESS Number of counters : 1
 |    Counter                                      |     #     |    sum     | mean/eff^* | rms/err^*  |     min     |     max     |
 | "getCaloBanks"                                  |        10 |         10 |     1.0000 |     0.0000 |      1.0000 |      1.0000 |
SpdFromRaw.SpdF...SUCCESS Number of counters : 1
 |    Counter                                      |     #     |    sum     | mean/eff^* | rms/err^*  |     min     |     max     |
 | "getCaloBanks"                                  |        10 |         10 |     1.0000 |     0.0000 |      1.0000 |      1.0000 |
RichOfflineGPID...SUCCESS Number of counters : 2
 |    Counter                                      |     #     |    sum     | mean/eff^* | rms/err^*  |     min     |     max     |
 | "1 track(s) changed hypo after iteration 1"     |         1 |          1 |     1.0000 |     0.0000 |      1.0000 |      1.0000 |
 | "2 track(s) changed hypo after iteration 1"     |         1 |          1 |     1.0000 |     0.0000 |      1.0000 |      1.0000 |
BrunelInit.Brun...SUCCESS Booked 4 Histogram(s) : 1D=4
BrunelInit.Brun...SUCCESS Number of counters : 2
 |    Counter                                      |     #     |    sum     | mean/eff^* | rms/err^*  |     min     |     max     |
 | "Delta Memory/MB"                               |         9 |     98.904 |     10.989 |     17.472 |      0.0000 |      56.976 |
 | "Total Memory/MB"                               |        10 |   9257.808 |     925.78 |     25.258 |      859.56 |      958.46 |
ResolvedPi0Mon....SUCCESS Number of counters : 1
 |    Counter                                      |     #     |    sum     | mean/eff^* | rms/err^*  |     min     |     max     |
 | "#Digits   @ Raw/Prs/Digits"                    |        10 |       2999 |     299.90 |     161.67 |      97.000 |      676.00 |
ResolvedPi0Mon....SUCCESS Number of counters : 1
 |    Counter                                      |     #     |    sum     | mean/eff^* | rms/err^*  |     min     |     max     |
 | "#Digits   @ Raw/Spd/Digits"                    |        10 |       1744 |     174.40 |     102.69 |      54.000 |      429.00 |
ToolSvc.Offline...SUCCESS Number of counters : 6
 |    Counter                                      |     #     |    sum     | mean/eff^* | rms/err^*  |     min     |     max     |
 | "Entry state after exit state for Aerogel"      |       222 |          0 |     0.0000 |     0.0000 |      0.0000 |      0.0000 |
 | "Entry state after exit state for Rich1Gas"     |       391 |          3 |  0.0076726 |   0.087257 |      0.0000 |      1.0000 |
 | "Entry state after exit state for Rich2Gas"     |       481 |          0 |     0.0000 |     0.0000 |      0.0000 |      0.0000 |
 | "Track states for Aerogel too close in z"       |       222 |          0 |     0.0000 |     0.0000 |      0.0000 |      0.0000 |
 | "Track states for Rich1Gas too close in z"      |       391 |          3 |  0.0076726 |   0.087257 |      0.0000 |      1.0000 |
 | "Track states for Rich2Gas too close in z"      |       481 |          1 |  0.0020790 |   0.045549 |      0.0000 |      1.0000 |
ElectronHypoRec...SUCCESS Number of counters : 1
 |    Counter                                      |     #     |    sum     | mean/eff^* | rms/err^*  |     min     |     max     |
 | "#Digits   @ Raw/Spd/Digits"                    |        10 |       1744 |     174.40 |     102.69 |      54.000 |      429.00 |
ElectronHypoRec...SUCCESS Number of counters : 1
 |    Counter                                      |     #     |    sum     | mean/eff^* | rms/err^*  |     min     |     max     |
 | "#Digits   @ Raw/Prs/Digits"                    |        10 |       2999 |     299.90 |     161.67 |      97.000 |      676.00 |
ToolSvc.CaloHyp...SUCCESS Number of counters : 1
 |    Counter                                      |     #     |    sum     | mean/eff^* | rms/err^*  |     min     |     max     |
 | "#Digits   @ Raw/Prs/Digits"                    |        10 |       2999 |     299.90 |     161.67 |      97.000 |      676.00 |
ElectronHypoRec...SUCCESS Number of counters : 1
 |    Counter                                      |     #     |    sum     | mean/eff^* | rms/err^*  |     min     |     max     |
 | "#Digits   @ Raw/Spd/Digits"                    |        10 |       1744 |     174.40 |     102.69 |      54.000 |      429.00 |
PhotonFromMerge...SUCCESS Number of counters : 1
 |    Counter                                      |     #     |    sum     | mean/eff^* | rms/err^*  |     min     |     max     |
 | "#Digits   @ Raw/Spd/Digits"                    |         3 |        582 |     194.00 |     16.872 |      171.00 |      211.00 |
MergedPi0Rec.Pr...SUCCESS Number of counters : 1
 |    Counter                                      |     #     |    sum     | mean/eff^* | rms/err^*  |     min     |     max     |
 | "#Digits   @ Raw/Prs/Digits"                    |         3 |       1014 |     338.00 |     61.106 |      253.00 |      394.00 |
MergedPi0Rec.Sp...SUCCESS Number of counters : 1
 |    Counter                                      |     #     |    sum     | mean/eff^* | rms/err^*  |     min     |     max     |
 | "#Digits   @ Raw/Spd/Digits"                    |         3 |        582 |     194.00 |     16.872 |      171.00 |      211.00 |
SinglePhotonRec...SUCCESS Number of counters : 1
 |    Counter                                      |     #     |    sum     | mean/eff^* | rms/err^*  |     min     |     max     |
 | "#Digits   @ Raw/Spd/Digits"                    |        10 |       1744 |     174.40 |     102.69 |      54.000 |      429.00 |
SinglePhotonRec...SUCCESS Number of counters : 1
 |    Counter                                      |     #     |    sum     | mean/eff^* | rms/err^*  |     min     |     max     |
 | "#Digits   @ Raw/Prs/Digits"                    |        10 |       2999 |     299.90 |     161.67 |      97.000 |      676.00 |
ToolSvc.OTChann...SUCCESS Exceptions/Errors/Warnings/Infos Statistics : 0/0/2/0
ToolSvc.OTChann...SUCCESS  #WARNINGS   = 1        Message = 'Updating OT channel map for bank version 3'
ToolSvc.OTChann...SUCCESS  #WARNINGS   = 1        Message = 'Updating OT channel map for bank version 63'
TimingAuditor.T...   INFO ------------------------------------------------------------------------------------------------
TimingAuditor.T...   INFO This machine has a speed about   1.62 times the speed of a 2.8 GHz Xeon.
TimingAuditor.T...   INFO Algorithm          (millisec) |    <user> |   <clock> |      min       max | entries | total (s) |
TimingAuditor.T...   INFO ------------------------------------------------------------------------------------------------
TimingAuditor.T...   INFO EVENT LOOP                    |  1915.509 |  2303.002 |  545.769    8030.1 |      10 |    23.030 |
TimingAuditor.T...   INFO  BrunelSequencer              |  1863.217 |  2197.257 |  506.016    7358.0 |      10 |    21.973 |
TimingAuditor.T...   INFO   Init                        |     7.499 |    33.499 |    5.939      94.3 |      10 |     0.335 |
TimingAuditor.T...   INFO    InitReprocSeq              |     0.100 |     0.056 |    0.023       0.3 |      10 |     0.001 |
TimingAuditor.T...   INFO     EventNodeKiller           |     0.100 |     0.047 |    0.017       0.2 |      10 |     0.000 |
TimingAuditor.T...   INFO    InitBrunelSeq              |     7.399 |    33.437 |    5.901      94.0 |      10 |     0.334 |
TimingAuditor.T...   INFO     BrunelInit                |     0.700 |     1.029 |    0.400       2.8 |      10 |     0.010 |
TimingAuditor.T...   INFO     BrunelEventCount          |     0.000 |     0.003 |    0.002       0.0 |      10 |     0.000 |
TimingAuditor.T...   INFO     BrunelBankKiller          |     6.699 |    32.391 |    5.378      91.2 |      10 |     0.324 |
TimingAuditor.T...   INFO   PhysicsSeq                  |  1854.318 |  2161.878 |  441.282    7259.3 |      10 |    21.619 |
TimingAuditor.T...   INFO    CaloBanksHandler           |     0.300 |     0.215 |    0.090       0.7 |      10 |     0.002 |
TimingAuditor.T...   INFO     PrsBanksHandler           |     0.200 |     0.128 |    0.061       0.6 |      10 |     0.001 |
TimingAuditor.T...   INFO      PrsCheckBanks            |     0.200 |     0.121 |    0.057       0.6 |      10 |     0.001 |
TimingAuditor.T...   INFO      PrsADCs                  |     0.000 |     0.000 |    0.000       0.0 |       0 |     0.000 |
TimingAuditor.T...   INFO      PrsL0Bit                 |     0.000 |     0.000 |    0.000       0.0 |       0 |     0.000 |
TimingAuditor.T...   INFO      SpdL0Bit                 |     0.000 |     0.000 |    0.000       0.0 |       0 |     0.000 |
TimingAuditor.T...   INFO      PrsSpdFillRawBuffer      |     0.000 |     0.000 |    0.000       0.0 |       0 |     0.000 |
TimingAuditor.T...   INFO      RemovePrsPackedBanks     |     0.000 |     0.000 |    0.000       0.0 |       0 |     0.000 |
TimingAuditor.T...   INFO     EcalBanksHandler          |     0.100 |     0.016 |    0.012       0.0 |      10 |     0.000 |
TimingAuditor.T...   INFO      EcalCheckBanks           |     0.100 |     0.012 |    0.009       0.0 |      10 |     0.000 |
TimingAuditor.T...   INFO      EcalADCs                 |     0.000 |     0.000 |    0.000       0.0 |       0 |     0.000 |
TimingAuditor.T...   INFO      EcalTrigFromRaw          |     0.000 |     0.000 |    0.000       0.0 |       0 |     0.000 |
TimingAuditor.T...   INFO      EcalFillRawBuffer        |     0.000 |     0.000 |    0.000       0.0 |       0 |     0.000 |
TimingAuditor.T...   INFO      RemoveEcalPackedBanks    |     0.000 |     0.000 |    0.000       0.0 |       0 |     0.000 |
TimingAuditor.T...   INFO     HcalBanksHandler          |     0.000 |     0.013 |    0.010       0.0 |      10 |     0.000 |
TimingAuditor.T...   INFO      HcalCheckBanks           |     0.000 |     0.009 |    0.007       0.0 |      10 |     0.000 |
TimingAuditor.T...   INFO      HcalADCs                 |     0.000 |     0.000 |    0.000       0.0 |       0 |     0.000 |
TimingAuditor.T...   INFO      HcalTrigFromRaw          |     0.000 |     0.000 |    0.000       0.0 |       0 |     0.000 |
TimingAuditor.T...   INFO      HcalFillRawBuffer        |     0.000 |     0.000 |    0.000       0.0 |       0 |     0.000 |
TimingAuditor.T...   INFO      RemoveHcalPackedBanks    |     0.000 |     0.000 |    0.000       0.0 |       0 |     0.000 |
TimingAuditor.T...   INFO    Reco                       |  1768.431 |  2066.407 |  407.761    7129.7 |      10 |    20.664 |
TimingAuditor.T...   INFO     RecoDecodingSeq           |     3.399 |    22.438 |    1.875     181.1 |      10 |     0.224 |
TimingAuditor.T...   INFO      DecodeVeloClusters       |     1.300 |    19.410 |    0.810     178.7 |      10 |     0.194 |
TimingAuditor.T...   INFO      CreateTTClusters         |     1.200 |     1.936 |    0.524      10.3 |      10 |     0.019 |
TimingAuditor.T...   INFO      CreateTTLiteClusters     |     0.100 |     0.300 |    0.181       1.0 |      10 |     0.003 |
TimingAuditor.T...   INFO      CreateITClusters         |     0.500 |     0.596 |    0.225       1.2 |      10 |     0.006 |
TimingAuditor.T...   INFO      CreateITLiteClusters     |     0.300 |     0.176 |    0.116       0.2 |      10 |     0.002 |
TimingAuditor.T...   INFO     RecoVELOSeq               |     5.199 |     5.288 |    2.250      11.2 |      10 |     0.053 |
TimingAuditor.T...   INFO      PatVeloRTracking         |     1.100 |     1.003 |    0.464       2.9 |      10 |     0.010 |
TimingAuditor.T...   INFO      PatVeloSpaceTracking     |     3.299 |     3.368 |    1.330       6.3 |      10 |     0.034 |
TimingAuditor.T...   INFO      PatVeloGeneralTracking   |     0.800 |     0.902 |    0.190       2.1 |      10 |     0.009 |
TimingAuditor.T...   INFO     RecoTTSeq                 |     0.000 |     0.003 |    0.002       0.0 |      10 |     0.000 |
TimingAuditor.T...   INFO     RecoITSeq                 |     0.000 |     0.002 |    0.001       0.0 |      10 |     0.000 |
TimingAuditor.T...   INFO     RecoOTSeq                 |     0.000 |     0.002 |    0.001       0.0 |      10 |     0.000 |
TimingAuditor.T...   INFO     RecoTrSeq                 |  1136.727 |  1318.150 |  334.076    5096.4 |      10 |    13.182 |
TimingAuditor.T...   INFO      Track                    |  1136.727 |  1318.145 |  334.071    5096.4 |      10 |    13.181 |
TimingAuditor.T...   INFO       TrackForwardPatSeq      |    19.997 |    20.647 |    4.015      80.9 |      10 |     0.206 |
TimingAuditor.T...   INFO        PatForward             |    19.997 |    20.638 |    4.008      80.9 |      10 |     0.206 |
TimingAuditor.T...   INFO       TrackForwardFitSeq      |   482.527 |   579.346 |   51.318    4383.8 |      10 |     5.793 |
TimingAuditor.T...   INFO        InitForwardFit         |     4.999 |     4.829 |    1.670       8.5 |      10 |     0.048 |
TimingAuditor.T...   INFO        FitForward             |   477.528 |   574.499 |   49.631    4377.4 |      10 |     5.745 |
TimingAuditor.T...   INFO       TrackSeedPatSeq         |    31.395 |    31.150 |    5.412     117.7 |      10 |     0.311 |
TimingAuditor.T...   INFO        TsaSeed                |    30.695 |    30.606 |    5.229     116.8 |      10 |     0.306 |
TimingAuditor.T...   INFO        TsaSeedTrackCnv        |     0.700 |     0.523 |    0.169       1.3 |      10 |     0.005 |
TimingAuditor.T...   INFO       TrackSeedFitSeq         |   102.384 |   105.001 |   30.358     221.0 |      10 |     1.050 |
TimingAuditor.T...   INFO        InitSeedFit            |     4.099 |     4.259 |    1.706       9.8 |      10 |     0.043 |
TimingAuditor.T...   INFO        FitSeedForMatch        |    98.285 |   100.726 |   28.638     211.1 |      10 |     1.007 |
TimingAuditor.T...   INFO       TrackMatchPatSeq        |     6.599 |     6.764 |    2.280      15.3 |      10 |     0.068 |
TimingAuditor.T...   INFO        TrackMatch             |     6.599 |     6.755 |    2.273      15.2 |      10 |     0.068 |
TimingAuditor.T...   INFO       TrackMatchFitSeq        |   126.681 |   139.301 |   44.317     352.3 |      10 |     1.393 |
TimingAuditor.T...   INFO        InitMatchFit           |     4.499 |     4.538 |    1.471       8.0 |      10 |     0.045 |
TimingAuditor.T...   INFO        FitMatch               |   122.082 |   134.746 |   42.830     344.3 |      10 |     1.347 |
TimingAuditor.T...   INFO       TrackDownstreamPatSeq   |     3.299 |     3.441 |    0.759      10.3 |      10 |     0.034 |
TimingAuditor.T...   INFO        PatDownstream          |     3.299 |     3.434 |    0.753      10.3 |      10 |     0.034 |
TimingAuditor.T...   INFO       TrackDownstreamFitSeq   |   155.676 |   179.996 |   48.653     422.0 |      10 |     1.800 |
TimingAuditor.T...   INFO        InitDownstreamFit      |     5.099 |    11.898 |    1.899      77.6 |      10 |     0.119 |
TimingAuditor.T...   INFO        FitDownstream          |   150.577 |   168.081 |   46.741     353.4 |      10 |     1.681 |
TimingAuditor.T...   INFO       TrackVeloTTPatSeq       |    20.797 |    22.353 |    4.812      54.6 |      10 |     0.224 |
TimingAuditor.T...   INFO        PatVeloTT              |    20.797 |    22.342 |    4.803      54.6 |      10 |     0.223 |
TimingAuditor.T...   INFO       TrackVeloTTFitSeq       |    23.196 |    42.600 |    8.925     207.5 |      10 |     0.426 |
TimingAuditor.T...   INFO        InitVeloTTFit          |     0.800 |     0.839 |    0.246       2.3 |      10 |     0.008 |
TimingAuditor.T...   INFO        FitVeloTT              |    22.396 |    41.746 |    8.606     206.6 |      10 |     0.417 |
TimingAuditor.T...   INFO       TrackSeedRefitSeq       |    80.888 |    96.074 |   26.431     306.1 |      10 |     0.961 |
TimingAuditor.T...   INFO        InitSeedRefit          |     5.500 |     6.183 |    2.103      12.0 |      10 |     0.062 |
TimingAuditor.T...   INFO        RefitSeed              |    75.388 |    89.872 |   24.312     296.5 |      10 |     0.899 |
TimingAuditor.T...   INFO       TrackPostFitSeq         |     6.899 |     6.811 |    2.085      14.3 |      10 |     0.068 |
TimingAuditor.T...   INFO        TrackEventCloneKiller  |     6.799 |     6.800 |    2.078      14.3 |      10 |     0.068 |
TimingAuditor.T...   INFO       TrackVeloFitSeq         |    37.594 |    37.444 |   16.931      68.3 |      10 |     0.374 |
TimingAuditor.T...   INFO        TrackPrepareVelo       |     0.400 |     0.317 |    0.089       0.9 |      10 |     0.003 |
TimingAuditor.T...   INFO        FitVelo                |    35.895 |    36.071 |   16.392      65.7 |      10 |     0.361 |
TimingAuditor.T...   INFO        CopyVelo               |     1.200 |     1.033 |    0.427       1.8 |      10 |     0.010 |
TimingAuditor.T...   INFO       TrackAddExtraInfoSeq    |    38.294 |    47.040 |   17.005     132.8 |      10 |     0.470 |
TimingAuditor.T...   INFO        TrackClonesSeq         |     6.799 |    14.080 |    1.838      78.1 |      10 |     0.141 |
TimingAuditor.T...   INFO         FindTrackClones       |     6.299 |    13.432 |    1.451      78.0 |      10 |     0.134 |
TimingAuditor.T...   INFO         FlagTrackClones       |     0.500 |     0.627 |    0.045       3.4 |      10 |     0.006 |
TimingAuditor.T...   INFO        TrackAddLikelihood     |    26.396 |    27.166 |    9.410      54.4 |      10 |     0.272 |
TimingAuditor.T...   INFO        TrackAddNNGhostId      |     5.099 |     5.770 |    2.880       9.9 |      10 |     0.058 |
TimingAuditor.T...   INFO       TrackEraseExtraInformati|     0.000 |     0.074 |    0.036       0.2 |      10 |     0.001 |
TimingAuditor.T...   INFO        TrackEraseExtraInfo    |     0.000 |     0.069 |    0.031       0.1 |      10 |     0.001 |
TimingAuditor.T...   INFO     RecoVertexSeq             |     5.299 |     5.015 |    0.821      14.7 |      10 |     0.050 |
TimingAuditor.T...   INFO      PatPVOffline             |     2.699 |     2.373 |    0.598       9.4 |      10 |     0.024 |
TimingAuditor.T...   INFO      TrackV0Finder            |     2.600 |     2.629 |    0.135       8.6 |      10 |     0.026 |
TimingAuditor.T...   INFO     RecoRICHSeq               |   363.345 |   427.041 |   56.584    1441.8 |      10 |     4.270 |
TimingAuditor.T...   INFO      RichRecInitOfflineSeq    |   197.470 |   242.833 |   37.957     722.3 |      10 |     2.428 |
TimingAuditor.T...   INFO       CheckProcOfflineStatus  |     0.100 |     0.145 |    0.045       0.9 |      10 |     0.001 |
TimingAuditor.T...   INFO       RichOfflinePixelsSeq    |     9.298 |     9.782 |    3.895      22.8 |      10 |     0.098 |
TimingAuditor.T...   INFO        DecodeRawRichOffline   |     1.400 |     1.423 |    0.399       8.0 |      10 |     0.014 |
TimingAuditor.T...   INFO        CreateOfflinePixels    |     7.799 |     8.338 |    3.437      14.8 |      10 |     0.083 |
TimingAuditor.T...   INFO       RichOfflineTracksSeq    |    39.694 |    47.098 |   13.330     135.5 |      10 |     0.471 |
TimingAuditor.T...   INFO        CreateOfflineTracks    |    39.694 |    47.083 |   13.319     135.4 |      10 |     0.471 |
TimingAuditor.T...   INFO       RichOfflinePhotonsSeq   |   148.278 |   185.773 |   19.117     612.2 |      10 |     1.858 |
TimingAuditor.T...   INFO        CreateOfflinePhotons   |   148.278 |   185.757 |   19.107     612.2 |      10 |     1.858 |
TimingAuditor.T...   INFO      RichOfflineENNRingFinderS|     6.299 |     7.474 |    0.884      20.8 |      10 |     0.075 |
TimingAuditor.T...   INFO       OfflineENNFinderR1GasTop|     1.100 |     1.027 |    0.190       2.9 |      10 |     0.010 |
TimingAuditor.T...   INFO       OfflineENNFinderR1GasBot|     1.100 |     1.274 |    0.084       5.5 |      10 |     0.013 |
TimingAuditor.T...   INFO       OfflineENNFinderR2GasLef|     1.600 |     2.778 |    0.237      14.1 |      10 |     0.028 |
TimingAuditor.T...   INFO       OfflineENNFinderR2GasRig|     1.400 |     1.439 |    0.056       3.9 |      10 |     0.014 |
TimingAuditor.T...   INFO       OfflineENNRingsSegAssoc |     0.200 |     0.232 |    0.015       1.8 |      10 |     0.002 |
TimingAuditor.T...   INFO       OfflineBestENNRings     |     0.200 |     0.211 |    0.027       1.3 |      10 |     0.002 |
TimingAuditor.T...   INFO       OfflineIsolatedENNRings |     0.600 |     0.455 |    0.025       1.2 |      10 |     0.005 |
TimingAuditor.T...   INFO      RichOfflinePIDSeq        |   159.476 |   176.717 |   13.784     741.1 |      10 |     1.767 |
TimingAuditor.T...   INFO       RichOfflineGPIDSeq      |   159.476 |   176.523 |   13.717     740.9 |      10 |     1.765 |
TimingAuditor.T...   INFO        RichOfflineGPIDInitSeq |     0.100 |     0.371 |    0.148       1.6 |      10 |     0.004 |
TimingAuditor.T...   INFO         RichOfflineGPIDInit   |     0.000 |     0.002 |    0.002       0.0 |      10 |     0.000 |
TimingAuditor.T...   INFO         RichOfflineGPIDDigSel |     0.000 |     0.038 |    0.008       0.3 |      10 |     0.000 |
TimingAuditor.T...   INFO         RichOfflineGPIDTrSel  |     0.100 |     0.299 |    0.117       1.2 |      10 |     0.003 |
TimingAuditor.T...   INFO        RichOfflineGPIDLLSeq   |   159.276 |   175.131 |   13.527     740.5 |      10 |     1.751 |
TimingAuditor.T...   INFO         RichOfflineBckEstIt0  |     1.000 |     0.826 |    0.304       2.0 |      10 |     0.008 |
TimingAuditor.T...   INFO         RichOfflineGPIDLLIt0  |    79.988 |    94.219 |    9.872     281.8 |      10 |     0.942 |
TimingAuditor.T...   INFO         RichOfflineBckEstIt1  |     1.200 |     1.216 |    0.272       3.4 |      10 |     0.012 |
TimingAuditor.T...   INFO         RichOfflineGPIDLLIt1  |    77.088 |    78.826 |    3.055     455.5 |      10 |     0.788 |
TimingAuditor.T...   INFO        RichOfflineGPIDFin     |     0.100 |     0.998 |    0.027       8.7 |      10 |     0.010 |
TimingAuditor.T...   INFO       MergeOfflineRichPIDs    |     0.000 |     0.178 |    0.055       0.8 |      10 |     0.002 |
TimingAuditor.T...   INFO     RecoCALOSeq               |    23.597 |    32.884 |    8.128     119.1 |      10 |     0.329 |
TimingAuditor.T...   INFO      CaloRecoSeq              |    14.998 |    16.470 |    5.601      43.4 |      10 |     0.165 |
TimingAuditor.T...   INFO       CaloDigits              |     1.700 |     1.619 |    0.721       3.9 |      10 |     0.016 |
TimingAuditor.T...   INFO        SpdFromRaw             |     0.600 |     0.455 |    0.119       2.2 |      10 |     0.005 |
TimingAuditor.T...   INFO        PrsFromRaw             |     0.400 |     0.316 |    0.140       0.7 |      10 |     0.003 |
TimingAuditor.T...   INFO        EcalZSup               |     0.700 |     0.672 |    0.316       1.1 |      10 |     0.007 |
TimingAuditor.T...   INFO        HcalZSup               |     0.000 |     0.150 |    0.093       0.2 |      10 |     0.001 |
TimingAuditor.T...   INFO       ClusterReco             |     3.999 |     4.204 |    1.369       9.5 |      10 |     0.042 |
TimingAuditor.T...   INFO        EcalClust              |     2.400 |     2.285 |    0.683       6.6 |      10 |     0.023 |
TimingAuditor.T...   INFO        EcalShare              |     0.800 |     1.091 |    0.246       2.4 |      10 |     0.011 |
TimingAuditor.T...   INFO        EcalCovar              |     0.800 |     0.802 |    0.295       2.2 |      10 |     0.008 |
TimingAuditor.T...   INFO       PhotonReco              |     6.499 |     7.797 |    2.170      25.7 |      10 |     0.078 |
TimingAuditor.T...   INFO        CaloTrackMatch         |     3.500 |     3.843 |    0.756      13.7 |      10 |     0.038 |
TimingAuditor.T...   INFO         InECAL                |     0.900 |     1.300 |    0.307       5.2 |      10 |     0.013 |
TimingAuditor.T...   INFO         ClusterMatch          |     2.600 |     2.524 |    0.297       8.4 |      10 |     0.025 |
TimingAuditor.T...   INFO        SinglePhotonRec        |     3.000 |     3.934 |    1.332      12.0 |      10 |     0.039 |
TimingAuditor.T...   INFO       MergedPi0Reco           |     0.400 |     0.400 |    0.090       1.7 |      10 |     0.004 |
TimingAuditor.T...   INFO        MergedPi0Rec           |     0.400 |     0.338 |    0.068       1.5 |      10 |     0.003 |
TimingAuditor.T...   INFO        PhotonFromMergedRec    |     0.000 |     0.047 |    0.007       0.2 |      10 |     0.000 |
TimingAuditor.T...   INFO       ElectronReco            |     2.400 |     2.432 |    0.622       5.0 |      10 |     0.024 |
TimingAuditor.T...   INFO        ElectronHypoRec        |     2.400 |     2.421 |    0.613       4.9 |      10 |     0.024 |
TimingAuditor.T...   INFO      CaloPIDsSeq              |     8.599 |    16.403 |    2.127      94.0 |      10 |     0.164 |
TimingAuditor.T...   INFO       CaloPIDs                |     8.599 |    16.398 |    2.123      94.0 |      10 |     0.164 |
TimingAuditor.T...   INFO        InCaloAcceptance       |     1.500 |     1.323 |    0.530       2.5 |      10 |     0.013 |
TimingAuditor.T...   INFO         InSPD                 |     0.600 |     0.540 |    0.157       1.2 |      10 |     0.005 |
TimingAuditor.T...   INFO         InPRS                 |     0.400 |     0.288 |    0.107       0.5 |      10 |     0.003 |
TimingAuditor.T...   INFO         InHCAL                |     0.300 |     0.278 |    0.122       0.4 |      10 |     0.003 |
TimingAuditor.T...   INFO         InBREM                |     0.200 |     0.190 |    0.068       0.4 |      10 |     0.002 |
TimingAuditor.T...   INFO        CaloMatch              |     4.699 |    12.817 |    0.383      89.2 |      10 |     0.128 |
TimingAuditor.T...   INFO         ElectronMatch         |     3.099 |     3.013 |    0.166       9.9 |      10 |     0.030 |
TimingAuditor.T...   INFO         BremMatch             |     1.600 |     9.784 |    0.168      84.5 |      10 |     0.098 |
TimingAuditor.T...   INFO        CaloEnergy             |     1.400 |     1.552 |    0.579       4.5 |      10 |     0.016 |
TimingAuditor.T...   INFO         SpdE                  |     0.500 |     0.512 |    0.101       3.2 |      10 |     0.005 |
TimingAuditor.T...   INFO         PrsE                  |     0.000 |     0.181 |    0.080       0.3 |      10 |     0.002 |
TimingAuditor.T...   INFO         EcalE                 |     0.400 |     0.419 |    0.180       0.8 |      10 |     0.004 |
TimingAuditor.T...   INFO         HcalE                 |     0.400 |     0.414 |    0.193       0.8 |      10 |     0.004 |
TimingAuditor.T...   INFO        CaloDLLs               |     1.000 |     0.683 |    0.396       1.8 |      10 |     0.007 |
TimingAuditor.T...   INFO         EcalChi22ID           |     0.100 |     0.128 |    0.045       0.6 |      10 |     0.001 |
TimingAuditor.T...   INFO         BremChi22ID           |     0.100 |     0.054 |    0.032       0.1 |      10 |     0.001 |
TimingAuditor.T...   INFO         ClusChi22ID           |     0.100 |     0.119 |    0.044       0.5 |      10 |     0.001 |
TimingAuditor.T...   INFO         PrsPIDe               |     0.000 |     0.064 |    0.042       0.1 |      10 |     0.001 |
TimingAuditor.T...   INFO         EcalPIDe              |     0.000 |     0.059 |    0.034       0.1 |      10 |     0.001 |
TimingAuditor.T...   INFO         BremPIDe              |     0.100 |     0.056 |    0.031       0.1 |      10 |     0.001 |
TimingAuditor.T...   INFO         HcalPIDe              |     0.000 |     0.048 |    0.034       0.1 |      10 |     0.000 |
TimingAuditor.T...   INFO         EcalPIDmu             |     0.400 |     0.055 |    0.037       0.1 |      10 |     0.001 |
TimingAuditor.T...   INFO         HcalPIDmu             |     0.000 |     0.048 |    0.035       0.1 |      10 |     0.000 |
TimingAuditor.T...   INFO     RecoMUONSeq               |   224.266 |   249.043 |    1.130    1658.6 |      10 |     2.490 |
TimingAuditor.T...   INFO      MuonRec                  |     0.400 |     0.775 |    0.230       3.7 |      10 |     0.008 |
TimingAuditor.T...   INFO      MuonIDSeq                |   223.866 |   248.260 |    0.893    1654.9 |      10 |     2.483 |
TimingAuditor.T...   INFO       MuonIDAlg               |   223.866 |   248.251 |    0.888    1654.9 |      10 |     2.483 |
TimingAuditor.T...   INFO     RecoPROTOSeq              |     6.599 |     6.507 |    1.403      30.7 |      10 |     0.065 |
TimingAuditor.T...   INFO      ChargedProtoParticles    |     3.400 |     3.412 |    0.908      11.4 |      10 |     0.034 |
TimingAuditor.T...   INFO       ChargedProtoPMaker      |     0.600 |     0.624 |    0.109       4.5 |      10 |     0.006 |
TimingAuditor.T...   INFO       ChargedProtoPAddEcal    |     1.900 |     1.820 |    0.318       4.6 |      10 |     0.018 |
TimingAuditor.T...   INFO       ChargedProtoPAddBrem    |     0.300 |     0.316 |    0.103       0.7 |      10 |     0.003 |
TimingAuditor.T...   INFO       ChargedProtoPAddHcal    |     0.100 |     0.114 |    0.066       0.3 |      10 |     0.001 |
TimingAuditor.T...   INFO       ChargedProtoPAddPrs     |     0.200 |     0.102 |    0.052       0.4 |      10 |     0.001 |
TimingAuditor.T...   INFO       ChargedProtoPAddSpd     |     0.100 |     0.073 |    0.040       0.2 |      10 |     0.001 |
TimingAuditor.T...   INFO       ChargedProtoPAddVeloDEDX|     0.200 |     0.337 |    0.114       0.7 |      10 |     0.003 |
TimingAuditor.T...   INFO      NeutralProtoParticles    |     3.199 |     3.089 |    0.490      19.2 |      10 |     0.031 |
TimingAuditor.T...   INFO       NeutralProtoPMaker      |     3.199 |     3.082 |    0.485      19.2 |      10 |     0.031 |
TimingAuditor.T...   INFO    Moni                       |    85.587 |    95.243 |   33.398     226.6 |      10 |     0.952 |
TimingAuditor.T...   INFO     MoniCALOSeq               |    18.697 |    19.156 |    9.538      37.5 |      10 |     0.192 |
TimingAuditor.T...   INFO      CaloDigitsMoni           |    12.698 |    12.941 |    6.691      27.1 |      10 |     0.129 |
TimingAuditor.T...   INFO       EcalDigitMon            |     4.699 |     4.695 |    1.930       8.9 |      10 |     0.047 |
TimingAuditor.T...   INFO       HcalDigitMon            |     1.200 |     1.421 |    0.661       2.6 |      10 |     0.014 |
TimingAuditor.T...   INFO       PrsDigitMon             |     1.500 |     1.682 |    0.570       3.7 |      10 |     0.017 |
TimingAuditor.T...   INFO       SpdDigitMon             |     0.900 |     0.747 |    0.248       1.8 |      10 |     0.007 |
TimingAuditor.T...   INFO       SpdMon                  |     4.399 |     4.366 |    1.315      10.6 |      10 |     0.044 |
TimingAuditor.T...   INFO      CaloEFlowMoni            |     0.700 |     0.814 |    0.333       1.5 |      10 |     0.008 |
TimingAuditor.T...   INFO       EcalEFlowMon            |     0.600 |     0.806 |    0.324       1.5 |      10 |     0.008 |
TimingAuditor.T...   INFO      CaloClustersMoni         |     1.600 |     1.379 |    0.296       7.2 |      10 |     0.014 |
TimingAuditor.T...   INFO       EcalClusterMon          |     0.900 |     0.679 |    0.271       1.3 |      10 |     0.007 |
TimingAuditor.T...   INFO       EcalSplitClusterMon     |     0.700 |     0.687 |    0.012       6.6 |      10 |     0.007 |
TimingAuditor.T...   INFO      CaloHyposMoni            |     0.899 |     1.053 |    0.340       1.9 |      10 |     0.011 |
TimingAuditor.T...   INFO       ElectronMon             |     0.400 |     0.429 |    0.081       1.1 |      10 |     0.004 |
TimingAuditor.T...   INFO       PhotonMon               |     0.400 |     0.555 |    0.200       1.1 |      10 |     0.006 |
TimingAuditor.T...   INFO       SplitPhotonMon          |     0.100 |     0.029 |    0.010       0.1 |      10 |     0.000 |
TimingAuditor.T...   INFO       MergedPi0Mon            |     0.000 |     0.019 |    0.008       0.0 |      10 |     0.000 |
TimingAuditor.T...   INFO      ResolvedPi0Mon           |     1.100 |     1.053 |    0.474       1.7 |      10 |     0.011 |
TimingAuditor.T...   INFO      CaloPIDsMoni             |     1.600 |     1.896 |    0.568       4.4 |      10 |     0.019 |
TimingAuditor.T...   INFO       PhotonMatchMon          |     0.600 |     0.600 |    0.141       1.9 |      10 |     0.006 |
TimingAuditor.T...   INFO       ElectronMatchMon        |     0.100 |     0.143 |    0.036       0.4 |      10 |     0.001 |
TimingAuditor.T...   INFO       BremMatchMon            |     0.300 |     0.311 |    0.055       1.1 |      10 |     0.003 |
TimingAuditor.T...   INFO       CaloPIDMon              |     0.600 |     0.796 |    0.205       2.9 |      10 |     0.008 |
TimingAuditor.T...   INFO     MoniRICHSeq               |     0.000 |     0.008 |    0.007       0.0 |      10 |     0.000 |
TimingAuditor.T...   INFO      RichRawMoni              |     0.000 |     0.004 |    0.004       0.0 |      10 |     0.000 |
TimingAuditor.T...   INFO     MoniMUONSeq               |     0.600 |     0.585 |    0.136       3.1 |      10 |     0.006 |
TimingAuditor.T...   INFO      MuonPIDMonitor           |     0.600 |     0.580 |    0.131       3.1 |      10 |     0.006 |
TimingAuditor.T...   INFO     MoniVELOSeq               |     0.000 |     0.002 |    0.001       0.0 |      10 |     0.000 |
TimingAuditor.T...   INFO     MoniTrSeq                 |    51.592 |    60.456 |   14.050     163.6 |      10 |     0.605 |
TimingAuditor.T...   INFO      TrackMonitor             |    15.797 |    16.000 |    7.581      33.2 |      10 |     0.160 |
TimingAuditor.T...   INFO      TrackVertexMonitor       |     1.900 |     1.889 |    0.731       5.9 |      10 |     0.019 |
TimingAuditor.T...   INFO      TrackFitMatchMonitor     |     2.099 |     2.042 |    0.566       5.0 |      10 |     0.020 |
TimingAuditor.T...   INFO      TrackV0Monitor           |     0.100 |     0.175 |    0.015       1.0 |      10 |     0.002 |
TimingAuditor.T...   INFO      TrackDiMuonMonitor       |     0.100 |     0.197 |    0.038       1.4 |      10 |     0.002 |
TimingAuditor.T...   INFO      TrackAlignMonitor        |     2.800 |     2.757 |    1.259       4.8 |      10 |     0.028 |
TimingAuditor.T...   INFO      TrackEcalMatchMonitor    |     0.300 |     0.299 |    0.083       0.8 |      10 |     0.003 |
TimingAuditor.T...   INFO      TrackSpdMatchMonitor     |     0.500 |     0.470 |    0.112       1.6 |      10 |     0.005 |
TimingAuditor.T...   INFO      TrackPrsMatchMonitor     |     0.800 |     0.701 |    0.145       2.5 |      10 |     0.007 |
TimingAuditor.T...   INFO      TrackMuonMatchMonitor    |    27.096 |    35.880 |    2.419     114.2 |      10 |     0.359 |
TimingAuditor.T...   INFO     MoniOTSeq                 |    12.798 |    12.916 |    5.639      33.6 |      10 |     0.129 |
TimingAuditor.T...   INFO      OTTrackMonitor           |     6.199 |     6.392 |    3.045      13.6 |      10 |     0.064 |
TimingAuditor.T...   INFO      OTHitEfficiencyMonitor   |     5.799 |     5.888 |    1.508      25.8 |      10 |     0.059 |
TimingAuditor.T...   INFO      OTTimeMonitor            |     0.800 |     0.613 |    0.196       1.3 |      10 |     0.006 |
TimingAuditor.T...   INFO     MoniSTSeq                 |     1.300 |     1.508 |    0.593       4.7 |      10 |     0.015 |
TimingAuditor.T...   INFO      TTClusterMonitor         |     1.000 |     1.033 |    0.438       3.8 |      10 |     0.010 |
TimingAuditor.T...   INFO      ITClusterMonitor         |     0.300 |     0.467 |    0.147       0.9 |      10 |     0.005 |
TimingAuditor.T...   INFO     MoniPROTOSeq              |     0.600 |     0.590 |    0.221       1.5 |      10 |     0.006 |
TimingAuditor.T...   INFO      ChargedProtoPMoni        |     0.600 |     0.585 |    0.216       1.5 |      10 |     0.006 |
TimingAuditor.T...   INFO   Output                      |     1.400 |     1.863 |    0.792       4.3 |      10 |     0.019 |
TimingAuditor.T...   INFO    OutputDSTSeq               |     1.400 |     1.858 |    0.789       4.3 |      10 |     0.019 |
TimingAuditor.T...   INFO     TrackToDST                |     0.400 |     0.372 |    0.144       0.8 |      10 |     0.004 |
TimingAuditor.T...   INFO     PackDST                   |     1.000 |     1.479 |    0.603       4.0 |      10 |     0.015 |
TimingAuditor.T...   INFO      PackTracks               |     0.700 |     0.492 |    0.214       1.4 |      10 |     0.005 |
TimingAuditor.T...   INFO      PackRichPIDs             |     0.100 |     0.096 |    0.057       0.4 |      10 |     0.001 |
TimingAuditor.T...   INFO      PackMuonPIDs             |     0.000 |     0.069 |    0.037       0.3 |      10 |     0.001 |
TimingAuditor.T...   INFO      CaloPacking              |     0.000 |     0.194 |    0.115       0.4 |      10 |     0.002 |
TimingAuditor.T...   INFO       PackPhotons             |     0.000 |     0.094 |    0.042       0.3 |      10 |     0.001 |
TimingAuditor.T...   INFO       PackElectrons           |     0.000 |     0.044 |    0.022       0.1 |      10 |     0.000 |
TimingAuditor.T...   INFO       PackMergedPi0s          |     0.000 |     0.021 |    0.016       0.0 |      10 |     0.000 |
TimingAuditor.T...   INFO       PackSplitPhotons        |     0.000 |     0.023 |    0.016       0.0 |      10 |     0.000 |
TimingAuditor.T...   INFO      PackChargedProtos        |     0.100 |     0.100 |    0.041       0.5 |      10 |     0.001 |
TimingAuditor.T...   INFO      PackNeutralProtos        |     0.000 |     0.044 |    0.025       0.1 |      10 |     0.000 |
TimingAuditor.T...   INFO      PackRecVertex            |     0.000 |     0.045 |    0.027       0.2 |      10 |     0.000 |
TimingAuditor.T...   INFO      PackTwoProngVertex       |     0.000 |     0.042 |    0.015       0.2 |      10 |     0.000 |
TimingAuditor.T...   INFO      PackMuonTracks           |     0.100 |     0.371 |    0.019       3.4 |      10 |     0.004 |
TimingAuditor.T...   INFO  FSRWriter                    |     0.000 |     0.002 |    0.001       0.0 |      10 |     0.000 |
TimingAuditor.T...   INFO  DstWriter                    |    40.894 |    54.112 |    3.617     488.5 |      10 |     0.541 |
TimingAuditor.T...   INFO ------------------------------------------------------------------------------------------------
ApplicationMgr       INFO Application Manager Finalized successfully
ApplicationMgr       INFO Application Manager Terminated successfully
