+++ Opened new output file ROOTIO.merge.dst.
+++ Start merging input file:ROOTIO.1.dst
+++ Copy Tree:Event 0
+++ Created new Tree Event.
+++ Copy Tree:FileRecords 0
+++ Created new Tree FileRecords.
+++ section ['Containers'][0]                                       Start:       0 ...        8 [8 entries]
+++ section ['Databases'][0]                                        Start:       0 ...        1 [1 entries]
+++ section ['Links'][0]                                            Start:       0 ...       14 [14 entries]
+++ section ['_Event.'][0]                                          Start:       0 ...      500 [500 entries]
+++ section ['_Event_Collision_0.'][0]                              Start:       0 ...      500 [500 entries]
+++ section ['_Event_Collision_0_MyVertices.'][0]                   Start:       0 ...      500 [500 entries]
+++ section ['_Event_Collision_0_MyVertices_R.'][0]                 Start:       0 ...      500 [500 entries]
+++ section ['_Event_Collision_0_R.'][0]                            Start:       0 ...      500 [500 entries]
+++ section ['_Event_Collision_1.'][0]                              Start:       0 ...      500 [500 entries]
+++ section ['_Event_Collision_1_R.'][0]                            Start:       0 ...      500 [500 entries]
+++ section ['_Event_Collision_2.'][0]                              Start:       0 ...      500 [500 entries]
+++ section ['_Event_Collision_2_R.'][0]                            Start:       0 ...      500 [500 entries]
+++ section ['_Event_Header.'][0]                                   Start:       0 ...      500 [500 entries]
+++ section ['_Event_Header_R.'][0]                                 Start:       0 ...      500 [500 entries]
+++ section ['_Event_MyTracks.'][0]                                 Start:       0 ...      500 [500 entries]
+++ section ['_Event_R.'][0]                                        Start:       0 ...      500 [500 entries]
+++ section ['_FileRecords.'][0]                                    Start:       0 ...        1 [1 entries]
+++ section ['_FileRecords_EvtCount.'][0]                           Start:       0 ...        1 [1 entries]
+++ section ['_FileRecords_EvtCount_R.'][0]                         Start:       0 ...        1 [1 entries]
+++ section ['_FileRecords_R.'][0]                                  Start:       0 ...        1 [1 entries]
+++ section ['_FileRecords_SumCount.'][0]                           Start:       0 ...        1 [1 entries]
+++ Added 22 Sections entries with 891 bytes in total.
+++ Closing merge file.
TFile**		ROOTIO.merge.dst
 TFile*		ROOTIO.merge.dst
  OBJ: TTree	Sections	Root Section data : 0 at: 0x1b92f50
  OBJ: TTree	Refs	Root Section data : 0 at: 0x1b93330
  KEY: TTree	Event;1	Root data for Gaudi
  KEY: TTree	FileRecords;1	Root data for Gaudi
  KEY: TTree	Refs;2	Root Section data
  KEY: TTree	Sections;2	Root Section data
+++ Start merging input file:ROOTIO.2.dst
+++ Copy Tree:Event 0
+++ Merged tree: Event res=1
+++ Copy Tree:FileRecords 0
+++ Merged tree: FileRecords res=1
+++ section ['Containers'][0]                                       Start:       8 ...       16 [8 entries]
+++ section ['Databases'][0]                                        Start:       1 ...        2 [1 entries]
+++ section ['Links'][0]                                            Start:      14 ...       28 [14 entries]
+++ section ['_Event.'][0]                                          Start:     500 ...     1000 [500 entries]
+++ section ['_Event_Collision_0.'][0]                              Start:     500 ...     1000 [500 entries]
+++ section ['_Event_Collision_0_MyVertices.'][0]                   Start:     500 ...     1000 [500 entries]
+++ section ['_Event_Collision_0_MyVertices_R.'][0]                 Start:     500 ...     1000 [500 entries]
+++ section ['_Event_Collision_0_R.'][0]                            Start:     500 ...     1000 [500 entries]
+++ section ['_Event_Collision_1.'][0]                              Start:     500 ...     1000 [500 entries]
+++ section ['_Event_Collision_1_R.'][0]                            Start:     500 ...     1000 [500 entries]
+++ section ['_Event_Collision_2.'][0]                              Start:     500 ...     1000 [500 entries]
+++ section ['_Event_Collision_2_R.'][0]                            Start:     500 ...     1000 [500 entries]
+++ section ['_Event_Header.'][0]                                   Start:     500 ...     1000 [500 entries]
+++ section ['_Event_Header_R.'][0]                                 Start:     500 ...     1000 [500 entries]
+++ section ['_Event_MyTracks.'][0]                                 Start:     500 ...     1000 [500 entries]
+++ section ['_Event_R.'][0]                                        Start:     500 ...     1000 [500 entries]
+++ section ['_FileRecords.'][0]                                    Start:       1 ...        2 [1 entries]
+++ section ['_FileRecords_EvtCount.'][0]                           Start:       1 ...        2 [1 entries]
+++ section ['_FileRecords_EvtCount_R.'][0]                         Start:       1 ...        2 [1 entries]
+++ section ['_FileRecords_R.'][0]                                  Start:       1 ...        2 [1 entries]
+++ section ['_FileRecords_SumCount.'][0]                           Start:       1 ...        2 [1 entries]
+++ Added 22 Sections entries with 918 bytes in total.
+++ Closing merge file.
TFile**		ROOTIO.merge.dst
 TFile*		ROOTIO.merge.dst
  OBJ: TTree	Refs	Root Section data : 0 at: 0x1b932a0
  OBJ: TTree	Sections	Root Section data : 0 at: 0x1e4dcf0
  KEY: TTree	Event;2	Root data for Gaudi
  KEY: TTree	FileRecords;2	Root data for Gaudi
  KEY: TTree	Refs;4	Root Section data
  KEY: TTree	Sections;4	Root Section data
+++ Start merging input file:ROOTIO.3.dst
+++ Copy Tree:Event 0
+++ Merged tree: Event res=1
+++ Copy Tree:FileRecords 0
+++ Merged tree: FileRecords res=1
+++ section ['Containers'][0]                                       Start:      16 ...       24 [8 entries]
+++ section ['Databases'][0]                                        Start:       2 ...        3 [1 entries]
+++ section ['Links'][0]                                            Start:      28 ...       42 [14 entries]
+++ section ['_Event.'][0]                                          Start:    1000 ...     1500 [500 entries]
+++ section ['_Event_Collision_0.'][0]                              Start:    1000 ...     1500 [500 entries]
+++ section ['_Event_Collision_0_MyVertices.'][0]                   Start:    1000 ...     1500 [500 entries]
+++ section ['_Event_Collision_0_MyVertices_R.'][0]                 Start:    1000 ...     1500 [500 entries]
+++ section ['_Event_Collision_0_R.'][0]                            Start:    1000 ...     1500 [500 entries]
+++ section ['_Event_Collision_1.'][0]                              Start:    1000 ...     1500 [500 entries]
+++ section ['_Event_Collision_1_R.'][0]                            Start:    1000 ...     1500 [500 entries]
+++ section ['_Event_Collision_2.'][0]                              Start:    1000 ...     1500 [500 entries]
+++ section ['_Event_Collision_2_R.'][0]                            Start:    1000 ...     1500 [500 entries]
+++ section ['_Event_Header.'][0]                                   Start:    1000 ...     1500 [500 entries]
+++ section ['_Event_Header_R.'][0]                                 Start:    1000 ...     1500 [500 entries]
+++ section ['_Event_MyTracks.'][0]                                 Start:    1000 ...     1500 [500 entries]
+++ section ['_Event_R.'][0]                                        Start:    1000 ...     1500 [500 entries]
+++ section ['_FileRecords.'][0]                                    Start:       2 ...        3 [1 entries]
+++ section ['_FileRecords_EvtCount.'][0]                           Start:       2 ...        3 [1 entries]
+++ section ['_FileRecords_EvtCount_R.'][0]                         Start:       2 ...        3 [1 entries]
+++ section ['_FileRecords_R.'][0]                                  Start:       2 ...        3 [1 entries]
+++ section ['_FileRecords_SumCount.'][0]                           Start:       2 ...        3 [1 entries]
+++ Added new GUID FID=FB17021C-7D21-11E3-9717-441DB8BCBEEF to merge file.
+++ Added 22 Sections entries with 932 bytes in total.
+++ Closing merge file.
TFile**		ROOTIO.merge.dst
 TFile*		ROOTIO.merge.dst
  OBJ: TTree	Refs	Root Section data : 0 at: 0x1b5bb10
  OBJ: TTree	Sections	Root Section data : 0 at: 0x1e460d0
  KEY: TTree	Event;3	Root data for Gaudi
  KEY: TTree	FileRecords;3	Root data for Gaudi
  KEY: TTree	Refs;7	Root Section data
  KEY: TTree	Sections;6	Root Section data
