=============================
None
=============================
- streams
[<InputCopyStream/SomethingWeirdPOOL at 0x18cd5d10>, <RecordStream/FSRInputCopyStreamSomethingWeirdPOOL at 0x18ccd4f0>]
[<InputCopyStream/SomethingWeirdPOOL at 0x18cd5d10>, <RecordStream/FSRInputCopyStreamSomethingWeirdPOOL at 0x18ccd4f0>, <LHCb::MDFWriter/LHCb::MDFWriter at 0x18bbb930>, <OutputStream/OutputStream at 0x18c188f0>, <RecordStream/FSRTagCollectionStreamSomethingElseWeirdPOOL at 0x18cbf6c0>, <TagCollectionStream/SomethingElseWeirdPOOL at 0x18ceafe0>]
DATAFILE='out1.dst' TYP='POOL_ROOTTREE' OPT='REC'
DATAFILE='out1.dst' TYP='POOL_ROOTTREE' OPT='REC'
file://file2.mdf
DATAFILE='file1.mdf' SVC='LHCb::RawDataCnvSvc' OPT='REC'
DATAFILE='out2.dst' TYP='POOL_ROOTTREE' OPT='REC'
DATAFILE='out2.dst' TYP='POOL_ROOTTREE' OPT='REC'
- after conversion
DATAFILE='out1.dst' TYP='POOL_ROOTTREE' OPT='REC'
DATAFILE='out1.dst' TYP='POOL_ROOTTREE' OPT='REC'
file://file2.mdf
DATAFILE='file1.mdf' SVC='LHCb::RawDataCnvSvc' OPT='REC'
DATAFILE='out2.dst' TYP='POOL_ROOTTREE' OPT='REC'
DATAFILE='out2.dst' TYP='POOL_ROOTTREE' OPT='REC'
=============================
POOL
=============================
- streams
[<InputCopyStream/SomethingWeirdPOOL at 0x18cd5d10>, <RecordStream/FSRInputCopyStreamSomethingWeirdPOOL at 0x18ccd4f0>, <InputCopyStream/SomethingWeirdPOOL at 0x18cd5d10>, <RecordStream/FSRInputCopyStreamSomethingWeirdPOOL at 0x18ccd4f0>]
[<InputCopyStream/SomethingWeirdPOOL at 0x18cd5d10>, <RecordStream/FSRInputCopyStreamSomethingWeirdPOOL at 0x18ccd4f0>, <InputCopyStream/SomethingWeirdPOOL at 0x18cd5d10>, <RecordStream/FSRInputCopyStreamSomethingWeirdPOOL at 0x18ccd4f0>, <LHCb::MDFWriter/LHCb::MDFWriter at 0x18bbb930>, <OutputStream/OutputStream at 0x18c188f0>, <RecordStream/FSRTagCollectionStreamSomethingElseWeirdPOOL at 0x18cbf6c0>, <TagCollectionStream/SomethingElseWeirdPOOL at 0x18ceafe0>]
DATAFILE='out1.dst' TYP='POOL_ROOTTREE' OPT='REC'
DATAFILE='out1.dst' TYP='POOL_ROOTTREE' OPT='REC'
DATAFILE='out1.dst' TYP='POOL_ROOTTREE' OPT='REC'
DATAFILE='out1.dst' TYP='POOL_ROOTTREE' OPT='REC'
file://file2.mdf
DATAFILE='file1.mdf' SVC='LHCb::RawDataCnvSvc' OPT='REC'
DATAFILE='out2.dst' TYP='POOL_ROOTTREE' OPT='REC'
DATAFILE='out2.dst' TYP='POOL_ROOTTREE' OPT='REC'
- after conversion
DATAFILE='out1.dst' TYP='POOL_ROOTTREE' OPT='REC'
DATAFILE='out1.dst' TYP='POOL_ROOTTREE' OPT='REC'
DATAFILE='out1.dst' TYP='POOL_ROOTTREE' OPT='REC'
DATAFILE='out1.dst' TYP='POOL_ROOTTREE' OPT='REC'
file://file2.mdf
DATAFILE='file1.mdf' SVC='LHCb::RawDataCnvSvc' OPT='REC'
DATAFILE='out2.dst' TYP='POOL_ROOTTREE' OPT='REC'
DATAFILE='out2.dst' TYP='POOL_ROOTTREE' OPT='REC'
=============================
ROOT
=============================
- streams
[<InputCopyStream/SomethingWeirdPOOL at 0x18cd5d10>, <RecordStream/FSRInputCopyStreamSomethingWeirdPOOL at 0x18ccd4f0>, <InputCopyStream/SomethingWeirdPOOL at 0x18cd5d10>, <RecordStream/FSRInputCopyStreamSomethingWeirdPOOL at 0x18ccd4f0>, <InputCopyStream/SomethingWeirdROOT at 0x18c663f0>, <RecordStream/FSRInputCopyStreamSomethingWeirdROOT at 0x18cb60b0>]
[<InputCopyStream/SomethingWeirdPOOL at 0x18cd5d10>, <RecordStream/FSRInputCopyStreamSomethingWeirdPOOL at 0x18ccd4f0>, <InputCopyStream/SomethingWeirdPOOL at 0x18cd5d10>, <RecordStream/FSRInputCopyStreamSomethingWeirdPOOL at 0x18ccd4f0>, <InputCopyStream/SomethingWeirdROOT at 0x18c663f0>, <RecordStream/FSRInputCopyStreamSomethingWeirdROOT at 0x18cb60b0>, <LHCb::MDFWriter/LHCb::MDFWriter at 0x18bbb930>, <OutputStream/OutputStream at 0x18c188f0>, <RecordStream/FSRTagCollectionStreamSomethingElseWeirdPOOL at 0x18cbf6c0>, <RecordStream/FSRTagCollectionStreamSomethingElseWeirdROOT at 0x18c63c70>, <TagCollectionStream/SomethingElseWeirdROOT at 0x18cf6cf0>, <TagCollectionStream/SomethingElseWeirdPOOL at 0x18ceafe0>]
DATAFILE='out1.dst' TYP='POOL_ROOTTREE' OPT='REC'
DATAFILE='out1.dst' TYP='POOL_ROOTTREE' OPT='REC'
DATAFILE='out1.dst' TYP='POOL_ROOTTREE' OPT='REC'
DATAFILE='out1.dst' TYP='POOL_ROOTTREE' OPT='REC'
DATAFILE='out1.dst' SVC='RootCnvSvc' OPT='REC'
DATAFILE='out1.dst' SVC='RootCnvSvc' OPT='REC'
file://file2.mdf
DATAFILE='file1.mdf' SVC='LHCb::RawDataCnvSvc' OPT='REC'
DATAFILE='out2.dst' TYP='POOL_ROOTTREE' OPT='REC'
DATAFILE='out2.dst' SVC='RootCnvSvc' OPT='REC'
DATAFILE='out2.dst' SVC='RootCnvSvc' OPT='REC'
DATAFILE='out2.dst' TYP='POOL_ROOTTREE' OPT='REC'
- after conversion
DATAFILE='out1.dst' SVC='RootCnvSvc' OPT='REC'
DATAFILE='out1.dst' SVC='RootCnvSvc' OPT='REC'
DATAFILE='out1.dst' SVC='RootCnvSvc' OPT='REC'
DATAFILE='out1.dst' SVC='RootCnvSvc' OPT='REC'
DATAFILE='out1.dst' SVC='RootCnvSvc' OPT='REC'
DATAFILE='out1.dst' SVC='RootCnvSvc' OPT='REC'
file://file2.mdf
DATAFILE='file1.mdf' SVC='LHCb::RawDataCnvSvc' OPT='REC'
DATAFILE='out2.dst' SVC='RootCnvSvc' OPT='REC'
DATAFILE='out2.dst' SVC='RootCnvSvc' OPT='REC'
DATAFILE='out2.dst' SVC='RootCnvSvc' OPT='REC'
DATAFILE='out2.dst' SVC='RootCnvSvc' OPT='REC'
=============================
MDF
=============================
# WARNING: FSRs can not be written to MDF file  out1.dst . Set writeFSR to False to supress this warning
# WARNING: FSRs can not be written to MDF file  out2.dst . Set writeFSR to False to supress this warning
- streams
[<InputCopyStream/SomethingWeirdPOOL at 0x18cd5d10>, <RecordStream/FSRInputCopyStreamSomethingWeirdPOOL at 0x18ccd4f0>, <InputCopyStream/SomethingWeirdPOOL at 0x18cd5d10>, <RecordStream/FSRInputCopyStreamSomethingWeirdPOOL at 0x18ccd4f0>, <InputCopyStream/SomethingWeirdROOT at 0x18c663f0>, <RecordStream/FSRInputCopyStreamSomethingWeirdROOT at 0x18cb60b0>, <InputCopyStream/SomethingWeirdMDF at 0x18ced6f0>]
[<InputCopyStream/SomethingWeirdPOOL at 0x18cd5d10>, <RecordStream/FSRInputCopyStreamSomethingWeirdPOOL at 0x18ccd4f0>, <InputCopyStream/SomethingWeirdPOOL at 0x18cd5d10>, <RecordStream/FSRInputCopyStreamSomethingWeirdPOOL at 0x18ccd4f0>, <InputCopyStream/SomethingWeirdROOT at 0x18c663f0>, <RecordStream/FSRInputCopyStreamSomethingWeirdROOT at 0x18cb60b0>, <InputCopyStream/SomethingWeirdMDF at 0x18ced6f0>, <LHCb::MDFWriter/LHCb::MDFWriter at 0x18bbb930>, <OutputStream/OutputStream at 0x18c188f0>, <RecordStream/FSRTagCollectionStreamSomethingElseWeirdPOOL at 0x18cbf6c0>, <TagCollectionStream/SomethingElseWeirdMDF at 0x18cfca30>, <RecordStream/FSRTagCollectionStreamSomethingElseWeirdROOT at 0x18c63c70>, <TagCollectionStream/SomethingElseWeirdROOT at 0x18cf6cf0>, <TagCollectionStream/SomethingElseWeirdPOOL at 0x18ceafe0>]
DATAFILE='out1.dst' SVC='RootCnvSvc' OPT='REC'
DATAFILE='out1.dst' SVC='RootCnvSvc' OPT='REC'
DATAFILE='out1.dst' SVC='RootCnvSvc' OPT='REC'
DATAFILE='out1.dst' SVC='RootCnvSvc' OPT='REC'
DATAFILE='out1.dst' SVC='RootCnvSvc' OPT='REC'
DATAFILE='out1.dst' SVC='RootCnvSvc' OPT='REC'
DATAFILE='out1.dst' SVC='LHCb::RawDataCnvSvc' OPT='REC'
file://file2.mdf
DATAFILE='file1.mdf' SVC='LHCb::RawDataCnvSvc' OPT='REC'
DATAFILE='out2.dst' SVC='RootCnvSvc' OPT='REC'
DATAFILE='out2.dst' SVC='LHCb::RawDataCnvSvc' OPT='REC'
DATAFILE='out2.dst' SVC='RootCnvSvc' OPT='REC'
DATAFILE='out2.dst' SVC='RootCnvSvc' OPT='REC'
DATAFILE='out2.dst' SVC='RootCnvSvc' OPT='REC'
- after conversion
DATAFILE='out1.dst' SVC='RootCnvSvc' OPT='REC'
DATAFILE='out1.dst' SVC='RootCnvSvc' OPT='REC'
DATAFILE='out1.dst' SVC='RootCnvSvc' OPT='REC'
DATAFILE='out1.dst' SVC='RootCnvSvc' OPT='REC'
DATAFILE='out1.dst' SVC='RootCnvSvc' OPT='REC'
DATAFILE='out1.dst' SVC='RootCnvSvc' OPT='REC'
DATAFILE='out1.dst' SVC='LHCb::RawDataCnvSvc' OPT='REC'
file://file2.mdf
DATAFILE='file1.mdf' SVC='LHCb::RawDataCnvSvc' OPT='REC'
DATAFILE='out2.dst' SVC='RootCnvSvc' OPT='REC'
DATAFILE='out2.dst' SVC='LHCb::RawDataCnvSvc' OPT='REC'
DATAFILE='out2.dst' SVC='RootCnvSvc' OPT='REC'
DATAFILE='out2.dst' SVC='RootCnvSvc' OPT='REC'
DATAFILE='out2.dst' SVC='RootCnvSvc' OPT='REC'
