# --> Including file '/afs/cern.ch/user/p/panmanj/cmtuser/Rec_v15r1/Rec/LumiAlgs/job/LumiWriter.py'
# <-- End of file '/afs/cern.ch/user/p/panmanj/cmtuser/Rec_v15r1/Rec/LumiAlgs/job/LumiWriter.py'
# applying configuration of LumiWriterConf
# WARNING: Using default tag head-20110721 for partition DDDB
# WARNING: Using default tag head-20110614 for partition LHCBCOND
# WARNING: Using default tag tt-20110126 for partition DQFLAGS
ApplicationMgr    SUCCESS
====================================================================================================================================
                                                   Welcome to ApplicationMgr (GaudiCoreSvc v1r5)
                                          running on lxplus440.cern.ch on Thu Sep 19 15:10:22 2013
====================================================================================================================================
ApplicationMgr       INFO Application Manager Configured successfully
DetectorPersist...   INFO Added successfully Conversion service:XmlCnvSvc
DetectorDataSvc   SUCCESS Detector description database: conddb:/lhcb.xml
LumiSeq              INFO Member list: GaudiSequencer/writeLumiSeq
RndmGenSvc.Engine    INFO Generator engine type:CLHEP::RanluxEngine
RndmGenSvc.Engine    INFO Current Seed:1234567 Luxury:3
RndmGenSvc           INFO Using Random engine:HepRndm::Engine<CLHEP::RanluxEngine>
ToolSvc.Sequenc...   INFO This machine has a speed about   2.07 times the speed of a 2.8 GHz Xeon.
writeLumiSeq         INFO Member list: createODIN, LoKi::ODINFilter/OdinTriggerTypes, HltLumiSummaryDecoder, GaudiSequencer/filterLumi, bankKiller/KillAll, FileIdBankWriter, LHCb::MDFWriter/MDFWriter
LoKiSvc           SUCCESS


Welcome Welcome Welcome Welcome Welcome Welcome Welcome Welcome Welcome Welcome Welcome Welcome Welcome
LoKi                                                                                               LoKi
LoKi                                                                                               LoKi
LoKi                                        Welcome to LoKi!                                       LoKi
LoKi                                                                                               LoKi
LoKi                                      (LOops & KInematics)                                     LoKi
LoKi                                                                                               LoKi
LoKi                         Smart & Friendly C++ Physics Analysis Tool Kit                        LoKi
LoKi                                                                                               LoKi
LoKi                                                                                               LoKi
LoKi                         Author:  Vanya BELYAEV Ivan.Belyaev@nikhef.nl                         LoKi
LoKi                     With the kind help of Galina Pakhlova & Sergey Barsuk                     LoKi
LoKi                                                                                               LoKi
LoKi                                       Have fun and enjoy!                                     LoKi
LoKi                                                                                               LoKi
Welcome Welcome Welcome Welcome Welcome Welcome Welcome Welcome Welcome Welcome Welcome Welcome Welcome
Welcome Welcome Welcome Welcome Welcome Welcome Welcome Welcome Welcome Welcome Welcome Welcome Welcome



filterLumi           INFO OR Member list: FilterOnLumiSummary/LumiRandomFilter
KillAll           SUCCESS bankKiller : all banks of type 'ODIN' will be kept.
KillAll           SUCCESS bankKiller : all banks of type 'HltLumiSummary' will be kept.
KillAll           SUCCESS bankKiller : all banks of type 'HltRoutingBits' will be kept.
KillAll           SUCCESS bankKiller : all banks of type 'DAQ' will be kept.
EventSelector        INFO Stream:EventSelector.DataStreamTool_1 Def:DATAFILE='lfn:/lhcb/data/2012/RAW/FULL/LHCb/COLLISION12/114753/114753_0000000016.raw' SVC='LHCb::MDFSelector' OPT='READ'
HistogramPersis...WARNING Histograms saving not required.
ApplicationMgr       INFO Application Manager Initialized successfully
ApplicationMgr       INFO Application Manager Started successfully
EventSelector.D...   INFO Compression:0 Checksum:1
EventSelector     SUCCESS Reading Event record 1. Record number within stream 1: 1
EventPersistenc...   INFO Added successfully Conversion service:RootCnvSvc
EventPersistenc...   INFO Added successfully Conversion service:LHCb::RawDataCnvSvc
FileIdBankWriter     INFO RunInfo record: 14dceef0-9890-11e1-95f3-002590121862
ApplicationMgr       INFO Application Manager Stopped successfully
OdinTriggerTypes  SUCCESS Number of counters : 1
 |    Counter                                      |     #     |    sum     | mean/eff^* | rms/err^*  |     min     |     max     |
 |*"#passed"                                       |      1000 |        204 |(  20.4000 +- 1.27430  )%|   -------   |   -------   |
HltLumiSummaryD...   INFO Average event size :    11.0 words
FileIdBankWriter     INFO number of files seen: 1
EventLoopMgr         INFO Histograms converted successfully according to request.
LoKiSvc           SUCCESS


Good Bye Good Bye Good Bye Good Bye Good Bye Good Bye Good Bye Good Bye Good Bye Good Bye Good Bye Good
Good Bye Good Bye Good Bye Good Bye Good Bye Good Bye Good Bye Good Bye Good Bye Good Bye Good Bye Good
LoKi                                                                                               LoKi
LoKi                                                                                               LoKi
LoKi                                       Good Bye from LoKi!                                     LoKi
LoKi                                                                                               LoKi
LoKi                                      (LOops & KInematics)                                     LoKi
LoKi                                                                                               LoKi
LoKi                         Smart & Friendly C++ Physics Analysis Tool Kit                        LoKi
LoKi                                                                                               LoKi
LoKi                                                                                               LoKi
LoKi                      LoKi mailing list ('LoKi-club') : lhcb-loki@cern.ch                      LoKi
LoKi      Comments, suggestions, criticism, ideas, questions and requests are *ALWAYS* welcome     LoKi
LoKi                                                                                               LoKi
Good Bye Good Bye Good Bye Good Bye Good Bye Good Bye Good Bye Good Bye Good Bye Good Bye Good Bye Good
Good Bye Good Bye Good Bye Good Bye Good Bye Good Bye Good Bye Good Bye Good Bye Good Bye Good Bye Good



ToolSvc              INFO Removing all tools created by ToolSvc
ToolSvc.Sequenc...   INFO --------------------------------------------------------------------------------------------------
ToolSvc.Sequenc...   INFO This machine has a speed about   2.07 times the speed of a 2.8 GHz Xeon.
ToolSvc.Sequenc...   INFO Algorithm          (millisec) |    <user> |   <clock> |      min       max | entries | total (s) |
ToolSvc.Sequenc...   INFO --------------------------------------------------------------------------------------------------
ToolSvc.Sequenc...   INFO writeLumiSeq                  |     0.136 |     0.249 |    0.029      97.2 |    1000 |     0.249 |
ToolSvc.Sequenc...   INFO   createODIN                  |     0.076 |     0.079 |    0.023       0.6 |    1000 |     0.079 |
ToolSvc.Sequenc...   INFO   OdinTriggerTypes            |     0.007 |     0.007 |    0.004       0.1 |    1000 |     0.007 |
ToolSvc.Sequenc...   INFO   HltLumiSummaryDecoder       |     0.020 |     0.021 |    0.012       0.2 |     204 |     0.004 |
ToolSvc.Sequenc...   INFO   filterLumi                  |     0.010 |     0.012 |    0.007       0.1 |     204 |     0.002 |
ToolSvc.Sequenc...   INFO     LumiRandomFilter          |     0.010 |     0.008 |    0.004       0.1 |     204 |     0.002 |
ToolSvc.Sequenc...   INFO   KillAll                     |     0.098 |     0.087 |    0.051       0.3 |     204 |     0.018 |
ToolSvc.Sequenc...   INFO   FileIdBankWriter            |     0.000 |     0.007 |    0.003       0.2 |     204 |     0.001 |
ToolSvc.Sequenc...   INFO   MDFWriter                   |     0.118 |     0.654 |    0.054      97.1 |     204 |     0.133 |
ToolSvc.Sequenc...   INFO --------------------------------------------------------------------------------------------------
ApplicationMgr       INFO Application Manager Finalized successfully
ApplicationMgr       INFO Application Manager Terminated successfully
