# --> Including file '/build/cattanem/Boole_HEAD/Digi/Boole/tests/options/testBoole-defaults.py'
# <-- End of file '/build/cattanem/Boole_HEAD/Digi/Boole/tests/options/testBoole-defaults.py'
# --> Including file '/afs/cern.ch/lhcb/software/releases/DBASE/AppConfig/options/Boole/DataType-2011.py'
# <-- End of file '/afs/cern.ch/lhcb/software/releases/DBASE/AppConfig/options/Boole/DataType-2011.py'
# applying configuration of Boole
# /***** User Boole/Boole ****************************************************************************
# |-DatasetName         = 'Boole'
# |-DetectorInit        = {'MUON': ['Muon'], 'DATA': ['Data']}  (default: {'MUON': ['Muon'], 'DATA': ['Data']})
# |-Histograms          = 'Default'
# |-SkipEvents          = 0
# |-Persistency         = None
# |-VeloTell1Processing = True
# |-ProductionMode      = False
# |-DetectorLink        = ['PuVeto', 'Velo', 'TT', 'IT', 'OT', 'Tr', 'Rich1', 'Rich2', 'Spd', 'Prs', 'Ecal', 'Hcal', 'Muon', 'L0']
# |                     (default: ['PuVeto', 'Velo', 'TT', 'IT', 'OT', 'Tr', 'Rich1', 'Rich2', 'Spd', 'Prs', 'Ecal', 'Hcal', 'Muon', 'L0'])
# |-FilterSequence      = []  (default: [])
# |-TAESubdets          = ['Calo', 'Muon']  (default: ['Calo', 'Muon'])
# |-Outputs             = ['DIGI', 'MDF']  (default: ['DIGI'])
# |-DetectorDigi        = ['PuVeto', 'Velo', 'TT', 'IT', 'OT', 'Tr', 'Rich1', 'Rich2', 'Spd', 'Prs', 'Ecal', 'Hcal', 'Muon', 'L0']
# |                     (default: ['PuVeto', 'Velo', 'TT', 'IT', 'OT', 'Tr', 'Rich1', 'Rich2', 'Spd', 'Prs', 'Ecal', 'Hcal', 'Muon', 'L0'])
# |-MainSequence        = []  (default: [])
# |-DigiType            = 'Default'
# |-MoniSequence        = ['Velo', 'TT', 'IT', 'OT', 'Rich', 'Calo', 'Muon', 'MC']  (default: [])
# |-DetectorMoni        = ['PuVeto', 'Velo', 'TT', 'IT', 'OT', 'Tr', 'Rich1', 'Rich2', 'Spd', 'Prs', 'Ecal', 'Hcal', 'Muon', 'L0', 'MC']
# |                     (default: ['PuVeto', 'Velo', 'TT', 'IT', 'OT', 'Tr', 'Rich1', 'Rich2', 'Spd', 'Prs', 'Ecal', 'Hcal', 'Muon', 'L0', 'MC'])
# |-TAEPrev             = 0
# |-EnablePack          = True
# |-DigiSequence        = ['Velo', 'TT', 'IT', 'OT', 'Rich', 'Calo', 'Muon']  (default: [])
# |-OutputLevel         = 3
# |-EvtMax              = 10  (default: -1)
# |-TAENext             = 0
# |-CondDBtag           = ''
# |-EnableL0            = False
# |-UseSpillover        = False
# |-InitSequence        = ['Data', 'Muon']  (default: [])
# |-DataType            = '2011'  (default: '2012')
# |-NoWarnings          = False
# |-SiG4EnergyDeposit   = True  (default: False)
# |-LinkSequence        = ['Velo', 'TT', 'IT', 'OT', 'Tr', 'Rich', 'Calo', 'Muon']  (default: [])
# |-SpilloverPaths      = ['Prev', 'PrevPrev', 'Next', 'NextNext']  (default: [])
# |-DDDBtag             = ''
# |-Monitors            = ['SC', 'FPE']  (default: [])
# \----- (End of User Boole/Boole) -------------------------------------------------------------------
# DigiWriter.ItemList    = ['/Event/Gen/Header#1', '/Event/MC/Header#1', '/Event/MC/DigiHeader#1', '/Event/DAQ/RawEvent#1', '/Event/Gen/BeamParameters#1', '/Event/Gen/Collisions#1', '/Event/pSim/MCVertices#1', '/Event/pSim/MCParticles#1', '/Event/pSim/Rich/DigitSummaries#1', '/Event/MC/Muon/DigitsInfo#1', '/Event/Link/Raw/Velo/Clusters#1', '/Event/Link/Raw/TT/Clusters#1', '/Event/Link/Raw/IT/Clusters#1', '/Event/Link/Raw/OT/Times#1', '/Event/Link/Raw/Muon/Digits#1', '/Event/Link/Raw/Ecal/Digits#1', '/Event/Link/Raw/Hcal/Digits#1', '/Event/MC/TrackInfo#1', '/Event/Link/Raw/Velo/Clusters2MCHits#1', '/Event/Link/Raw/TT/Clusters2MCHits#1', '/Event/Link/Raw/IT/Clusters2MCHits#1', '/Event/Link/Raw/OT/Times2MCHits#1']
# DigiWriter.OptItemList = ['/Event/Gen/HepMCEvents#1']
# WARNING: Using default tag dq-20120910 for partition DQFLAGS
# WARNING: ALL local tags of ['Velo+TT'] data type(s) are added: {'DDDB': [], 'SIMCOND': []}
ApplicationMgr    SUCCESS
====================================================================================================================================
                                                   Welcome to Boole version v26r0
                                          running on lxbuild163.cern.ch on Thu May 23 07:59:01 2013
====================================================================================================================================
ApplicationMgr       INFO Application Manager Configured successfully
StatusCodeSvc        INFO initialize
DetectorPersist...   INFO Added successfully Conversion service:XmlCnvSvc
DetectorDataSvc   SUCCESS Detector description database: conddb:/lhcb.xml
RndmGenSvc.Engine    INFO Generator engine type:CLHEP::RanluxEngine
RndmGenSvc.Engine    INFO Current Seed:1234567 Luxury:3
RndmGenSvc           INFO Using Random engine:HepRndm::Engine<CLHEP::RanluxEngine>
TimingAuditor.T...   INFO This machine has a speed about   2.40 times the speed of a 2.8 GHz Xeon.
BooleSequencer       INFO Member list: ProcessPhase/Init, ProcessPhase/Digi, ProcessPhase/Link, ProcessPhase/Moni, ProcessPhase/Filter
Init                 INFO Member list: GaudiSequencer/InitBooleSeq, GaudiSequencer/InitDataSeq, GaudiSequencer/InitMuonSeq
InitBooleSeq         INFO Member list: BooleInit, GaudiSequencer/SpilloverHandler
BooleInit         SUCCESS ==================================================================
BooleInit         SUCCESS Requested to process 10 events
BooleInit         SUCCESS ==================================================================
RootHistSvc          INFO Writing ROOT histograms to: Boole-10ev-histos.root
HistogramPersis...   INFO Added successfully Conversion service:RootHistSvc
HistogramDataSvc     INFO Added stream file:/afs/cern.ch/lhcb/software/DEV/nightlies/PARAM/ParamFiles/v8r9/data/muonlow-G4.root as LowEnergy
HistogramDataSvc     INFO Added stream file:/afs/cern.ch/lhcb/software/DEV/nightlies/PARAM/ParamFiles/v8r9/data/muonflat-G4.root as MuonFlatSpillover
HistogramDataSvc     INFO Added stream file:/afs/cern.ch/lhcb/software/DEV/nightlies/PARAM/ParamFiles/v8r9/data/OTDoublePulse.root as OTDoublePulse
SpilloverHandler     INFO Member list: TESCheck/SpilloverLoader, EventNodeKiller/SpilloverKiller
InitDataSeq          INFO Member list:
InitMuonSeq          INFO Member list: MuonBackground/MuonLowEnergy, MuonBackground/MuonFlatSpillover
COOLConfSvc          INFO CORAL Connection Retrial Period set to 60s
COOLConfSvc          INFO CORAL Connection Retrial Time-Out set to 900s
DDDB                 INFO Connected to database "sqlite_file:/afs/cern.ch/lhcb/software/DEV/nightlies/DBASE/Det/SQLDDDB/db/DDDB.db/DDDB"
DDDB                 INFO Using TAG "head-20110914"
EventClockSvc.F...   INFO Event times generated from 0 with steps of 0
SIMCOND              INFO Connected to database "sqlite_file:/afs/cern.ch/lhcb/software/DEV/nightlies/DBASE/Det/SQLDDDB/db/SIMCOND.db/SIMCOND"
SIMCOND              INFO Using TAG "sim-20111020-vc-md100"
RFileCnv             INFO opening Root file "/afs/cern.ch/lhcb/software/DEV/nightlies/PARAM/ParamFiles/v8r9/data/muonlow-G4.root" for reading
MuonLowEnergy        INFO The low energy background is run by default for main events plus (if any) spillover events (max 4)
RFileCnv             INFO opening Root file "/afs/cern.ch/lhcb/software/DEV/nightlies/PARAM/ParamFiles/v8r9/data/muonflat-G4.root" for reading
Digi                 INFO Member list: GaudiSequencer/DigiVeloSeq, GaudiSequencer/DigiTTSeq, GaudiSequencer/DigiITSeq, GaudiSequencer/DigiOTSeq, GaudiSequencer/DigiRichSeq, GaudiSequencer/DigiCaloSeq, GaudiSequencer/DigiMuonSeq
DigiVeloSeq          INFO Member list: VeloSim, VeloSim/VeloPUSim, VeloTell1DataProcessor, VeloSimTell1ClusterMaker, PuVetoFillRawBuffer
DeVeloRType       WARNING VELO R sensor M2 routing lines not in conditions DB cond: Routing-R-X-Strip0000 and Routing-R-Y-Strip0000
VeloSim              INFO Probability to add noise to empty strips 0.0153028
VeloSim              INFO Probability to add noise to isolated empty strips 3.2331e-08
VeloSim.RadDamage WARNING VeloRadDamageTool:: The WARNING message is suppressed : 'Missing M2 coupling conditions using default values'
VeloPUSim            INFO Probability to add noise to empty strips 0.0153028
VeloPUSim            INFO Probability to add noise to isolated empty strips 3.2331e-08
VeloPUSim.RadDa...WARNING VeloRadDamageTool:: The WARNING message is suppressed : 'Missing M2 coupling conditions using default values'
DigiTTSeq            INFO Member list: MCSTDepositCreator/MCTTDepositCreator, MCSTDigitCreator/MCTTDigitCreator, STDigitCreator/TTDigitCreator, STClusterCreator/TTClusterCreator, STClusterKiller/TTClusterKiller, STClustersToRawBankAlg/createTTRawBuffer
MagneticFieldSvc     INFO Opened magnetic field file : /afs/cern.ch/lhcb/software/DEV/nightlies/DBASE/FieldMap/cdf/c1_onemap_down.cdf
MagneticFieldSvc     INFO Opened magnetic field file : /afs/cern.ch/lhcb/software/DEV/nightlies/DBASE/FieldMap/cdf/c2_onemap_down.cdf
MagneticFieldSvc     INFO Opened magnetic field file : /afs/cern.ch/lhcb/software/DEV/nightlies/DBASE/FieldMap/cdf/c3_onemap_down.cdf
MagneticFieldSvc     INFO Opened magnetic field file : /afs/cern.ch/lhcb/software/DEV/nightlies/DBASE/FieldMap/cdf/c4_onemap_down.cdf
MagneticFieldSvc     INFO Map scaled by factor 1 with polarity internally used: -1 signed relative current: -1
TTClusterCreator     INFO Loading cuts tagged as Data11
ToolSvc.TTKiller     INFO Adding Tool: type: STRndmEffSelector / name: Selector
DigiITSeq            INFO Member list: MCSTDepositCreator/MCITDepositCreator, MCSTDigitCreator/MCITDigitCreator, STDigitCreator/ITDigitCreator, STClusterCreator/ITClusterCreator, STClusterKiller/ITClusterKiller, STClustersToRawBankAlg/createITRawBuffer
ITClusterCreator     INFO Loading cuts tagged as Data11
ToolSvc.ITKiller     INFO Adding Tool: type: STRndmEffSelector / name: Selector
DigiOTSeq            INFO Member list: MCOTDepositCreator, MCOTTimeCreator, OTFillRawBuffer
ToolSvc.OTRando...   INFO ******** Noise Settings ********
ToolSvc.OTRando...   INFO Number of channels: 55296
ToolSvc.OTRando...   INFO Noise rate: 1e-05
ToolSvc.OTRando...   INFO Width of read out gate in ns75
ToolSvc.OTRando...   INFO Dead time : 25
ToolSvc.OTRando...   INFO Number of deposits to generate: 55
ToolSvc.OTRando...   INFO ********************************
DigiRichSeq          INFO Member list: Rich::MC::Digi::Signal/RichPDSignal, Rich::MC::Digi::SimpleChargeSharing/RichChargeShare, Rich::MC::Digi::SummedDeposits/RichSummedDeposits, Rich::MC::Digi::DetailedFrontEndResponse/RichPDResponse, Rich::MC::Digi::MCRichDigitsToRawBufferAlg/RichFillRawBuffer
RichChargeShare      INFO Will add charge sharing at 2.5 % level
ToolSvc.RichSma...   INFO Created active HPD channel list : # channels RICH(1/2) = 167776 / 246528
RichPDResponse       INFO Time Calibration (Rich1/RICH2) = [10, 6]
ToolSvc.RichRaw...   INFO Using [DAQ/RawEvent] as search path for the RawEvent object
RichFillRawBuffer    INFO Using RICH Level1 buffer format : 129
DigiCaloSeq          INFO Member list: CaloSignalAlg/SpdSignal, CaloSignalAlg/PrsSignal, CaloSignalAlg/EcalSignal, CaloSignalAlg/HcalSignal, CaloDigitAlg/SpdDigit, CaloDigitAlg/PrsDigit, CaloDigitAlg/EcalDigit, CaloDigitAlg/HcalDigit, CaloFillPrsSpdRawBuffer, CaloFillRawBuffer/EcalFillRawBuffer, CaloFillRawBuffer/HcalFillRawBuffer
SpdSignal            INFO Initialised. Store also previous BX.
PrsSignal            INFO Initialised. Store also previous BX.
EcalDet.Quality      INFO Found  9 problematic readout channel(s)
EcalSignal           INFO Initialised.
HcalDet.Quality      INFO Found  2 problematic readout channel(s)
HcalSignal           INFO Initialised.
SpdDigit             INFO ----- Detector parameters (from condDB) ------------------
SpdDigit             INFO Nominal gain parameters for    Outer region :    0.0 +   2.5 x sin(theta)
SpdDigit             INFO Nominal gain parameters for   Middle region :    0.0 +   2.5 x sin(theta)
SpdDigit             INFO Nominal gain parameters for    Inner region :    0.0 +   2.5 x sin(theta)
SpdDigit             INFO Noise          :   0.0 +   0.0 (coherent) counts.
SpdDigit             INFO Pedestal shift :  0.00 counts
SpdDigit             INFO Actual dynamics saturation :   0.90 x ADCMax
SpdDigit             INFO Subtract 0.2000 of previous BX
SpdDigit             INFO  MIP deposit    :   2.54 MeV
SpdDigit             INFO Number of photo-electrons per MIP for    Outer region :   22.00
SpdDigit             INFO Number of photo-electrons per MIP for   Middle region :   32.00
SpdDigit             INFO Number of photo-electrons per MIP for    Inner region :   27.00
SpdDigit             INFO Zero-suppression threshold :   0.50 ADC
SpdDigit             INFO L0 trigger suppression     :   0.50 ADC
SpdDigit             INFO L0 trigger ADC correction for    Outer region :    1.00
SpdDigit             INFO L0 trigger ADC correction for   Middle region :    1.00
SpdDigit             INFO L0 trigger ADC correction for    Inner region :    1.00
SpdDigit             INFO ----- Digitization parameters (from CaloDigitAlg configuration) ------------------
SpdDigit             INFO Additional  0.0% of the cells as dead (gain=0).
SpdDigit             INFO Additional gain error  0.0%
PrsDigit             INFO ----- Detector parameters (from condDB) ------------------
PrsDigit             INFO Nominal gain parameters for    Outer region :    0.0 + 280.6 x sin(theta)
PrsDigit             INFO Nominal gain parameters for   Middle region :    0.0 + 280.6 x sin(theta)
PrsDigit             INFO Nominal gain parameters for    Inner region :    0.0 + 280.6 x sin(theta)
PrsDigit             INFO Noise          :   1.0 +   0.0 (coherent) counts.
PrsDigit             INFO Pedestal shift :  0.00 counts
PrsDigit             INFO Actual dynamics saturation :   0.90 x ADCMax
PrsDigit             INFO Subtract 0.1500 of previous BX
PrsDigit             INFO  MIP deposit    :   2.74 MeV
PrsDigit             INFO Number of photo-electrons per MIP for    Outer region :   22.00
PrsDigit             INFO Number of photo-electrons per MIP for   Middle region :   32.00
PrsDigit             INFO Number of photo-electrons per MIP for    Inner region :   27.00
PrsDigit             INFO Zero-suppression threshold :   5.00 ADC
PrsDigit             INFO L0 trigger suppression     :  50.00 ADC
PrsDigit             INFO L0 trigger ADC correction for    Outer region :    1.00
PrsDigit             INFO L0 trigger ADC correction for   Middle region :    1.00
PrsDigit             INFO L0 trigger ADC correction for    Inner region :    1.00
PrsDigit             INFO ----- Digitization parameters (from CaloDigitAlg configuration) ------------------
PrsDigit             INFO Additional  0.0% of the cells as dead (gain=0).
PrsDigit             INFO Additional gain error  1.0%
EcalDigit            INFO ----- Detector parameters (from condDB) ------------------
EcalDigit            INFO Nominal gain parameters for    Outer region :  10000.0 + 7000.0 x sin(theta)
EcalDigit            INFO Nominal gain parameters for   Middle region :  10000.0 + 7000.0 x sin(theta)
EcalDigit            INFO Nominal gain parameters for    Inner region :  10000.0 + 7000.0 x sin(theta)
EcalDigit            INFO Noise          :   1.2 +   0.3 (coherent) counts.
EcalDigit            INFO Pedestal shift :  0.40 counts
EcalDigit            INFO Actual dynamics saturation :   0.95 x ADCMax
EcalDigit            INFO L0 trigger suppression     :   0.50 ADC
EcalDigit            INFO L0 trigger ADC correction for    Outer region :    1.00
EcalDigit            INFO L0 trigger ADC correction for   Middle region :    1.04
EcalDigit            INFO L0 trigger ADC correction for    Inner region :    1.08
EcalDigit            INFO ----- Digitization parameters (from CaloDigitAlg configuration) ------------------
EcalDigit            INFO Additional  0.0% of the cells as dead (gain=0).
EcalDigit            INFO Additional gain error  1.0%
HcalDigit            INFO ----- Detector parameters (from condDB) ------------------
HcalDigit            INFO Nominal gain parameters for    Outer region :  15000.0 +   0.0 x sin(theta)
HcalDigit            INFO Nominal gain parameters for    Inner region :  15000.0 +   0.0 x sin(theta)
HcalDigit            INFO Noise          :   1.2 +   0.3 (coherent) counts.
HcalDigit            INFO Pedestal shift :  0.40 counts
HcalDigit            INFO Actual dynamics saturation :   0.95 x ADCMax
HcalDigit            INFO L0 trigger suppression     :   0.50 ADC
HcalDigit            INFO L0 trigger ADC correction for    Outer region :    1.00
HcalDigit            INFO L0 trigger ADC correction for    Inner region :    1.05
HcalDigit            INFO ----- Digitization parameters (from CaloDigitAlg configuration) ------------------
HcalDigit            INFO Additional  0.0% of the cells as dead (gain=0).
HcalDigit            INFO Additional gain error  1.0%
CaloFillPrsSpdR...   INFO Data coding type 3
EcalFillRawBuffer    INFO Processing 192 FE-Cards and 28 TELL1
EcalFillRawBuffer    INFO Data coding type 2
HcalFillRawBuffer    INFO Processing 54 FE-Cards and 8 TELL1
HcalFillRawBuffer    INFO Data coding type 2
DigiMuonSeq          INFO Member list: MuonDigitization, MuonDigitToRawBuffer
Link                 INFO Member list: GaudiSequencer/LinkVeloSeq, GaudiSequencer/LinkTTSeq, GaudiSequencer/LinkITSeq, GaudiSequencer/LinkOTSeq, GaudiSequencer/LinkTrSeq, GaudiSequencer/LinkRichSeq, GaudiSequencer/LinkCaloSeq, GaudiSequencer/LinkMuonSeq
LinkVeloSeq          INFO Member list: DecodeVeloRawBuffer, VeloCluster2MCHitLinker, VeloCluster2MCParticleLinker
DecodeVeloRawBu...   INFO Cancel processing of events with more than 10000 Velo clusters
DecodeVeloRawBu...   INFO Using '[DAQ/RawEvent]' as search path for the RawEvent object
LinkTTSeq            INFO Member list: STDigit2MCHitLinker/TTDigitLinker, STCluster2MCHitLinker/TTClusterLinker, STCluster2MCParticleLinker/TTTruthLinker
LinkITSeq            INFO Member list: STDigit2MCHitLinker/ITDigitLinker, STCluster2MCHitLinker/ITClusterLinker, STCluster2MCParticleLinker/ITTruthLinker
LinkOTSeq            INFO Member list: OTMCDepositLinker, OTMCHitLinker, OTMCParticleLinker
LinkTrSeq            INFO Member list: BuildMCTrackInfo
LinkRichSeq          INFO Member list: Rich::MC::MCRichDigitSummaryAlg
Rich::MC::MCRic...   INFO Will only store MCParticle references for main event
LinkCaloSeq          INFO Member list: CaloDigitsFromRaw/EcalFromRaw, CaloDigitsFromRaw/HcalFromRaw, CaloReCreateMCLinks, CaloDigitMCTruth/EcalDigitMCTruth, CaloDigitMCTruth/HcalDigitMCTruth
EcalFromRaw.Eca...   INFO Using '[DAQ/RawEvent]' as search path for the RawEvent object
HcalFromRaw.Hca...   INFO Using '[DAQ/RawEvent]' as search path for the RawEvent object
LinkMuonSeq          INFO Member list: MuonDigit2MCParticleAlg, MuonTileDigitInfo
Moni                 INFO Member list: GaudiSequencer/MoniVeloSeq, GaudiSequencer/MoniTTSeq, GaudiSequencer/MoniITSeq, GaudiSequencer/MoniOTSeq, GaudiSequencer/MoniRichSeq, GaudiSequencer/MoniCaloSeq, GaudiSequencer/MoniMuonSeq, GaudiSequencer/MoniMCSeq
MoniVeloSeq          INFO Member list: VeloSimMoni, VeloRawClustersMoni
MoniTTSeq            INFO Member list: MCSTDepositMonitor/MCTTDepositMonitor, MCSTDigitMonitor/MCTTDigitMonitor, STDigitMonitor/TTDigitMonitor, ST::STClusterMonitor/TTClusterMonitor, MCParticle2MCHitAlg/MCP2TTMCHitAlg, STEffChecker/TTEffChecker
TTEffChecker.MC...   INFO MCParticle Momentum cut     : 1 GeV/c < P < 1.79769e+308 GeV/c
TTEffChecker.MC...   INFO            Beta * gamma cut : 1 < beta*gamma
TTEffChecker.MC...   INFO            Eta cut          : -1.79769e+308 < P < 1.79769e+308
MoniITSeq            INFO Member list: MCSTDepositMonitor/MCITDepositMonitor, MCSTDigitMonitor/MCITDigitMonitor, STDigitMonitor/ITDigitMonitor, ST::STClusterMonitor/ITClusterMonitor, MCParticle2MCHitAlg/MCP2ITMCHitAlg, STEffChecker/ITEffChecker
ITEffChecker.MC...   INFO MCParticle Momentum cut     : 1 GeV/c < P < 1.79769e+308 GeV/c
ITEffChecker.MC...   INFO            Beta * gamma cut : 1 < beta*gamma
ITEffChecker.MC...   INFO            Eta cut          : -1.79769e+308 < P < 1.79769e+308
MoniOTSeq            INFO Member list: MCOTDepositMonitor
MoniRichSeq          INFO Member list: Rich::MC::Digi::DigitQC/RiDigitQC
MoniCaloSeq          INFO Member list: CaloDigitChecker/SpdCheck, CaloDigitChecker/PrsCheck, CaloDigitChecker/EcalCheck, CaloDigitChecker/HcalCheck
SpdCheck             INFO Monitoring Hits MC/Spd/Hits   MC Digit   MC/Spd/Digits   Digit   Raw/Spd/Digits, Histograms booked
PrsCheck             INFO Monitoring Hits MC/Prs/Hits   MC Digit   MC/Prs/Digits   Digit   Raw/Prs/Digits, Histograms booked
EcalCheck            INFO Monitoring Hits MC/Ecal/Hits   MC Digit   MC/Ecal/Digits   Digit   Raw/Ecal/Digits, Histograms booked
HcalCheck            INFO Monitoring Hits MC/Hcal/Hits   MC Digit   MC/Hcal/Digits   Digit   Raw/Hcal/Digits, Histograms booked
MoniMuonSeq          INFO Member list: MuonDigitChecker
MoniMCSeq            INFO Member list:
Filter               INFO OR Member list:
PrepareDIGI          INFO Member list: PackMCVertex, PackMCParticle, DataPacking::Pack<LHCb::MCRichDigitSummaryPacker>/MCRichDigitSummaryPacker, EventNodeKiller/MCRichNodeKiller
EventPersistenc...   INFO Added successfully Conversion service:RootCnvSvc
DigiWriter           INFO Data source: EventDataSvc output: DATAFILE='PFN:Boole-10ev.digi' SVC='RootCnvSvc' OPT='REC'
EventPersistenc...   INFO Added successfully Conversion service:LHCb::RawDataCnvSvc
RawWriter            INFO Data source: EventDataSvc output: DATAFILE='PFN:Boole-10ev.mdf' SVC='LHCb::RawDataCnvSvc' OPT='REC'
EventSelector        INFO Stream:EventSelector.DataStreamTool_1 Def:DATAFILE='PFN:castor:/castor/cern.ch/grid/lhcb/MC/2011/XDST/00012935/0000/00012935_00000827_3.xdst' SVC='Gaudi::RootEvtSelector' OPT='READ'
ApplicationMgr       INFO Application Manager Initialized successfully
ApplicationMgr       INFO Application Manager Started successfully
BooleInit            INFO Evt 82601,  Run 1294327,  Nr. in job = 1
MuonFlatSpillover    INFO  luminosity factor 1.60056 compared to default 2*10^32 cm-2 s-1
VeloSimTell1Clu...   INFO  ==> CLUSTER_MAKER Configured  type: TELL1 Cluster Maker
VeloSimTell1Clu...   INFO  --> Creating dynamic config for Cluster Maker!
VeloSimTell1Clu...   INFO  --> Thresholds calculated usign SIMCOND data base
VeloSimTell1Clu...   INFO  --> Algorithm CLUSTER_MAKER of type: TELL1 Cluster Maker is enabled and ready to process data --
LHCb::RawDataCn...   INFO Opened(NEW)  MDF stream:PFN:Boole-10ev.mdf ID:0x3b15c770
BooleInit            INFO Evt 82602,  Run 1294327,  Nr. in job = 2
BooleInit            INFO Evt 82603,  Run 1294327,  Nr. in job = 3
BooleInit            INFO Evt 82604,  Run 1294327,  Nr. in job = 4
BooleInit            INFO Evt 82605,  Run 1294327,  Nr. in job = 5
BooleInit            INFO Evt 82606,  Run 1294327,  Nr. in job = 6
BooleInit            INFO Evt 82607,  Run 1294327,  Nr. in job = 7
BooleInit            INFO Evt 82608,  Run 1294327,  Nr. in job = 8
BooleInit            INFO Evt 82609,  Run 1294327,  Nr. in job = 9
BooleInit            INFO Evt 82610,  Run 1294327,  Nr. in job = 10
ApplicationMgr       INFO Application Manager Stopped successfully
UnpackMCMuonHits  SUCCESS Number of counters : 1
 |    Counter                                      |     #     |    sum     | mean/eff^* | rms/err^*  |     min     |     max     |
 | "# UnPackedData"                                |        10 |       4463 |     446.30 |     231.20 |      137.00 |      931.00 |
UnpackMCVeloHits  SUCCESS Number of counters : 1
 |    Counter                                      |     #     |    sum     | mean/eff^* | rms/err^*  |     min     |     max     |
 | "# UnPackedData"                                |        10 |      13304 |     1330.4 |     627.49 |      541.00 |      2534.0 |
UnpackMCPuVetoHitsSUCCESS Number of counters : 1
 |    Counter                                      |     #     |    sum     | mean/eff^* | rms/err^*  |     min     |     max     |
 | "# UnPackedData"                                |        10 |        656 |     65.600 |     42.582 |      7.0000 |      164.00 |
UnpackMCTTHits    SUCCESS Number of counters : 1
 |    Counter                                      |     #     |    sum     | mean/eff^* | rms/err^*  |     min     |     max     |
 | "# UnPackedData"                                |        10 |       4835 |     483.50 |     242.94 |      176.00 |      964.00 |
UnpackMCITHits    SUCCESS Number of counters : 1
 |    Counter                                      |     #     |    sum     | mean/eff^* | rms/err^*  |     min     |     max     |
 | "# UnPackedData"                                |        10 |       4513 |     451.30 |     321.20 |      86.000 |      958.00 |
UnpackMCOTHits    SUCCESS Number of counters : 1
 |    Counter                                      |     #     |    sum     | mean/eff^* | rms/err^*  |     min     |     max     |
 | "# UnPackedData"                                |        10 |      12381 |     1238.1 |     646.85 |      314.00 |      2720.0 |
UnpackMCRichHits  SUCCESS Number of counters : 1
 |    Counter                                      |     #     |    sum     | mean/eff^* | rms/err^*  |     min     |     max     |
 | "# UnPackedData"                                |        10 |      32992 |     3299.2 |     1883.7 |      1086.0 |      6615.0 |
UnpackMCSpdHits   SUCCESS Number of counters : 1
 |    Counter                                      |     #     |    sum     | mean/eff^* | rms/err^*  |     min     |     max     |
 | "# UnPackedData"                                |        10 |      15888 |     1588.8 |     793.24 |      483.00 |      3026.0 |
UnpackMCPrsHits   SUCCESS Number of counters : 1
 |    Counter                                      |     #     |    sum     | mean/eff^* | rms/err^*  |     min     |     max     |
 | "# UnPackedData"                                |        10 |      29604 |     2960.4 |     1438.0 |      832.00 |      5378.0 |
UnpackMCEcalHits  SUCCESS Number of counters : 1
 |    Counter                                      |     #     |    sum     | mean/eff^* | rms/err^*  |     min     |     max     |
 | "# UnPackedData"                                |        10 |      36798 |     3679.8 |     1721.9 |      945.00 |      6686.0 |
UnpackMCHcalHits  SUCCESS Number of counters : 1
 |    Counter                                      |     #     |    sum     | mean/eff^* | rms/err^*  |     min     |     max     |
 | "# UnPackedData"                                |        10 |       4583 |     458.30 |     242.85 |      136.00 |      825.00 |
BooleInit         SUCCESS ==================================================================
BooleInit         SUCCESS 10 events processed
BooleInit         SUCCESS ==================================================================
VeloSim              INFO Removed  0.79% MCVeloFEs due to bad strips and  0.00% as random removals
VeloPUSim            INFO Removed  0.00% MCVeloFEs due to bad strips and  0.60% as random removals
TTClusterKiller      INFO Fraction of clusters killed 0 %
TTClusterKiller   SUCCESS Number of counters : 2
 |    Counter                                      |     #     |    sum     | mean/eff^* | rms/err^*  |     min     |     max     |
 | "Dead"                                          |         0 |          0 |     0.0000 |     0.0000 | 1.7977e+308 |-1.7977e+308 |
 | "Processed"                                     |      4499 |       4499 |     1.0000 |     0.0000 |      1.0000 |      1.0000 |
ITClusterKiller      INFO Fraction of clusters killed 0.121036 %
ITClusterKiller   SUCCESS Number of counters : 2
 |    Counter                                      |     #     |    sum     | mean/eff^* | rms/err^*  |     min     |     max     |
 | "Dead"                                          |         5 |          5 |     1.0000 |     0.0000 |      1.0000 |      1.0000 |
 | "Processed"                                     |      4131 |       4131 |     1.0000 |     0.0000 |      1.0000 |      1.0000 |
RichPDSignal      SUCCESS Number of counters : 1
 |    Counter                                      |     #     |    sum     | mean/eff^* | rms/err^*  |     min     |     max     |
 | "Found MCRichHits at MC/Rich/Hits"              |        10 |         10 |     1.0000 |     0.0000 |      1.0000 |      1.0000 |
CaloFillPrsSpdR...   INFO Average event size :   345.3 words,    82.2 for trigger  Mean bank size    34.5, maximum size    48.6
EcalFillRawBuffer    INFO Average event size :  1581.0 words,  1321.2 for trigger  Mean bank size    56.5, maximum size    66.5
HcalFillRawBuffer    INFO Average event size :   420.4 words,   326.8 for trigger  Mean bank size    52.5, maximum size    70.6
EcalDigitMCTruth  SUCCESS Number of counters : 1
 |    Counter                                      |     #     |    sum     | mean/eff^* | rms/err^*  |     min     |     max     |
 | "#Digit->MC links"                              |        10 |      72453 |     7245.3 |     3862.4 |      1718.0 |      14944. |
HcalDigitMCTruth  SUCCESS Number of counters : 1
 |    Counter                                      |     #     |    sum     | mean/eff^* | rms/err^*  |     min     |     max     |
 | "#Digit->MC links"                              |        10 |       8161 |     816.10 |     501.55 |      208.00 |      1801.0 |
VeloSimMoni          INFO ------------------------------------------------------
VeloSimMoni          INFO                 - VeloSimMoni table -
VeloSimMoni          INFO ------------------------------------------------------
VeloSimMoni          INFO | Number of MCVeloFEs/Event: 2022 +/- 313.544
VeloSimMoni          INFO | FEs from signal:                      96.26%
VeloSimMoni          INFO | FEs from noise:                       1.711%
VeloSimMoni          INFO | FEs from other, coupling + spillover: 2.027%
VeloSimMoni          INFO ------------------------------------------------------
VeloRawClusters...   INFO ======================================================
VeloRawClusters...   INFO               - VeloClusterMoni table -
VeloRawClusters...   INFO ------------------------------------------------------
VeloRawClusters...   INFO | Number of Clusters/Event: 1179.8 +/- 175.712
VeloRawClusters...   INFO | Clusters from signal:                      100%
VeloRawClusters...   INFO | Clusters from noise:                       0%
VeloRawClusters...   INFO | Clusters from other (coupling+spillover):  0%
VeloRawClusters...   INFO ------------------------------------------------------
VeloRawClusters...   INFO               - Size of clusters (all)-
VeloRawClusters...   INFO ------------------------------------------------------
VeloRawClusters...   INFO | 1 strip clusters/event:     719.1 (60.95%)
VeloRawClusters...   INFO | 2 strip clusters/event:     362.4 (30.72%)
VeloRawClusters...   INFO | 3 strip clusters/event:     67.1 (5.69%)
VeloRawClusters...   INFO | 4 strip clusters/event:     31.2 (2.64%)
VeloRawClusters...   INFO ------------------------------------------------------
VeloRawClusters...   INFO               - Association failure -
VeloRawClusters...   INFO ------------------------------------------------------
VeloRawClusters...   INFO  Relative number of un-associated clusters: 0 %
VeloRawClusters...   INFO ======================================================
MCTTDepositMonitorSUCCESS Booked 4 Histogram(s) : 1D=4
MCTTDigitMonitor  SUCCESS Booked 4 Histogram(s) : 1D=4
TTDigitMonitor    SUCCESS Booked 4 Histogram(s) : 1D=4
TTClusterMonitor  SUCCESS Booked 18 Histogram(s) : 1D=13 2D=4 1DProf=1
TTClusterMonitor  SUCCESS Number of counters : 1
 |    Counter                                      |     #     |    sum     | mean/eff^* | rms/err^*  |     min     |     max     |
 | "Number of events"                              |        10 |         10 |     1.0000 |     0.0000 |      1.0000 |      1.0000 |
TTEffChecker         INFO  -------Efficiency %---------
TTEffChecker         INFO TTaX eff 98.8372 +/- 0.667423
TTEffChecker         INFO TTaU eff 100 +/- 0
TTEffChecker         INFO TTbX eff 100 +/- 0
TTEffChecker         INFO TTbV eff 99.6169 +/- 0.382407
TTEffChecker         INFO  -----------------------
TTEffChecker      SUCCESS Booked 24 Histogram(s) : 1D=16 2D=8
MCITDepositMonitorSUCCESS Booked 4 Histogram(s) : 1D=4
MCITDigitMonitor  SUCCESS Booked 4 Histogram(s) : 1D=4
ITDigitMonitor    SUCCESS Booked 4 Histogram(s) : 1D=4
ITClusterMonitor  SUCCESS Booked 14 Histogram(s) : 1D=9 2D=4 1DProf=1
ITClusterMonitor  SUCCESS Number of counters : 1
 |    Counter                                      |     #     |    sum     | mean/eff^* | rms/err^*  |     min     |     max     |
 | "Number of events"                              |        10 |         10 |     1.0000 |     0.0000 |      1.0000 |      1.0000 |
ITEffChecker         INFO  -------Efficiency %---------
ITEffChecker         INFO IT1TopX1 eff 100 +/- 0
ITEffChecker         INFO IT1TopU eff 100 +/- 0
ITEffChecker         INFO IT1TopV eff 100 +/- 0
ITEffChecker         INFO IT1TopX2 eff 100 +/- 0
ITEffChecker         INFO IT1BottomX1 eff 100 +/- 0
ITEffChecker         INFO IT1BottomU eff 100 +/- 0
ITEffChecker         INFO IT1BottomV eff 100 +/- 0
ITEffChecker         INFO IT1BottomX2 eff 94.1176 +/- 5.70672
ITEffChecker         INFO IT1ASideX1 eff 100 +/- 0
ITEffChecker         INFO IT1ASideU eff 96.2963 +/- 3.63447
ITEffChecker         INFO IT1ASideV eff 100 +/- 0
ITEffChecker         INFO IT1ASideX2 eff 100 +/- 0
ITEffChecker         INFO IT1CSideX1 eff 96.6667 +/- 3.27731
ITEffChecker         INFO IT1CSideU eff 100 +/- 0
ITEffChecker         INFO IT1CSideV eff 100 +/- 0
ITEffChecker         INFO IT1CSideX2 eff 100 +/- 0
ITEffChecker         INFO IT2TopX1 eff 100 +/- 0
ITEffChecker         INFO IT2TopU eff 100 +/- 0
ITEffChecker         INFO IT2TopV eff 100 +/- 0
ITEffChecker         INFO IT2TopX2 eff 100 +/- 0
ITEffChecker         INFO IT2BottomX1 eff 100 +/- 0
ITEffChecker         INFO IT2BottomU eff 100 +/- 0
ITEffChecker         INFO IT2BottomV eff 100 +/- 0
ITEffChecker         INFO IT2BottomX2 eff 100 +/- 0
ITEffChecker         INFO IT2ASideX1 eff 100 +/- 0
ITEffChecker         INFO IT2ASideU eff 100 +/- 0
ITEffChecker         INFO IT2ASideV eff 100 +/- 0
ITEffChecker         INFO IT2ASideX2 eff 100 +/- 0
ITEffChecker         INFO IT2CSideX1 eff 100 +/- 0
ITEffChecker         INFO IT2CSideU eff 100 +/- 0
ITEffChecker         INFO IT2CSideV eff 100 +/- 0
ITEffChecker         INFO IT2CSideX2 eff 100 +/- 0
ITEffChecker         INFO IT3TopX1 eff 62.5 +/- 17.1163
ITEffChecker         INFO IT3TopU eff 100 +/- 0
ITEffChecker         INFO IT3TopV eff 100 +/- 0
ITEffChecker         INFO IT3TopX2 eff 100 +/- 0
ITEffChecker         INFO IT3BottomX1 eff 100 +/- 0
ITEffChecker         INFO IT3BottomU eff 100 +/- 0
ITEffChecker         INFO IT3BottomV eff 100 +/- 0
ITEffChecker         INFO IT3BottomX2 eff 100 +/- 0
ITEffChecker         INFO IT3ASideX1 eff 95.6522 +/- 4.25226
ITEffChecker         INFO IT3ASideU eff 100 +/- 0
ITEffChecker         INFO IT3ASideV eff 95.4545 +/- 4.44095
ITEffChecker         INFO IT3ASideX2 eff 100 +/- 0
ITEffChecker         INFO IT3CSideX1 eff 100 +/- 0
ITEffChecker         INFO IT3CSideU eff 89.2857 +/- 5.84512
ITEffChecker         INFO IT3CSideV eff 100 +/- 0
ITEffChecker         INFO IT3CSideX2 eff 100 +/- 0
ITEffChecker         INFO  -----------------------
ITEffChecker      SUCCESS Booked 288 Histogram(s) : 1D=192 2D=96
MCOTDepositMonitorSUCCESS Booked 31 Histogram(s) : 1D=27 2D=4
RiDigitQC            INFO ===============================================================================================
RiDigitQC            INFO                             RICH Digitisation Simulation Summary
RiDigitQC            INFO -----------------------------------------------------------------------------------------------
RiDigitQC            INFO  Rich1 : Av. total  hit occupancy      1407.90 +-11.87 hits/event
RiDigitQC            INFO        : Av. signal hit occupancy       953.30 +- 9.76 hits/event
RiDigitQC            INFO        :   /Event/MC/Rich/Hits          100.00 +- 0.00 % of total, 100.00 +- 0.00 % signal eff.
RiDigitQC            INFO        : Av. HPD hit occupancy            7.37 +- 0.06 hits/event
RiDigitQC            INFO        :   Min Av. HPD occ. hID=644010    0.10 +- 0.10 hits/event
RiDigitQC            INFO        :   Max Av. HPD occ. hID=646005   40.30 +- 2.01 hits/event
RiDigitQC            INFO        : % overall background hits       32.29 +- 0.39 %
RiDigitQC            INFO        :   % rayleigh scattered hits      1.64 +- 0.11 %
RiDigitQC            INFO        :   % charged track on HPD hits    0.00 +- 0.00 %
RiDigitQC            INFO        :   % gas quartz window CK hits    3.71 +- 0.16 %
RiDigitQC            INFO        :   % hpd quartz window CK hits   19.36 +- 0.33 %
RiDigitQC            INFO        :   % nitrogen CK hits             0.03 +- 0.01 %
RiDigitQC            INFO        :   % aerogel filter CK hits       0.07 +- 0.02 %
RiDigitQC            INFO        :   % silicon back-scatter hits    0.58 +- 0.06 %
RiDigitQC            INFO        :   % internal reflection hits    16.22 +- 0.31 %
RiDigitQC            INFO        :   % silicon charge share hits    1.19 +- 0.09 %
RiDigitQC            INFO -----------------------------------------------------------------------------------------------
RiDigitQC            INFO  Rich2 : Av. total  hit occupancy      1022.80 +-10.11 hits/event
RiDigitQC            INFO        : Av. signal hit occupancy       529.80 +- 7.28 hits/event
RiDigitQC            INFO        :   /Event/MC/Rich/Hits          100.00 +- 0.00 % of total, 100.00 +- 0.00 % signal eff.
RiDigitQC            INFO        : Av. HPD hit occupancy            4.53 +- 0.04 hits/event
RiDigitQC            INFO        :   Min Av. HPD occ. hID=719002    0.10 +- 0.10 hits/event
RiDigitQC            INFO        :   Max Av. HPD occ. hID=606005   13.30 +- 1.15 hits/event
RiDigitQC            INFO        : % overall background hits       48.20 +- 0.49 %
RiDigitQC            INFO        :   % rayleigh scattered hits      0.00 +- 0.00 %
RiDigitQC            INFO        :   % charged track on HPD hits    0.03 +- 0.02 %
RiDigitQC            INFO        :   % gas quartz window CK hits    4.57 +- 0.21 %
RiDigitQC            INFO        :   % hpd quartz window CK hits   33.89 +- 0.47 %
RiDigitQC            INFO        :   % nitrogen CK hits             0.00 +- 0.00 %
RiDigitQC            INFO        :   % aerogel filter CK hits       0.00 +- 0.00 %
RiDigitQC            INFO        :   % silicon back-scatter hits    0.70 +- 0.08 %
RiDigitQC            INFO        :   % internal reflection hits    24.67 +- 0.43 %
RiDigitQC            INFO        :   % silicon charge share hits    1.86 +- 0.13 %
RiDigitQC            INFO ===============================================================================================
RiDigitQC         SUCCESS Booked 6 Histogram(s) : 1D=6
SpdCheck          SUCCESS Booked 4 Histogram(s) : 1D=4
PrsCheck          SUCCESS Booked 4 Histogram(s) : 1D=4
EcalCheck         SUCCESS Booked 6 Histogram(s) : 1D=6
HcalCheck         SUCCESS Booked 6 Histogram(s) : 1D=6
MuonDigitChecker     INFO -----------------------------------------------------------------
MuonDigitChecker     INFO        Muon Monitoring Table
MuonDigitChecker     INFO -----------------------------------------------------------------
MuonDigitChecker     INFO -----------------------------------------------------------------
MuonDigitChecker     INFO     Digi Information
MuonDigitChecker     INFO -----------------------------------------------------------------
MuonDigitChecker     INFO -----------------------------------------------------------------
MuonDigitChecker     INFO -----   Container: Geant------------------------
MuonDigitChecker     INFO -----------------------------------------------------------------
MuonDigitChecker     INFO M1     M2     M3     M4     M5
MuonDigitChecker     INFO 48.400  26.600  6.800  1.600  2.000   R1
MuonDigitChecker     INFO 44.800  14.300  2.500  0.800  0.600   R2
MuonDigitChecker     INFO 41.400  2.900  1.400  0.500  0.400   R3
MuonDigitChecker     INFO 45.500  7.300  1.300  0.400  0.600   R4
MuonDigitChecker     INFO -----------------------------------------------------------------
MuonDigitChecker     INFO -----   Container: FlastSpillOver------------------------
MuonDigitChecker     INFO -----------------------------------------------------------------
MuonDigitChecker     INFO M1     M2     M3     M4     M5
MuonDigitChecker     INFO 0.000  0.200  0.900  0.100  0.200   R1
MuonDigitChecker     INFO 0.900  2.900  0.700  0.600  0.400   R2
MuonDigitChecker     INFO 0.900  2.500  1.200  0.200  2.100   R3
MuonDigitChecker     INFO 0.500  1.100  0.200  0.000  2.600   R4
MuonDigitChecker     INFO -----------------------------------------------------------------
MuonDigitChecker     INFO -----   Container: Low Energy Background------------------------
MuonDigitChecker     INFO -----------------------------------------------------------------
MuonDigitChecker     INFO M1     M2     M3     M4     M5
MuonDigitChecker     INFO 0.000  3.100  4.200  0.600  0.500   R1
MuonDigitChecker     INFO 0.000  3.900  1.900  0.200  0.500   R2
MuonDigitChecker     INFO 0.000  2.100  0.200  0.600  0.000   R3
MuonDigitChecker     INFO 0.000  0.900  0.400  0.000  0.000   R4
MuonDigitChecker     INFO -----------------------------------------------------------------
MuonDigitChecker     INFO -----   Container: Chamber Noise------------------------
MuonDigitChecker     INFO -----------------------------------------------------------------
MuonDigitChecker     INFO M1     M2     M3     M4     M5
MuonDigitChecker     INFO 0.000  0.000  0.000  0.000  0.000   R1
MuonDigitChecker     INFO 0.000  0.000  0.000  0.000  0.000   R2
MuonDigitChecker     INFO 0.000  0.000  0.000  0.000  0.000   R3
MuonDigitChecker     INFO 0.000  0.000  0.000  0.000  0.000   R4
MuonDigitChecker     INFO -----------------------------------------------------------------
MuonDigitChecker     INFO -----   Container: Crosstalk------------------------
MuonDigitChecker     INFO -----------------------------------------------------------------
MuonDigitChecker     INFO M1     M2     M3     M4     M5
MuonDigitChecker     INFO 2.700  3.100  1.200  0.600  0.700   R1
MuonDigitChecker     INFO 15.000  1.400  0.300  0.200  0.000   R2
MuonDigitChecker     INFO 9.100  1.500  0.400  0.200  0.200   R3
MuonDigitChecker     INFO 1.300  0.500  0.000  0.000  0.000   R4
MuonDigitChecker     INFO -----------------------------------------------------------------
MuonDigitChecker     INFO -----   Container: Electronic Noise------------------------
MuonDigitChecker     INFO -----------------------------------------------------------------
MuonDigitChecker     INFO M1     M2     M3     M4     M5
MuonDigitChecker     INFO 0.000  0.000  0.000  0.000  0.000   R1
MuonDigitChecker     INFO 0.000  0.000  0.000  0.000  0.000   R2
MuonDigitChecker     INFO 0.000  0.000  0.200  0.000  0.000   R3
MuonDigitChecker     INFO 0.000  0.000  0.000  0.000  0.000   R4
DigiWriter           INFO Events output: 10
RawWriter            INFO Events output: 10
EventLoopMgr         INFO Histograms converted successfully according to request.
LHCb::RawDataCn...   INFO Closed connected MDF stream:PFN:Boole-10ev.mdf ID:0x3b15c770
RootCnvSvc           INFO Disconnected data IO:0E31E47A-0DDA-E111-93F3-003048C9CD62 [Boole-10ev.digi]
RootCnvSvc           INFO Disconnected data IO:4264D488-4907-E111-996C-0025901C1748 [castor:/castor/cern.ch/grid/lhcb/MC/2011/XDST/00012935/0000/00012935_00000827_3.xdst]
ToolSvc              INFO Removing all tools created by ToolSvc
HcalFromRaw.Hca...SUCCESS Number of counters : 1
 |    Counter                                      |     #     |    sum     | mean/eff^* | rms/err^*  |     min     |     max     |
 | "getCaloBanks"                                  |        10 |         10 |     1.0000 |     0.0000 |      1.0000 |      1.0000 |
EcalFromRaw.Eca...SUCCESS Number of counters : 1
 |    Counter                                      |     #     |    sum     | mean/eff^* | rms/err^*  |     min     |     max     |
 | "getCaloBanks"                                  |        10 |         10 |     1.0000 |     0.0000 |      1.0000 |      1.0000 |
ToolSvc.RichRaw...   INFO ========================================================================================================================
ToolSvc.RichRaw...   INFO                              RICH Level 1 : Encoding Summary : 10 events
ToolSvc.RichRaw...   INFO ------------------------------------------------------------------------------------------------------------------------
ToolSvc.RichRaw...   INFO  Rich2 L1ID(hard/log)  1/ 8 V129 | L1 size =   9.40 +- 0.97 pds :   47.50 +- 2.18 words :   94.80 +- 3.08 hits / event
ToolSvc.RichRaw...   INFO  Rich2 L1ID(hard/log)  2/12 V129 | L1 size =   7.90 +- 0.89 pds :   36.90 +- 1.92 words :   64.80 +- 2.55 hits / event
ToolSvc.RichRaw...   INFO ------------------------------------------------------------------------------------------------------------------------
ToolSvc.RichRaw...   INFO  Rich1 L1ID(hard/log)  3/ 1 V129 | L1 size =  18.40 +- 1.36 pds :   73.10 +- 2.70 words :   99.30 +- 3.15 hits / event
ToolSvc.RichRaw...   INFO ------------------------------------------------------------------------------------------------------------------------
ToolSvc.RichRaw...   INFO  Rich2 L1ID(hard/log)  4/ 6 V129 | L1 size =   8.10 +- 0.90 pds :   41.20 +- 2.03 words :   66.80 +- 2.58 hits / event
ToolSvc.RichRaw...   INFO  Rich2 L1ID(hard/log)  5/ 7 V129 | L1 size =   8.10 +- 0.90 pds :   42.90 +- 2.07 words :   68.80 +- 2.62 hits / event
ToolSvc.RichRaw...   INFO  Rich2 L1ID(hard/log)  6/ 3 V129 | L1 size =  10.60 +- 1.03 pds :   49.20 +- 2.22 words :   81.20 +- 2.85 hits / event
ToolSvc.RichRaw...   INFO  Rich2 L1ID(hard/log)  7/11 V129 | L1 size =  11.50 +- 1.07 pds :   42.10 +- 2.05 words :   49.90 +- 2.23 hits / event
ToolSvc.RichRaw...   INFO  Rich2 L1ID(hard/log)  8/ 2 V129 | L1 size =   7.90 +- 0.89 pds :   51.60 +- 2.27 words :   96.00 +- 3.10 hits / event
ToolSvc.RichRaw...   INFO  Rich2 L1ID(hard/log)  9/ 1 V129 | L1 size =  10.70 +- 1.03 pds :   59.30 +- 2.44 words :  106.50 +- 3.26 hits / event
ToolSvc.RichRaw...   INFO  Rich2 L1ID(hard/log) 10/13 V129 | L1 size =   9.40 +- 0.97 pds :   39.50 +- 1.99 words :   52.60 +- 2.29 hits / event
ToolSvc.RichRaw...   INFO  Rich2 L1ID(hard/log) 11/ 4 V129 | L1 size =   9.80 +- 0.99 pds :   51.50 +- 2.27 words :  117.10 +- 3.42 hits / event
ToolSvc.RichRaw...   INFO  Rich2 L1ID(hard/log) 12/ 5 V129 | L1 size =   9.50 +- 0.97 pds :   45.50 +- 2.13 words :   74.20 +- 2.72 hits / event
ToolSvc.RichRaw...   INFO ------------------------------------------------------------------------------------------------------------------------
ToolSvc.RichRaw...   INFO  Rich1 L1ID(hard/log) 13/ 2 V129 | L1 size =  18.20 +- 1.35 pds :   71.30 +- 2.67 words :  105.70 +- 3.25 hits / event
ToolSvc.RichRaw...   INFO  Rich1 L1ID(hard/log) 14/ 3 V129 | L1 size =  19.20 +- 1.39 pds :  100.90 +- 3.18 words :  208.60 +- 4.57 hits / event
ToolSvc.RichRaw...   INFO  Rich1 L1ID(hard/log) 15/10 V129 | L1 size =  10.70 +- 1.03 pds :   61.60 +- 2.48 words :  110.70 +- 3.33 hits / event
ToolSvc.RichRaw...   INFO  Rich1 L1ID(hard/log) 16/ 4 V129 | L1 size =   9.20 +- 0.96 pds :   57.60 +- 2.40 words :  112.90 +- 3.36 hits / event
ToolSvc.RichRaw...   INFO  Rich1 L1ID(hard/log) 17/ 5 V129 | L1 size =   6.70 +- 0.82 pds :   60.50 +- 2.46 words :  131.00 +- 3.62 hits / event
ToolSvc.RichRaw...   INFO  Rich1 L1ID(hard/log) 18/ 6 V129 | L1 size =  15.50 +- 1.24 pds :   76.20 +- 2.76 words :  135.70 +- 3.68 hits / event
ToolSvc.RichRaw...   INFO  Rich1 L1ID(hard/log) 19/ 9 V129 | L1 size =  14.40 +- 1.20 pds :   69.90 +- 2.64 words :  123.10 +- 3.51 hits / event
ToolSvc.RichRaw...   INFO  Rich1 L1ID(hard/log) 20/ 7 V129 | L1 size =  15.40 +- 1.24 pds :   69.10 +- 2.63 words :  156.00 +- 3.95 hits / event
ToolSvc.RichRaw...   INFO ------------------------------------------------------------------------------------------------------------------------
ToolSvc.RichRaw...   INFO  Rich2 L1ID(hard/log) 22/ 9 V129 | L1 size =  10.80 +- 1.04 pds :   45.60 +- 2.14 words :   71.20 +- 2.67 hits / event
ToolSvc.RichRaw...   INFO ------------------------------------------------------------------------------------------------------------------------
ToolSvc.RichRaw...   INFO  Rich1 L1ID(hard/log) 23/ 8 V129 | L1 size =   4.80 +- 0.69 pds :   74.20 +- 2.72 words :  174.50 +- 4.18 hits / event
ToolSvc.RichRaw...   INFO ------------------------------------------------------------------------------------------------------------------------
ToolSvc.RichRaw...   INFO  Rich2 L1ID(hard/log) 24/10 V129 | L1 size =  10.70 +- 1.03 pds :   45.80 +- 2.14 words :   78.90 +- 2.81 hits / event
ToolSvc.RichRaw...   INFO ------------------------------------------------------------------------------------------------------------------------
ToolSvc.RichRaw...   INFO  Rich1 L1ID(hard/log) 27/11 V129 | L1 size =  15.90 +- 1.26 pds :   49.40 +- 2.22 words :   50.40 +- 2.24 hits / event
ToolSvc.RichRaw...   INFO ------------------------------------------------------------------------------------------------------------------------
ToolSvc.RichRaw...   INFO  Rich1 Average                   | L1 size = 148.40 +- 3.85 pds :  763.80 +- 8.74 words : 1407.90 +-11.87 hits / event
ToolSvc.RichRaw...   INFO  Rich2 Average                   | L1 size = 124.40 +- 3.53 pds :  598.60 +- 7.74 words : 1022.80 +-10.11 hits / event
ToolSvc.RichRaw...   INFO ========================================================================================================================
VeloPUSim.RadDa...SUCCESS Exceptions/Errors/Warnings/Infos Statistics : 0/0/1/0
VeloPUSim.RadDa...SUCCESS  #WARNINGS   = 84       Message = 'Missing M2 coupling conditions using default values'
VeloSim.RadDamage SUCCESS Exceptions/Errors/Warnings/Infos Statistics : 0/0/1/0
VeloSim.RadDamage SUCCESS  #WARNINGS   = 84       Message = 'Missing M2 coupling conditions using default values'
BooleInit.Boole...SUCCESS Booked 4 Histogram(s) : 1D=4
BooleInit.Boole...SUCCESS Number of counters : 2
 |    Counter                                      |     #     |    sum     | mean/eff^* | rms/err^*  |     min     |     max     |
 | "Delta Memory/MB"                               |         9 |    108.716 |     12.080 |     29.480 |      0.0000 |      94.988 |
 | "Total Memory/MB"                               |        10 |   11147.47 |     1114.7 |     31.876 |      1020.6 |      1129.3 |
ToolSvc.OTChann...SUCCESS Exceptions/Errors/Warnings/Infos Statistics : 0/0/1/0
ToolSvc.OTChann...SUCCESS  #WARNINGS   = 1        Message = 'Updating OT channel map for bank version 3'
TimingAuditor.T...   INFO --------------------------------------------------------------------------------------------------
TimingAuditor.T...   INFO This machine has a speed about   2.40 times the speed of a 2.8 GHz Xeon.
TimingAuditor.T...   INFO Algorithm          (millisec) |    <user> |   <clock> |      min       max | entries | total (s) |
TimingAuditor.T...   INFO --------------------------------------------------------------------------------------------------
TimingAuditor.T...   INFO EVENT LOOP                    |   876.067 |   945.471 |  193.546    2079.2 |      10 |     9.455 |
TimingAuditor.T...   INFO  BooleSequencer               |   302.354 |   358.164 |  116.360     782.2 |      10 |     3.582 |
TimingAuditor.T...   INFO   Init                        |    18.597 |    32.649 |    6.750     123.9 |      10 |     0.326 |
TimingAuditor.T...   INFO    InitBooleSeq               |     3.599 |     6.750 |    1.542      30.4 |      10 |     0.067 |
TimingAuditor.T...   INFO     BooleInit                 |     1.900 |     3.651 |    0.646      18.0 |      10 |     0.037 |
TimingAuditor.T...   INFO     SpilloverHandler          |     1.600 |     3.082 |    0.869      12.3 |      10 |     0.031 |
TimingAuditor.T...   INFO      SpilloverLoader          |     1.500 |     3.047 |    0.838      12.3 |      10 |     0.030 |
TimingAuditor.T...   INFO      SpilloverKiller          |     0.000 |     0.017 |    0.013       0.0 |      10 |     0.000 |
TimingAuditor.T...   INFO    InitDataSeq                |     0.100 |     0.004 |    0.003       0.0 |      10 |     0.000 |
TimingAuditor.T...   INFO    InitMuonSeq                |    14.898 |    25.876 |    5.188      96.9 |      10 |     0.259 |
TimingAuditor.T...   INFO     MuonLowEnergy             |    12.598 |    22.248 |    3.455      94.7 |      10 |     0.222 |
TimingAuditor.T...   INFO     MuonFlatSpillover         |     2.300 |     3.604 |    1.540      19.7 |      10 |     0.036 |
TimingAuditor.T...   INFO   Digi                        |   163.575 |   184.764 |   69.774     355.4 |      10 |     1.848 |
TimingAuditor.T...   INFO    DigiVeloSeq                |    36.695 |    40.081 |   17.985      74.7 |      10 |     0.401 |
TimingAuditor.T...   INFO     VeloSim                   |    28.496 |    30.490 |   12.017      52.9 |      10 |     0.305 |
TimingAuditor.T...   INFO     VeloPUSim                 |     2.200 |     3.723 |    0.636      13.5 |      10 |     0.037 |
TimingAuditor.T...   INFO     VeloTell1DataProcessor    |     2.200 |     2.347 |    2.080       3.4 |      10 |     0.023 |
TimingAuditor.T...   INFO     VeloSimTell1ClusterMaker  |     3.499 |     3.375 |    2.594       7.8 |      10 |     0.034 |
TimingAuditor.T...   INFO     PuVetoFillRawBuffer       |     0.000 |     0.047 |    0.021       0.2 |      10 |     0.000 |
TimingAuditor.T...   INFO    DigiTTSeq                  |    26.096 |    28.447 |    9.984      66.5 |      10 |     0.284 |
TimingAuditor.T...   INFO     MCTTDepositCreator        |    19.697 |    21.800 |    6.285      53.4 |      10 |     0.218 |
TimingAuditor.T...   INFO     MCTTDigitCreator          |     1.000 |     0.633 |    0.204       1.2 |      10 |     0.006 |
TimingAuditor.T...   INFO     TTDigitCreator            |     3.200 |     3.442 |    2.400       5.1 |      10 |     0.034 |
TimingAuditor.T...   INFO     TTClusterCreator          |     1.300 |     1.270 |    0.676       2.1 |      10 |     0.013 |
TimingAuditor.T...   INFO     TTClusterKiller           |     0.100 |     0.183 |    0.070       0.5 |      10 |     0.002 |
TimingAuditor.T...   INFO     createTTRawBuffer         |     0.700 |     1.068 |    0.290       4.0 |      10 |     0.011 |
TimingAuditor.T...   INFO    DigiITSeq                  |    18.297 |    20.406 |    5.424      39.6 |      10 |     0.204 |
TimingAuditor.T...   INFO     MCITDepositCreator        |    13.498 |    15.505 |    2.826      32.6 |      10 |     0.155 |
TimingAuditor.T...   INFO     MCITDigitCreator          |     0.300 |     0.475 |    0.103       1.0 |      10 |     0.005 |
TimingAuditor.T...   INFO     ITDigitCreator            |     2.999 |     2.872 |    1.827       4.2 |      10 |     0.029 |
TimingAuditor.T...   INFO     ITClusterCreator          |     1.100 |     1.089 |    0.491       1.9 |      10 |     0.011 |
TimingAuditor.T...   INFO     ITClusterKiller           |     0.200 |     0.153 |    0.041       0.3 |      10 |     0.002 |
TimingAuditor.T...   INFO     createITRawBuffer         |     0.200 |     0.265 |    0.097       0.5 |      10 |     0.003 |
TimingAuditor.T...   INFO    DigiOTSeq                  |    12.498 |    15.015 |    3.262      40.4 |      10 |     0.150 |
TimingAuditor.T...   INFO     MCOTDepositCreator        |    10.398 |    13.067 |    2.695      38.2 |      10 |     0.131 |
TimingAuditor.T...   INFO     MCOTTimeCreator           |     1.600 |     1.537 |    0.363       3.2 |      10 |     0.015 |
TimingAuditor.T...   INFO     OTFillRawBuffer           |     0.500 |     0.383 |    0.180       1.0 |      10 |     0.004 |
TimingAuditor.T...   INFO    DigiRichSeq                |    12.698 |    17.064 |    3.781      36.2 |      10 |     0.171 |
TimingAuditor.T...   INFO     RichPDSignal              |     3.499 |     7.933 |    0.730      28.6 |      10 |     0.079 |
TimingAuditor.T...   INFO     RichChargeShare           |     0.500 |     0.418 |    0.132       0.8 |      10 |     0.004 |
TimingAuditor.T...   INFO     RichSummedDeposits        |     0.700 |     0.839 |    0.258       1.6 |      10 |     0.008 |
TimingAuditor.T...   INFO     RichPDResponse            |     6.099 |     6.141 |    2.023      10.6 |      10 |     0.061 |
TimingAuditor.T...   INFO     RichFillRawBuffer         |     1.800 |     1.682 |    0.596       6.0 |      10 |     0.017 |
TimingAuditor.T...   INFO    DigiCaloSeq                |    41.794 |    48.233 |   18.956      96.0 |      10 |     0.482 |
TimingAuditor.T...   INFO     SpdSignal                 |     2.300 |     3.656 |    0.777      14.7 |      10 |     0.037 |
TimingAuditor.T...   INFO     PrsSignal                 |     2.399 |     3.901 |    0.821      15.6 |      10 |     0.039 |
TimingAuditor.T...   INFO     EcalSignal                |     3.300 |     5.380 |    0.879      17.3 |      10 |     0.054 |
TimingAuditor.T...   INFO     HcalSignal                |     1.400 |     2.781 |    0.553      11.8 |      10 |     0.028 |
TimingAuditor.T...   INFO     SpdDigit                  |     8.999 |     9.136 |    2.955      14.7 |      10 |     0.091 |
TimingAuditor.T...   INFO     PrsDigit                  |    16.297 |    16.173 |    6.202      25.3 |      10 |     0.162 |
TimingAuditor.T...   INFO     EcalDigit                 |     4.599 |     4.704 |    4.401       5.6 |      10 |     0.047 |
TimingAuditor.T...   INFO     HcalDigit                 |     1.300 |     1.328 |    1.244       1.5 |      10 |     0.013 |
TimingAuditor.T...   INFO     CaloFillPrsSpdRawBuffer   |     0.500 |     0.538 |    0.423       0.9 |      10 |     0.005 |
TimingAuditor.T...   INFO     EcalFillRawBuffer         |     0.400 |     0.428 |    0.380       0.6 |      10 |     0.004 |
TimingAuditor.T...   INFO     HcalFillRawBuffer         |     0.200 |     0.117 |    0.105       0.1 |      10 |     0.001 |
TimingAuditor.T...   INFO    DigiMuonSeq                |    15.398 |    15.487 |    8.572      25.9 |      10 |     0.155 |
TimingAuditor.T...   INFO     MuonDigitization          |    14.198 |    14.252 |    7.411      24.8 |      10 |     0.143 |
TimingAuditor.T...   INFO     MuonDigitToRawBuffer      |     1.100 |     1.147 |    1.069       1.7 |      10 |     0.011 |
TimingAuditor.T...   INFO   Link                        |    84.687 |   104.621 |   25.952     239.1 |      10 |     1.046 |
TimingAuditor.T...   INFO    LinkVeloSeq                |     7.899 |    12.282 |    2.621      42.7 |      10 |     0.123 |
TimingAuditor.T...   INFO     DecodeVeloRawBuffer       |     0.700 |     0.563 |    0.284       1.0 |      10 |     0.006 |
TimingAuditor.T...   INFO     VeloCluster2MCHitLinker   |     5.599 |     8.306 |    1.875      26.8 |      10 |     0.083 |
TimingAuditor.T...   INFO     VeloCluster2MCParticleLink|     1.600 |     3.382 |    0.422      15.5 |      10 |     0.034 |
TimingAuditor.T...   INFO    LinkTTSeq                  |     9.598 |    13.155 |    3.391      39.7 |      10 |     0.132 |
TimingAuditor.T...   INFO     TTDigitLinker             |     3.999 |     4.327 |    1.674      11.4 |      10 |     0.043 |
TimingAuditor.T...   INFO     TTClusterLinker           |     2.999 |     4.893 |    0.953      15.9 |      10 |     0.049 |
TimingAuditor.T...   INFO     TTTruthLinker             |     2.600 |     3.903 |    0.719      13.9 |      10 |     0.039 |
TimingAuditor.T...   INFO    LinkITSeq                  |     8.499 |    11.491 |    2.250      32.4 |      10 |     0.115 |
TimingAuditor.T...   INFO     ITDigitLinker             |     3.200 |     3.631 |    1.156       9.1 |      10 |     0.036 |
TimingAuditor.T...   INFO     ITClusterLinker           |     2.899 |     4.179 |    0.598      12.9 |      10 |     0.042 |
TimingAuditor.T...   INFO     ITTruthLinker             |     2.400 |     3.651 |    0.469      12.8 |      10 |     0.037 |
TimingAuditor.T...   INFO    LinkOTSeq                  |    33.995 |    37.353 |    5.251      85.5 |      10 |     0.374 |
TimingAuditor.T...   INFO     OTMCDepositLinker         |     5.899 |     6.641 |    0.672      19.4 |      10 |     0.066 |
TimingAuditor.T...   INFO     OTMCHitLinker             |    15.398 |    16.551 |    2.378      36.0 |      10 |     0.166 |
TimingAuditor.T...   INFO     OTMCParticleLinker        |    12.698 |    14.129 |    2.173      30.1 |      10 |     0.141 |
TimingAuditor.T...   INFO    LinkTrSeq                  |     2.099 |     2.025 |    0.580       3.9 |      10 |     0.020 |
TimingAuditor.T...   INFO     BuildMCTrackInfo          |     2.099 |     2.012 |    0.568       3.9 |      10 |     0.020 |
TimingAuditor.T...   INFO    LinkRichSeq                |     0.600 |     0.578 |    0.213       1.1 |      10 |     0.006 |
TimingAuditor.T...   INFO     Rich::MC::MCRichDigitSumma|     0.600 |     0.566 |    0.202       1.1 |      10 |     0.006 |
TimingAuditor.T...   INFO    LinkCaloSeq                |    18.897 |    23.649 |   10.565      50.4 |      10 |     0.236 |
TimingAuditor.T...   INFO     EcalFromRaw               |     1.800 |     1.802 |    1.571       2.9 |      10 |     0.018 |
TimingAuditor.T...   INFO     HcalFromRaw               |     0.400 |     0.431 |    0.396       0.6 |      10 |     0.004 |
TimingAuditor.T...   INFO     CaloReCreateMCLinks       |     0.000 |     0.036 |    0.026       0.1 |      10 |     0.000 |
TimingAuditor.T...   INFO     EcalDigitMCTruth          |    13.498 |    16.356 |    6.654      31.8 |      10 |     0.164 |
TimingAuditor.T...   INFO     HcalDigitMCTruth          |     3.199 |     4.980 |    1.645      16.9 |      10 |     0.050 |
TimingAuditor.T...   INFO    LinkMuonSeq                |     3.100 |     4.050 |    0.885      13.4 |      10 |     0.041 |
TimingAuditor.T...   INFO     MuonDigit2MCParticleAlg   |     2.900 |     3.893 |    0.811      13.0 |      10 |     0.039 |
TimingAuditor.T...   INFO     MuonTileDigitInfo         |     0.200 |     0.131 |    0.054       0.3 |      10 |     0.001 |
TimingAuditor.T...   INFO   Moni                        |    35.495 |    36.090 |   13.805      63.8 |      10 |     0.361 |
TimingAuditor.T...   INFO    MoniVeloSeq                |    10.998 |    11.059 |    4.202      21.2 |      10 |     0.111 |
TimingAuditor.T...   INFO     VeloSimMoni               |     7.299 |     7.507 |    2.768      14.6 |      10 |     0.075 |
TimingAuditor.T...   INFO     VeloRawClustersMoni       |     3.699 |     3.533 |    1.416       6.6 |      10 |     0.035 |
TimingAuditor.T...   INFO    MoniTTSeq                  |     8.099 |     8.482 |    3.893      15.8 |      10 |     0.085 |
TimingAuditor.T...   INFO     MCTTDepositMonitor        |     0.900 |     1.155 |    0.394       2.2 |      10 |     0.012 |
TimingAuditor.T...   INFO     MCTTDigitMonitor          |     1.400 |     1.140 |    0.389       2.1 |      10 |     0.011 |
TimingAuditor.T...   INFO     TTDigitMonitor            |     2.300 |     2.423 |    1.594       3.4 |      10 |     0.024 |
TimingAuditor.T...   INFO     TTClusterMonitor          |     0.800 |     0.603 |    0.255       1.4 |      10 |     0.006 |
TimingAuditor.T...   INFO     MCP2TTMCHitAlg            |     0.500 |     1.041 |    0.277       3.8 |      10 |     0.010 |
TimingAuditor.T...   INFO     TTEffChecker              |     2.100 |     2.073 |    0.867       3.7 |      10 |     0.021 |
TimingAuditor.T...   INFO    MoniITSeq                  |     6.299 |     6.337 |    2.507      12.0 |      10 |     0.063 |
TimingAuditor.T...   INFO     MCITDepositMonitor        |     1.000 |     0.943 |    0.187       2.0 |      10 |     0.009 |
TimingAuditor.T...   INFO     MCITDigitMonitor          |     0.700 |     0.918 |    0.184       1.9 |      10 |     0.009 |
TimingAuditor.T...   INFO     ITDigitMonitor            |     2.200 |     2.073 |    1.262       3.2 |      10 |     0.021 |
TimingAuditor.T...   INFO     ITClusterMonitor          |     0.400 |     0.419 |    0.134       0.8 |      10 |     0.004 |
TimingAuditor.T...   INFO     MCP2ITMCHitAlg            |     0.100 |     0.189 |    0.038       0.5 |      10 |     0.002 |
TimingAuditor.T...   INFO     ITEffChecker              |     1.900 |     1.753 |    0.662       3.8 |      10 |     0.018 |
TimingAuditor.T...   INFO    MoniOTSeq                  |     7.199 |     7.376 |    1.745      15.4 |      10 |     0.074 |
TimingAuditor.T...   INFO     MCOTDepositMonitor        |     7.199 |     7.365 |    1.735      15.4 |      10 |     0.074 |
TimingAuditor.T...   INFO    MoniRichSeq                |     2.000 |     1.679 |    0.724       3.5 |      10 |     0.017 |
TimingAuditor.T...   INFO     RiDigitQC                 |     1.900 |     1.664 |    0.712       3.5 |      10 |     0.017 |
TimingAuditor.T...   INFO    MoniCaloSeq                |     0.200 |     0.345 |    0.175       1.2 |      10 |     0.003 |
TimingAuditor.T...   INFO     SpdCheck                  |     0.000 |     0.066 |    0.032       0.3 |      10 |     0.001 |
TimingAuditor.T...   INFO     PrsCheck                  |     0.000 |     0.067 |    0.029       0.2 |      10 |     0.001 |
TimingAuditor.T...   INFO     EcalCheck                 |     0.100 |     0.127 |    0.063       0.4 |      10 |     0.001 |
TimingAuditor.T...   INFO     HcalCheck                 |     0.000 |     0.058 |    0.028       0.3 |      10 |     0.001 |
TimingAuditor.T...   INFO    MoniMuonSeq                |     0.700 |     0.776 |    0.344       1.4 |      10 |     0.008 |
TimingAuditor.T...   INFO     MuonDigitChecker          |     0.700 |     0.764 |    0.333       1.4 |      10 |     0.008 |
TimingAuditor.T...   INFO    MoniMCSeq                  |     0.000 |     0.004 |    0.004       0.0 |      10 |     0.000 |
TimingAuditor.T...   INFO   Filter                      |     0.000 |     0.003 |    0.003       0.0 |      10 |     0.000 |
TimingAuditor.T...   INFO  PrepareDIGI                  |     2.800 |     3.842 |    0.876      10.6 |      10 |     0.038 |
TimingAuditor.T...   INFO   PackMCVertex                |     0.000 |     0.010 |    0.008       0.0 |      10 |     0.000 |
TimingAuditor.T...   INFO   PackMCParticle              |     0.000 |     0.007 |    0.006       0.0 |      10 |     0.000 |
TimingAuditor.T...   INFO   MCRichDigitSummaryPacker    |     1.000 |     2.018 |    0.216       9.4 |      10 |     0.020 |
TimingAuditor.T...   INFO   MCRichNodeKiller            |     1.600 |     1.650 |    0.544       3.4 |      10 |     0.016 |
TimingAuditor.T...   INFO  DigiWriter                   |   555.315 |   567.905 |   69.641    1233.1 |      10 |     5.679 |
TimingAuditor.T...   INFO  MDFKiller                    |     9.599 |     9.567 |    5.281      15.2 |      10 |     0.096 |
TimingAuditor.T...   INFO  RawWriter                    |     1.999 |     1.950 |    1.103       3.2 |      10 |     0.019 |
TimingAuditor.T...   INFO *     UnpackMCParticles       |     4.099 |     7.348 |    0.876      35.9 |      10 |     0.073 |
TimingAuditor.T...   INFO *     UnpackMCMuonHits        |     1.500 |     4.066 |    0.425      19.7 |      10 |     0.041 |
TimingAuditor.T...   INFO *     UnpackMCVertices        |     2.999 |     5.732 |    0.664      26.5 |      10 |     0.057 |
TimingAuditor.T...   INFO *     UnpackMCVeloHits        |     2.999 |     5.039 |    0.494      29.5 |      10 |     0.050 |
TimingAuditor.T...   INFO *     UnpackMCPuVetoHits      |     0.900 |     2.571 |    0.385      12.9 |      10 |     0.026 |
TimingAuditor.T...   INFO *     UnpackMCTTHits          |     2.300 |     4.117 |    0.530      22.8 |      10 |     0.041 |
TimingAuditor.T...   INFO *     UnpackMCITHits          |     1.600 |     3.713 |    0.400      20.4 |      10 |     0.037 |
TimingAuditor.T...   INFO *     UnpackMCOTHits          |     2.200 |     4.833 |    0.475      29.1 |      10 |     0.048 |
TimingAuditor.T...   INFO *     UnpackMCRichHits        |     3.199 |     7.498 |    0.586      28.3 |      10 |     0.075 |
TimingAuditor.T...   INFO *     UnpackMCSpdHits         |     1.700 |     3.141 |    0.466      13.4 |      10 |     0.031 |
TimingAuditor.T...   INFO *     UnpackMCPrsHits         |     1.600 |     3.084 |    0.477      14.6 |      10 |     0.031 |
TimingAuditor.T...   INFO *     UnpackMCEcalHits        |     2.300 |     4.318 |    0.493      16.1 |      10 |     0.043 |
TimingAuditor.T...   INFO *     UnpackMCHcalHits        |     0.900 |     2.479 |    0.413      11.6 |      10 |     0.025 |
TimingAuditor.T...   INFO --------------------------------------------------------------------------------------------------
DataOnDemandSvc      INFO Handled "DataFault" incidents: 130/30/940(Alg/Node/Total).
ApplicationMgr       INFO Application Manager Finalized successfully
ApplicationMgr       INFO Application Manager Terminated successfully
