# --> Including file '/build/cattanem/Boole_HEAD/Digi/Boole/tests/options/testBoole-defaults.py'
# <-- End of file '/build/cattanem/Boole_HEAD/Digi/Boole/tests/options/testBoole-defaults.py'
# --> Including file '/build/cattanem/Boole_HEAD/Digi/Boole/options/Boole-Spillover.py'
# <-- End of file '/build/cattanem/Boole_HEAD/Digi/Boole/options/Boole-Spillover.py'
# --> Including file '/build/cattanem/Boole_HEAD/Digi/Boole/options/Spillover-Files.py'
# <-- End of file '/build/cattanem/Boole_HEAD/Digi/Boole/options/Spillover-Files.py'
# applying configuration of Boole
# /***** User Boole/Boole ****************************************************************************
# |-DatasetName         = '11144103-100ev-25ns-20090715'  (default: 'Boole')
# |-Histograms          = 'Default'
# |-SkipEvents          = 0
# |-VeloTell1Processing = False
# |-FilterSequence      = []  (default: [])
# |-TAESubdets          = ['CALO', 'MUON']  (default: ['CALO', 'MUON'])
# |-Outputs             = ['DIGI', 'MDF', 'L0ETC']  (default: ['DIGI'])
# |-MainSequence        = []  (default: [])
# |-DigiType            = 'Default'
# |-MoniSequence        = ['VELO', 'TT', 'IT', 'OT', 'RICH', 'CALO', 'MUON', 'L0', 'MC']  (default: [])
# |-TAEPrev             = 0
# |-EnablePack          = True
# |-DigiSequence        = ['VELO', 'TT', 'IT', 'OT', 'RICH', 'CALO', 'MUON', 'L0']  (default: [])
# |-OutputLevel         = 3
# |-EvtMax              = 10  (default: -1)
# |-TAENext             = 0
# |-UseSpillover        = True  (default: False)
# |-CondDBtag           = ''
# |-InitSequence        = ['Data', 'MUON']  (default: [])
# |-DataType            = '2009'
# |-NoWarnings          = False
# |-LinkSequence        = ['VELO', 'TT', 'IT', 'OT', 'Tr', 'RICH', 'CALO', 'MUON', 'L0']  (default: [])
# |-SpilloverPaths      = ['Prev', 'PrevPrev', 'Next']  (default: [])
# |-DDDBtag             = ''
# |-Monitors            = ['SC', 'FPE']  (default: [])
# \----- (End of User Boole/Boole) -------------------------------------------------------------------
# WARNING: Property 'SpilloverPaths' is set in both 'DigiConf' and 'SimConf', using 'DigiConf.SpilloverPaths'
# DigiWriter.ItemList    = ['/Event/Gen/Header#1', '/Event/MC/Header#1', '/Event/MC/DigiHeader#1', '/Event/DAQ/RawEvent#1', '/Event/Gen/Collisions#1', '/Event/Gen/HepMCEvents#1', '/Event/pSim/MCVertices#1', '/Event/pSim/MCParticles#1', '/Event/pSim/Rich/DigitSummaries#1', '/Event/MC/Muon/DigitsInfo#1', '/Event/Link/Trig/L0/Calo#1', '/Event/Link/Trig/L0/FullCalo#1', '/Event/Link/Raw/Velo/Clusters#1', '/Event/Link/Raw/TT/Clusters#1', '/Event/Link/Raw/IT/Clusters#1', '/Event/Link/Raw/OT/Times#1', '/Event/Link/Raw/Ecal/Digits#1', '/Event/Link/Raw/Hcal/Digits#1', '/Event/Link/Raw/Muon/Digits#1', '/Event/MC/TrackInfo#1', '/Event/Link/Raw/Velo/Clusters2MCHits#1', '/Event/Link/Raw/TT/Clusters2MCHits#1', '/Event/Link/Raw/IT/Clusters2MCHits#1', '/Event/Link/Raw/OT/Times2MCHits#1']
# DigiWriter.OptItemList = ['/Event/Prev/Gen/Header#1', '/Event/Prev/MC/Header#1', '/Event/PrevPrev/Gen/Header#1', '/Event/PrevPrev/MC/Header#1', '/Event/Next/Gen/Header#1', '/Event/Next/MC/Header#1', '/Event/Prev/Gen/Collisions#1', '/Event/Prev/Gen/HepMCEvents#1', '/Event/PrevPrev/Gen/Collisions#1', '/Event/PrevPrev/Gen/HepMCEvents#1', '/Event/Next/Gen/Collisions#1', '/Event/Next/Gen/HepMCEvents#1']
ApplicationMgr    SUCCESS
====================================================================================================================================
                                                   Welcome to Boole version v19r7
                                          running on lxbuild135.cern.ch on Mon Nov 16 17:25:19 2009
====================================================================================================================================
ApplicationMgr       INFO Application Manager Configured successfully
StatusCodeSvc        INFO initialize
DetectorPersist...   INFO  'CnvServices':[ 'XmlCnvSvc/XmlCnvSvc' ]
ToolSvc.CondDBE...   INFO Initializing...
ToolSvc.CondDBE...   INFO Successfully initialized.
DetectorPersist...   INFO Added successfully Conversion service:XmlCnvSvc
DetectorDataSvc   SUCCESS Detector description database: conddb:/lhcb.xml
EventPersistenc...   INFO  'CnvServices':[ 'PoolRootEvtCnvSvc' , 'PoolRootTreeEvtCnvSvc' , 'PoolRootKeyEvtCnvSvc' , 'LHCb::RawDataCnvSvc' ]
RndmGenSvc.Engine    INFO Generator engine type:CLHEP::RanluxEngine
RndmGenSvc.Engine    INFO Current Seed:1234567 Luxury:3
RndmGenSvc           INFO Using Random engine:HepRndm::Engine<CLHEP::RanluxEngine>
TimingAuditor.T...   INFO This machine has a speed about   1.93 times the speed of a 2.8 GHz Xeon.
BooleSequencer       INFO Member list: ProcessPhase/Init, ProcessPhase/Digi, ProcessPhase/Link, ProcessPhase/Moni, ProcessPhase/Filter
Init                 INFO Member list: GaudiSequencer/InitBooleSeq, GaudiSequencer/InitDataSeq, GaudiSequencer/InitMUONSeq
InitBooleSeq         INFO Member list: BooleInit, GaudiSequencer/SpilloverHandler
BooleInit         SUCCESS ==================================================================
BooleInit         SUCCESS Requested to process 10 events
BooleInit         SUCCESS ==================================================================
HistogramPersis...   INFO  'CnvServices':[ 'HbookHistSvc' , 'RootHistSvc' ]
RootHistSvc          INFO Writing ROOT histograms to: 11144103-100ev-25ns-20090715-10ev-histos.root
HistogramPersis...   INFO Added successfully Conversion service:RootHistSvc
HistogramDataSvc     INFO Added stream file:/afs/cern.ch/lhcb/software/DEV/nightlies/PARAM/ParamFiles/v8r1/data/muonlow-G4.root as LowEnergy
HistogramDataSvc     INFO Added stream file:/afs/cern.ch/lhcb/software/DEV/nightlies/PARAM/ParamFiles/v8r1/data/muonflat-G4.root as MuonFlatSpillover
BooleInit            INFO Thresholds for Interaction processes : [0.01, 0.03, 0.05]
BooleInit            INFO Thresholds for Diffractive processes : [0.1, 0.3, 0.6]
BooleInit            INFO Thresholds for Elastic processes : [0.25, 0.5, 0.75]
SpilloverHandler     INFO Member list: TESCheck/SpilloverLoader, EventNodeKiller/SpilloverKiller
InitDataSeq          INFO Member list:
InitMUONSeq          INFO Member list: MuonBackground/MuonLowEnergy, MuonBackground/MuonFlatSpillover
COOLConfSvc          INFO CORAL Connection Retrial Period set to 60s
COOLConfSvc          INFO CORAL Connection Retrial Time-Out set to 900s
DDDB                 INFO Connected to database "sqlite_file:/afs/cern.ch/lhcb/software/DEV/nightlies/DBASE/Det/SQLDDDB/db/DDDB.db/DDDB"
DDDB                 INFO Using TAG "head-20090508"
EventClockSvc.F...   INFO Event times generated from 0 with steps of 0
SIMCOND              INFO Connected to database "sqlite_file:/afs/cern.ch/lhcb/software/DEV/nightlies/DBASE/Det/SQLDDDB/db/SIMCOND.db/SIMCOND"
SIMCOND              INFO Using TAG "sim-20090508-vc-mu100"
RFileCnv             INFO opening Root file "/afs/cern.ch/lhcb/software/DEV/nightlies/PARAM/ParamFiles/v8r1/data/muonlow-G4.root" for reading
RFileCnv             INFO opening Root file "/afs/cern.ch/lhcb/software/DEV/nightlies/PARAM/ParamFiles/v8r1/data/muonflat-G4.root" for reading
Digi                 INFO Member list: GaudiSequencer/DigiVELOSeq, GaudiSequencer/DigiTTSeq, GaudiSequencer/DigiITSeq, GaudiSequencer/DigiOTSeq, GaudiSequencer/DigiRICHSeq, GaudiSequencer/DigiCALOSeq, GaudiSequencer/DigiMUONSeq, GaudiSequencer/DigiL0Seq
DigiVELOSeq          INFO Member list: VeloSim, VeloSim/VeloPUSim, VeloDataProcessor, VeloClusterMaker, PrepareVeloRawBuffer
VeloSim              INFO Probability to add noise to empty strips 0.00583881
VeloPUSim            INFO Probability to add noise to empty strips 0.00583881
DigiTTSeq            INFO Member list: MCSTDepositCreator/MCTTDepositCreator, MCSTDigitCreator/MCTTDigitCreator, STDigitCreator/TTDigitCreator, STClusterCreator/TTClusterCreator, STClusterKiller/TTClusterKiller, STClustersToRawBankAlg/createTTRawBuffer
ToolSvc.TTKiller     INFO Adding Tool: type: STRndmChannelIDSelector / name: Selector
DigiITSeq            INFO Member list: MCSTDepositCreator/MCITDepositCreator, MCSTDigitCreator/MCITDigitCreator, STDigitCreator/ITDigitCreator, STClusterCreator/ITClusterCreator, STClusterKiller/ITClusterKiller, STClustersToRawBankAlg/createITRawBuffer
ToolSvc.ITKiller     INFO Adding Tool: type: STRndmChannelIDSelector / name: Selector
DigiOTSeq            INFO Member list: MCOTDepositCreator, MCOTTimeCreator, OTFillRawBuffer
ToolSvc.OTRando...   INFO ******** Noise Settings ********
ToolSvc.OTRando...   INFO Number of channels: 55296
ToolSvc.OTRando...   INFO Noise rate: 1e-05
ToolSvc.OTRando...   INFO Width of read out gate in ns75
ToolSvc.OTRando...   INFO Dead time : 25
ToolSvc.OTRando...   INFO Number of deposits to generate: 55
ToolSvc.OTRando...   INFO ********************************
DigiRICHSeq          INFO Member list: Rich::MC::Digi::Signal/RichPDSignal, Rich::MC::Digi::SimpleChargeSharing/RichChargeShare, Rich::MC::Digi::SummedDeposits/RichSummedDeposits, Rich::MC::Digi::DetailedFrontEndResponse/RichPDResponse, Rich::MC::Digi::MCRichDigitsToRawBufferAlg/RichFillRawBuffer
DeRichSystem         INFO Update triggered for HPD numbering maps
DeRichSystem         INFO Built mappings for  7 L1 and 196 HPDs in Rich1
DeRichSystem         INFO Built mappings for  8 L1 and 288 HPDs in Rich2
RichChargeShare      INFO Will add charge sharing at 2.5 % level
ToolSvc.RichSma...   INFO Created active HPD channel list : # channels RICH(1/2) = 167776 / 246528
RichPDResponse       INFO Time Calibration (Rich1/RICH2) = [10, 6]
RichFillRawBuffer    INFO Using RICH Level1 buffer format : 129
DigiCALOSeq          INFO Member list: CaloSignalAlg/SpdSignal, CaloSignalAlg/PrsSignal, CaloSignalAlg/EcalSignal, CaloSignalAlg/HcalSignal, CaloDigitAlg/SpdDigit, CaloDigitAlg/PrsDigit, CaloDigitAlg/EcalDigit, CaloDigitAlg/HcalDigit, CaloFillPrsSpdRawBuffer, CaloFillRawBuffer/EcalFillRawBuffer, CaloFillRawBuffer/HcalFillRawBuffer
SpdSignal            INFO Initialised. Store also previous BX.
PrsSignal            INFO Initialised. Store also previous BX.
EcalSignal           INFO Initialised.
HcalSignal           INFO Initialised.
SpdDigit             INFO ----- Detector parameters (from condDB) ------------------
SpdDigit             INFO Nominal gain parameters for    Outer region :    0.0 +   3.2 x sin(theta)
SpdDigit             INFO Nominal gain parameters for   Middle region :    0.0 +   3.2 x sin(theta)
SpdDigit             INFO Nominal gain parameters for    Inner region :    0.0 +   3.2 x sin(theta)
SpdDigit             INFO Noise          :   0.0 +   0.0 (coherent) counts.
SpdDigit             INFO Pedestal shift :  0.00 counts
SpdDigit             INFO Actual dynamics saturation :   0.90 x ADCMax
SpdDigit             INFO Subtract 0.2000 of previous BX
SpdDigit             INFO  MIP deposit    :   2.74 MeV
SpdDigit             INFO Number of photo-electrons per MIP for    Outer region :   22.00
SpdDigit             INFO Number of photo-electrons per MIP for   Middle region :   32.00
SpdDigit             INFO Number of photo-electrons per MIP for    Inner region :   27.00
SpdDigit             INFO Zero-suppression threshold :   0.58 ADC
SpdDigit             INFO L0 trigger suppression     :   0.58 ADC
SpdDigit             INFO L0 trigger ADC correction for    Outer region :    1.00
SpdDigit             INFO L0 trigger ADC correction for   Middle region :    1.00
SpdDigit             INFO L0 trigger ADC correction for    Inner region :    1.00
SpdDigit             INFO ----- Digitization parameters (from CaloDigitAlg configuration) ------------------
SpdDigit             INFO Additional  0.0% of the cells as dead (gain=0).
SpdDigit             INFO Additional gain error  0.0%
PrsDigit             INFO ----- Detector parameters (from condDB) ------------------
PrsDigit             INFO Nominal gain parameters for    Outer region :    0.0 + 274.0 x sin(theta)
PrsDigit             INFO Nominal gain parameters for   Middle region :    0.0 + 274.0 x sin(theta)
PrsDigit             INFO Nominal gain parameters for    Inner region :    0.0 + 274.0 x sin(theta)
PrsDigit             INFO Noise          :   1.0 +   0.0 (coherent) counts.
PrsDigit             INFO Pedestal shift :  0.00 counts
PrsDigit             INFO Actual dynamics saturation :   0.90 x ADCMax
PrsDigit             INFO Subtract 0.2000 of previous BX
PrsDigit             INFO  MIP deposit    :   2.74 MeV
PrsDigit             INFO Number of photo-electrons per MIP for    Outer region :   22.00
PrsDigit             INFO Number of photo-electrons per MIP for   Middle region :   32.00
PrsDigit             INFO Number of photo-electrons per MIP for    Inner region :   27.00
PrsDigit             INFO Zero-suppression threshold :   5.00 ADC
PrsDigit             INFO L0 trigger suppression     : 100.00 ADC
PrsDigit             INFO L0 trigger ADC correction for    Outer region :    1.00
PrsDigit             INFO L0 trigger ADC correction for   Middle region :    1.00
PrsDigit             INFO L0 trigger ADC correction for    Inner region :    1.00
PrsDigit             INFO ----- Digitization parameters (from CaloDigitAlg configuration) ------------------
PrsDigit             INFO Additional  0.0% of the cells as dead (gain=0).
PrsDigit             INFO Additional gain error  1.0%
EcalDigit            INFO ----- Detector parameters (from condDB) ------------------
EcalDigit            INFO Nominal gain parameters for    Outer region :  10000.0 + 7000.0 x sin(theta)
EcalDigit            INFO Nominal gain parameters for   Middle region :  10000.0 + 7000.0 x sin(theta)
EcalDigit            INFO Nominal gain parameters for    Inner region :  10000.0 + 7000.0 x sin(theta)
EcalDigit            INFO Noise          :   1.2 +   0.3 (coherent) counts.
EcalDigit            INFO Pedestal shift :  0.60 counts
EcalDigit            INFO Actual dynamics saturation :   0.95 x ADCMax
EcalDigit            INFO L0 trigger suppression     :   0.50 ADC
EcalDigit            INFO L0 trigger ADC correction for    Outer region :    1.00
EcalDigit            INFO L0 trigger ADC correction for   Middle region :    1.04
EcalDigit            INFO L0 trigger ADC correction for    Inner region :    1.08
EcalDigit            INFO ----- Digitization parameters (from CaloDigitAlg configuration) ------------------
EcalDigit            INFO Additional  0.0% of the cells as dead (gain=0).
EcalDigit            INFO Additional gain error  1.0%
HcalDigit            INFO ----- Detector parameters (from condDB) ------------------
HcalDigit            INFO Nominal gain parameters for    Outer region :  15000.0 +   0.0 x sin(theta)
HcalDigit            INFO Nominal gain parameters for    Inner region :  15000.0 +   0.0 x sin(theta)
HcalDigit            INFO Noise          :   1.2 +   0.3 (coherent) counts.
HcalDigit            INFO Pedestal shift :  0.60 counts
HcalDigit            INFO Actual dynamics saturation :   0.95 x ADCMax
HcalDigit            INFO L0 trigger suppression     :   0.50 ADC
HcalDigit            INFO L0 trigger ADC correction for    Outer region :    1.00
HcalDigit            INFO L0 trigger ADC correction for    Inner region :    1.05
HcalDigit            INFO ----- Digitization parameters (from CaloDigitAlg configuration) ------------------
HcalDigit            INFO Additional  0.0% of the cells as dead (gain=0).
HcalDigit            INFO Additional gain error  1.0%
CaloFillPrsSpdR...   INFO Data coding type 3
EcalFillRawBuffer    INFO Processing 192 FE-Cards and 26 TELL1
EcalFillRawBuffer    INFO Data coding type 2
HcalFillRawBuffer    INFO Processing 54 FE-Cards and 8 TELL1
HcalFillRawBuffer    INFO Data coding type 2
DigiMUONSeq          INFO Member list: MuonDigitization, MuonDigitToRawBuffer
DigiL0Seq            INFO Member list: GaudiSequencer/L0SimulationSeq
L0SimulationSeq      INFO Member list: PuVetoFillRawBuffer, GaudiSequencer/L0EmulatorSeq, L0CaloCandidatesFromRaw
L0EmulatorSeq        INFO Member list: GaudiSequencer/L0ProcessorsSeq, L0DUAlg/L0DU
L0ProcessorsSeq      INFO Member list: L0CaloAlg/L0Calo, L0MuonAlg/L0Muon, PuVetoAlg/L0PuVeto
L0Calo               INFO 192 Ecal and 54 Hcal front end cards.
ChronoStatSvc        INFO  Number of skipped events for MemStat-1
L0Muon               INFO XML file = /afs/cern.ch/lhcb/software/DEV/nightlies/PARAM/ParamFiles/v8r1/data/L0MuonKernel.xml
L0Muon               INFO MuonTriggerUnit properties are:
L0Muon               INFO  foiXSize = 4,5,0,2,4
L0Muon               INFO  foiYSize = 0,0,0,1,1
L0Muon               INFO  ignoreM1 = 0
L0Muon               INFO  ignoreM2 = 0
L0Muon               INFO  procVersion = 2
L0MuonTrigger I...   INFO Time User   : Tot= 1.47  [s]                                             #=  1
ToolSvc.L0CondD...   INFO Registered RAM(BCID) versions = {|}
ToolSvc.L0DUCon...   INFO -------------------------------------------------------------
ToolSvc.L0DUCon...   INFO **** L0DU Config loading : L0TCK = 0xDC09 ==> OK
ToolSvc.L0DUCon...   INFO Short description ::  TCK = 0xDC09 : DC09 tuning by Leandro (March 2009) - gain:Calo[20] : Muon[40]
L0DU                 INFO The L0DUConfig (TCK=0xDC09) have been succesfully loaded
Link                 INFO Member list: GaudiSequencer/LinkVELOSeq, GaudiSequencer/LinkTTSeq, GaudiSequencer/LinkITSeq, GaudiSequencer/LinkOTSeq, GaudiSequencer/LinkTrSeq, GaudiSequencer/LinkRICHSeq, GaudiSequencer/LinkCALOSeq, GaudiSequencer/LinkMUONSeq, GaudiSequencer/LinkL0Seq
LinkVELOSeq          INFO Member list: DecodeVeloRawBuffer, VeloCluster2MCHitLinker, VeloCluster2MCParticleLinker
LinkTTSeq            INFO Member list: STDigit2MCHitLinker/TTDigitLinker, STCluster2MCHitLinker/TTClusterLinker, STCluster2MCParticleLinker/TTTruthLinker
LinkITSeq            INFO Member list: STDigit2MCHitLinker/ITDigitLinker, STCluster2MCHitLinker/ITClusterLinker, STCluster2MCParticleLinker/ITTruthLinker
LinkOTSeq            INFO Member list: OTMCDepositLinker, OTMCHitLinker, OTMCParticleLinker
LinkTrSeq            INFO Member list: BuildMCTrackInfo
LinkRICHSeq          INFO Member list: Rich::MC::MCRichDigitSummaryAlg
Rich::MC::MCRic...   INFO Will only store MCParticle references for main event
LinkCALOSeq          INFO Member list: CaloDigitsFromRaw/EcalFromRaw, CaloDigitsFromRaw/HcalFromRaw, CaloReCreateMCLinks, CaloDigitMCTruth/EcalDigitMCTruth, CaloDigitMCTruth/HcalDigitMCTruth
LinkMUONSeq          INFO Member list: MuonDigit2MCParticleAlg, MuonTileDigitInfo
LinkL0Seq            INFO Member list: L0CaloToMCParticleAsct, L0CaloToMCParticleAsct/L0CaloFullTruth
Moni                 INFO Member list: GaudiSequencer/MoniVELOSeq, GaudiSequencer/MoniTTSeq, GaudiSequencer/MoniITSeq, GaudiSequencer/MoniOTSeq, GaudiSequencer/MoniRICHSeq, GaudiSequencer/MoniCALOSeq, GaudiSequencer/MoniMUONSeq, GaudiSequencer/MoniL0Seq, GaudiSequencer/MoniMCSeq
MoniVELOSeq          INFO Member list: VeloSimMoni, VeloDigit2MCHitLinker, VeloDigiMoni, VeloRawClustersMoni
MoniTTSeq            INFO Member list: MCSTDepositMonitor/MCTTDepositMonitor, MCSTDigitMonitor/MCTTDigitMonitor, STDigitMonitor/TTDigitMonitor, ST::STClusterMonitor/TTClusterMonitor, MCParticle2MCHitAlg/MCP2TTMCHitAlg, STEffChecker/TTEffChecker
TTEffChecker.MC...   INFO MCParticle Momentum cut     : 1 GeV/c < P < 1.79769e+308 GeV/c
TTEffChecker.MC...   INFO            Beta * gamma cut : 1 < beta*gamma
TTEffChecker.MC...   INFO            Eta cut          : -1.79769e+308 < P < 1.79769e+308
MoniITSeq            INFO Member list: MCSTDepositMonitor/MCITDepositMonitor, MCSTDigitMonitor/MCITDigitMonitor, STDigitMonitor/ITDigitMonitor, ST::STClusterMonitor/ITClusterMonitor, MCParticle2MCHitAlg/MCP2ITMCHitAlg, STEffChecker/ITEffChecker
ITEffChecker.MC...   INFO MCParticle Momentum cut     : 1 GeV/c < P < 1.79769e+308 GeV/c
ITEffChecker.MC...   INFO            Beta * gamma cut : 1 < beta*gamma
ITEffChecker.MC...   INFO            Eta cut          : -1.79769e+308 < P < 1.79769e+308
MoniOTSeq            INFO Member list: MCOTDepositMonitor
MoniRICHSeq          INFO Member list: Rich::MC::Digi::DigitQC/RiDigitQC
MoniCALOSeq          INFO Member list: CaloDigitChecker/SpdCheck, CaloDigitChecker/PrsCheck, CaloDigitChecker/EcalCheck, CaloDigitChecker/HcalCheck
SpdCheck             INFO Monitoring Hits MC/Spd/Hits   MC Digit   MC/Spd/Digits   Digit   Raw/Spd/Digits, Histograms booked
PrsCheck             INFO Monitoring Hits MC/Prs/Hits   MC Digit   MC/Prs/Digits   Digit   Raw/Prs/Digits, Histograms booked
EcalCheck            INFO Monitoring Hits MC/Ecal/Hits   MC Digit   MC/Ecal/Digits   Digit   Raw/Ecal/Digits, Histograms booked
HcalCheck            INFO Monitoring Hits MC/Hcal/Hits   MC Digit   MC/Hcal/Digits   Digit   Raw/Hcal/Digits, Histograms booked
MoniMUONSeq          INFO Member list: MuonDigitChecker
MoniL0Seq            INFO Member list: GaudiSequencer/L0MoniSeq
L0MoniSeq            INFO Member list: L0CaloMonit, L0MuonOnlineMonitor, L0DUReportMonitor
MoniMCSeq            INFO Member list:
Filter               INFO OR Member list:
EventPersistenc...   INFO Added successfully Conversion service:PoolRootEvtCnvSvc
EventPersistenc...   INFO Added successfully Conversion service:PoolRootTreeEvtCnvSvc
DigiWriter           INFO Data source: EventDataSvc output: DATAFILE='PFN:11144103-100ev-25ns-20090715-10ev.digi' TYP='POOL_ROOTTREE' OPT='REC'
L0ETC                INFO Member list: Sequencer/SeqWriteTag
SeqWriteTag          INFO Member list: L0ETC/TagCreator, TagCollectionStream/WR
WR                   INFO Data source: EventDataSvc output: DATAFILE='11144103-100ev-25ns-20090715-L0ETC.root' TYP='POOL_ROOTTREE' OPT='RECREATE'
EvtTupleSvc          INFO Added stream file:11144103-100ev-25ns-20090715-L0ETC.root as EVTTAGS
EventPersistenc...   INFO Added successfully Conversion service:LHCb::RawDataCnvSvc
RawWriter            INFO Data source: EventDataSvc output: DATAFILE='PFN:11144103-100ev-25ns-20090715-10ev.mdf' SVC='LHCb::RawDataCnvSvc' OPT='REC'
EventSelector        INFO Stream:EventSelector.DataStreamTool_1 Def:DATAFILE='PFN:castor:/castor/cern.ch/user/g/gcorti/Gauss/2009/v37r3/11144103-100ev-25ns-20090715.sim' TYP='POOL_ROOTTREE' OPT='READ'
ApplicationMgr       INFO Application Manager Initialized successfully
ApplicationMgr       INFO Application Manager Started successfully
RootDBase.open    SUCCESS castor:/castor/cern.ch/user/g/gcorti/Gauss/2009/v37r3/11144103-100ev-25ns-20090715.sim File version:51800
RootDBase.open    SUCCESS castor:/castor/cern.ch/user/g/gcorti/Gauss/2009/v37r3/11144103-100ev-25ns-20090715.sim File version:51800
PoolRootTreeEvt...   INFO No Records /FileRecords present in:146E03D0-CC70-DE11-9001-000CF1F44509
BooleInit            INFO Evt 1,  Run 1082,  Nr. in job = 1
UnpackMCVeloHit...   INFO Input 'Prev/pSim/Velo/Hits' Output 'Prev/MC/Velo/Hits'
UnpackMCPuVetoH...   INFO Input 'Prev/pSim/PuVeto/Hits' Output 'Prev/MC/PuVeto/Hits'
UnpackMCTTHitsPrev   INFO Input 'Prev/pSim/TT/Hits' Output 'Prev/MC/TT/Hits'
UnpackMCITHitsPrev   INFO Input 'Prev/pSim/IT/Hits' Output 'Prev/MC/IT/Hits'
UnpackMCOTHitsPrev   INFO Input 'Prev/pSim/OT/Hits' Output 'Prev/MC/OT/Hits'
UnpackMCRichHit...   INFO Input 'Prev/pSim/Rich/Hits' Output 'Prev/MC/Rich/Hits'
UnpackMCSpdHits...   INFO Input 'Prev/pSim/Spd/Hits' Output 'Prev/MC/Spd/Hits'
UnpackMCPrsHits...   INFO Input 'Prev/pSim/Prs/Hits' Output 'Prev/MC/Prs/Hits'
UnpackMCEcalHit...   INFO Input 'Prev/pSim/Ecal/Hits' Output 'Prev/MC/Ecal/Hits'
UnpackMCHcalHit...   INFO Input 'Prev/pSim/Hcal/Hits' Output 'Prev/MC/Hcal/Hits'
UnpackMCMuonHit...   INFO Input 'Prev/pSim/Muon/Hits' Output 'Prev/MC/Muon/Hits'
MCRichDigitSumm...   INFO Input 'MC/Rich/DigitSummaries' Output 'pSim/Rich/DigitSummaries'
IODataManager        INFO Referring to dataset 11144103-100ev-25ns-20090715-10ev.digi by its file ID:EE017BBA-CCD2-DE11-BBF6-001E4F3D8360
RootDBase.open    SUCCESS 11144103-100ev-25ns-20090715-10ev.digi File version:52400
IODataManager        INFO Referring to dataset 11144103-100ev-25ns-20090715-L0ETC.root by its file ID:0CAEA1BA-CCD2-DE11-BBF6-001E4F3D8360
RootDBase.open    SUCCESS 11144103-100ev-25ns-20090715-L0ETC.root File version:52400
PoolDbDatabaseCnv    INFO Recreate Database file:11144103-100ev-25ns-20090715-L0ETC.root as /EVTTAGS
IODataManager        INFO Referring to dataset 11144103-100ev-25ns-20090715-10ev.mdf by its file ID:64F1B5BA-CCD2-DE11-BBF6-001E4F3D8360
LHCb::RawDataCn...   INFO Opened(NEW)  MDF stream:PFN:11144103-100ev-25ns-20090715-10ev.mdf ID:0x275a8e70
BooleInit            INFO Evt 2,  Run 1082,  Nr. in job = 2
UnpackMCVeloHit...   INFO Input 'Next/pSim/Velo/Hits' Output 'Next/MC/Velo/Hits'
UnpackMCPuVetoH...   INFO Input 'Next/pSim/PuVeto/Hits' Output 'Next/MC/PuVeto/Hits'
UnpackMCTTHitsNext   INFO Input 'Next/pSim/TT/Hits' Output 'Next/MC/TT/Hits'
UnpackMCITHitsNext   INFO Input 'Next/pSim/IT/Hits' Output 'Next/MC/IT/Hits'
UnpackMCOTHitsNext   INFO Input 'Next/pSim/OT/Hits' Output 'Next/MC/OT/Hits'
UnpackMCRichHit...   INFO Input 'Next/pSim/Rich/Hits' Output 'Next/MC/Rich/Hits'
UnpackMCMuonHit...   INFO Input 'Next/pSim/Muon/Hits' Output 'Next/MC/Muon/Hits'
BooleInit            INFO Evt 3,  Run 1082,  Nr. in job = 3
BooleInit            INFO Evt 4,  Run 1082,  Nr. in job = 4
BooleInit            INFO Evt 5,  Run 1082,  Nr. in job = 5
BooleInit            INFO Evt 6,  Run 1082,  Nr. in job = 6
BooleInit            INFO Evt 7,  Run 1082,  Nr. in job = 7
BooleInit            INFO Evt 8,  Run 1082,  Nr. in job = 8
BooleInit            INFO Evt 9,  Run 1082,  Nr. in job = 9
BooleInit            INFO Evt 10,  Run 1082,  Nr. in job = 10
UnpackMCVeloHit...   INFO Input 'PrevPrev/pSim/Velo/Hits' Output 'PrevPrev/MC/Velo/Hits'
UnpackMCPuVetoH...   INFO Input 'PrevPrev/pSim/PuVeto/Hits' Output 'PrevPrev/MC/PuVeto/Hits'
UnpackMCTTHitsP...   INFO Input 'PrevPrev/pSim/TT/Hits' Output 'PrevPrev/MC/TT/Hits'
UnpackMCITHitsP...   INFO Input 'PrevPrev/pSim/IT/Hits' Output 'PrevPrev/MC/IT/Hits'
UnpackMCOTHitsP...   INFO Input 'PrevPrev/pSim/OT/Hits' Output 'PrevPrev/MC/OT/Hits'
UnpackMCRichHit...   INFO Input 'PrevPrev/pSim/Rich/Hits' Output 'PrevPrev/MC/Rich/Hits'
UnpackMCMuonHit...   INFO Input 'PrevPrev/pSim/Muon/Hits' Output 'PrevPrev/MC/Muon/Hits'
ApplicationMgr       INFO Application Manager Stopped successfully
BooleInit         SUCCESS ==================================================================
BooleInit         SUCCESS 10 events processed
BooleInit         SUCCESS ==================================================================
VeloSim              INFO Removed  0.36% MCVeloFEs due to bad strips and  0.00% as random removals
VeloPUSim            INFO Removed  0.00% MCVeloFEs due to bad strips and  0.98% as random removals
RichPDSignal      SUCCESS Number of counters : 4
 |    Counter                                      |     #     |    sum     | mean/eff^* | rms/err^*  |     min     |     max     |
 | "Found MCRichHits at MC/Rich/Hits"              |        10 |         10 |     1.0000 |     0.0000 |      1.0000 |      1.0000 |
 | "Found MCRichHits at Next/MC/Rich/Hits"         |         5 |          5 |     1.0000 |     0.0000 |      1.0000 |      1.0000 |
 | "Found MCRichHits at Prev/MC/Rich/Hits"         |         7 |          7 |     1.0000 |     0.0000 |      1.0000 |      1.0000 |
 | "Found MCRichHits at PrevPrev/MC/Rich/Hits"     |         9 |          9 |     1.0000 |     0.0000 |      1.0000 |      1.0000 |
CaloFillPrsSpdR...   INFO Average event size :   339.2 words,    77.0 for trigger  Mean bank size    42.4, maximum size    65.3
EcalFillRawBuffer    INFO Average event size :  1578.6 words,  1337.2 for trigger  Mean bank size    60.7, maximum size    77.3
HcalFillRawBuffer    INFO Average event size :   464.5 words,   498.8 for trigger  Mean bank size    58.1, maximum size    76.8
MuonDigitization     INFO  the hit which were not found inside a gap were 0
L0Calo               INFO Average bank size :   156.9 words RAW.
L0Muon               INFO - ------------------------------------------------------------------
L0Muon               INFO - ========> Final summary of the L0Muon trigger (emulator) <========
L0Muon               INFO - Total number of events processed           :       10
L0Muon               INFO - Average raw banks size                     :     1189.6 Bytes
L0Muon               INFO - ------------------------------------------------------------------
EcalDigitMCTruth  SUCCESS Number of counters : 1
 |    Counter                                      |     #     |    sum     | mean/eff^* | rms/err^*  |     min     |     max     |
 | "#Digit->MC links"                              |        10 |      65843 |     6584.3 |     4039.3 |      2265.0 |      16818. |
HcalDigitMCTruth  SUCCESS Number of counters : 1
 |    Counter                                      |     #     |    sum     | mean/eff^* | rms/err^*  |     min     |     max     |
 | "#Digit->MC links"                              |        10 |       7713 |     771.30 |     397.47 |      222.00 |      1607.0 |
VeloSimMoni          INFO ------------------------------------------------------
VeloSimMoni          INFO                 - VeloSimMoni table -
VeloSimMoni          INFO ------------------------------------------------------
VeloSimMoni          INFO | Number of MCVeloFEs/Event: 5882 +/- 342.937
VeloSimMoni          INFO | FEs from signal:                      29.13%
VeloSimMoni          INFO | FEs from noise:                       53.13%
VeloSimMoni          INFO | FEs from other, coupling + spillover: 17.74%
VeloSimMoni          INFO ------------------------------------------------------
VeloDigiMoni         INFO ------------------------------------------------------
VeloDigiMoni         INFO               - VeloDigiMoni table -
VeloDigiMoni         INFO ------------------------------------------------------
VeloDigiMoni         INFO | Number of VeloDigits/Event: 5882.5 +/- 342.078
VeloDigiMoni         INFO ------------------------------------------------------
VeloRawClusters...   INFO ======================================================
VeloRawClusters...   INFO               - VeloClusterMoni table -
VeloRawClusters...   INFO ------------------------------------------------------
VeloRawClusters...   INFO | Number of Clusters/Event: 1240.5 +/- 187.527
VeloRawClusters...   INFO | Clusters from signal:                      88.57%
VeloRawClusters...   INFO | Clusters from noise:                       0%
VeloRawClusters...   INFO | Clusters from other (coupling+spillover):  11.43%
VeloRawClusters...   INFO ------------------------------------------------------
VeloRawClusters...   INFO               - Size of clusters (all)-
VeloRawClusters...   INFO ------------------------------------------------------
VeloRawClusters...   INFO | 1 strip clusters/event:     659.5 (53.34%)
VeloRawClusters...   INFO | 2 strip clusters/event:     458.8 (37.1%)
VeloRawClusters...   INFO | 3 strip clusters/event:     94.7 (7.66%)
VeloRawClusters...   INFO | 4 strip clusters/event:     23.5 (1.9%)
VeloRawClusters...   INFO ======================================================
MCTTDepositMonitorSUCCESS Booked 4 Histogram(s) : 1D=4
MCTTDigitMonitor  SUCCESS Booked 4 Histogram(s) : 1D=4
TTDigitMonitor    SUCCESS Booked 4 Histogram(s) : 1D=4
TTClusterMonitor  SUCCESS Booked 11 Histogram(s) : 1D=8 2D=3
TTClusterMonitor  SUCCESS Number of counters : 1
 |    Counter                                      |     #     |    sum     | mean/eff^* | rms/err^*  |     min     |     max     |
 | "Number of events"                              |        10 |         10 |     1.0000 |     0.0000 |      1.0000 |      1.0000 |
TTEffChecker         INFO  -------Efficiency %---------
TTEffChecker         INFO TTaX eff 98.1651 +/- 0.908975
TTEffChecker         INFO TTaU eff 99.0654 +/- 0.657752
TTEffChecker         INFO TTbX eff 99.0521 +/- 0.667059
TTEffChecker         INFO TTbV eff 98.5915 +/- 0.807423
TTEffChecker         INFO  -----------------------
TTEffChecker      SUCCESS Booked 24 Histogram(s) : 1D=16 2D=8
MCITDepositMonitorSUCCESS Booked 4 Histogram(s) : 1D=4
MCITDigitMonitor  SUCCESS Booked 4 Histogram(s) : 1D=4
ITDigitMonitor    SUCCESS Booked 4 Histogram(s) : 1D=4
ITClusterMonitor  SUCCESS Booked 7 Histogram(s) : 1D=4 2D=3
ITClusterMonitor  SUCCESS Number of counters : 1
 |    Counter                                      |     #     |    sum     | mean/eff^* | rms/err^*  |     min     |     max     |
 | "Number of events"                              |        10 |         10 |     1.0000 |     0.0000 |      1.0000 |      1.0000 |
ITEffChecker         INFO  -------Efficiency %---------
ITEffChecker         INFO IT1TopX1 eff 100 +/- 0
ITEffChecker         INFO IT1TopU eff 100 +/- 0
ITEffChecker         INFO IT1TopV eff 100 +/- 0
ITEffChecker         INFO IT1TopX2 eff 100 +/- 0
ITEffChecker         INFO IT1BottomX1 eff 100 +/- 0
ITEffChecker         INFO IT1BottomU eff 100 +/- 0
ITEffChecker         INFO IT1BottomV eff 100 +/- 0
ITEffChecker         INFO IT1BottomX2 eff 100 +/- 0
ITEffChecker         INFO IT1ASideX1 eff 100 +/- 0
ITEffChecker         INFO IT1ASideU eff 100 +/- 0
ITEffChecker         INFO IT1ASideV eff 100 +/- 0
ITEffChecker         INFO IT1ASideX2 eff 100 +/- 0
ITEffChecker         INFO IT1CSideX1 eff 100 +/- 0
ITEffChecker         INFO IT1CSideU eff 100 +/- 0
ITEffChecker         INFO IT1CSideV eff 70 +/- 10.247
ITEffChecker         INFO IT1CSideX2 eff 65.2174 +/- 9.93113
ITEffChecker         INFO IT2TopX1 eff 100 +/- 0
ITEffChecker         INFO IT2TopU eff 100 +/- 0
ITEffChecker         INFO IT2TopV eff 100 +/- 0
ITEffChecker         INFO IT2TopX2 eff 100 +/- 0
ITEffChecker         INFO IT2BottomX1 eff 100 +/- 0
ITEffChecker         INFO IT2BottomU eff 100 +/- 0
ITEffChecker         INFO IT2BottomV eff 100 +/- 0
ITEffChecker         INFO IT2BottomX2 eff 100 +/- 0
ITEffChecker         INFO IT2ASideX1 eff 100 +/- 0
ITEffChecker         INFO IT2ASideU eff 94.7368 +/- 5.12278
ITEffChecker         INFO IT2ASideV eff 100 +/- 0
ITEffChecker         INFO IT2ASideX2 eff 100 +/- 0
ITEffChecker         INFO IT2CSideX1 eff 100 +/- 0
ITEffChecker         INFO IT2CSideU eff 100 +/- 0
ITEffChecker         INFO IT2CSideV eff 100 +/- 0
ITEffChecker         INFO IT2CSideX2 eff 100 +/- 0
ITEffChecker         INFO IT3TopX1 eff 100 +/- 0
ITEffChecker         INFO IT3TopU eff 100 +/- 0
ITEffChecker         INFO IT3TopV eff 100 +/- 0
ITEffChecker         INFO IT3TopX2 eff 100 +/- 0
ITEffChecker         INFO IT3BottomX1 eff 100 +/- 0
ITEffChecker         INFO IT3BottomU eff 100 +/- 0
ITEffChecker         INFO IT3BottomV eff 100 +/- 0
ITEffChecker         INFO IT3BottomX2 eff 100 +/- 0
ITEffChecker         INFO IT3ASideX1 eff 100 +/- 0
ITEffChecker         INFO IT3ASideU eff 100 +/- 0
ITEffChecker         INFO IT3ASideV eff 100 +/- 0
ITEffChecker         INFO IT3ASideX2 eff 100 +/- 0
ITEffChecker         INFO IT3CSideX1 eff 100 +/- 0
ITEffChecker         INFO IT3CSideU eff 100 +/- 0
ITEffChecker         INFO IT3CSideV eff 95.2381 +/- 4.64714
ITEffChecker         INFO IT3CSideX2 eff 100 +/- 0
ITEffChecker         INFO  -----------------------
ITEffChecker      SUCCESS Booked 288 Histogram(s) : 1D=192 2D=96
MCOTDepositMonitorSUCCESS Booked 35 Histogram(s) : 1D=31 2D=4
RiDigitQC            INFO ===============================================================================================
RiDigitQC            INFO                             RICH Digitisation Simulation Summary
RiDigitQC            INFO -----------------------------------------------------------------------------------------------
RiDigitQC            INFO  Rich1 : Av. total  hit occupancy      1506.80 +-12.28 hits/event
RiDigitQC            INFO        : Av. signal hit occupancy      1036.20 +-10.18 hits/event
RiDigitQC            INFO        :   /Event/Next/MC/Rich/Hits       0.05 +- 0.02 % of total,   0.05 +- 0.02 % signal eff.
RiDigitQC            INFO        :   /Event/Prev/MC/Rich/Hits       0.18 +- 0.03 % of total,   0.08 +- 0.03 % signal eff.
RiDigitQC            INFO        :   /Event/MC/Rich/Hits           99.77 +- 0.04 % of total,  99.87 +- 0.03 % signal eff.
RiDigitQC            INFO        : Av. HPD hit occupancy            7.89 +- 0.06 hits/event
RiDigitQC            INFO        :   Min Av. HPD occ. hID=639009    0.10 +- 0.10 hits/event
RiDigitQC            INFO        :   Max Av. HPD occ. hID=643003   46.20 +- 2.15 hits/event
RiDigitQC            INFO        : % overall background hits       31.23 +- 0.38 %
RiDigitQC            INFO        :   % rayleigh scattered hits      0.89 +- 0.08 %
RiDigitQC            INFO        :   % charged track on HPD hits    0.02 +- 0.01 %
RiDigitQC            INFO        :   % gas quartz window CK hits    4.21 +- 0.16 %
RiDigitQC            INFO        :   % hpd quartz window CK hits   18.08 +- 0.31 %
RiDigitQC            INFO        :   % nitrogen CK hits             0.07 +- 0.02 %
RiDigitQC            INFO        :   % aerogel filter CK hits       0.07 +- 0.02 %
RiDigitQC            INFO        :   % silicon back-scatter hits    0.58 +- 0.06 %
RiDigitQC            INFO        :   % internal reflection hits    16.73 +- 0.30 %
RiDigitQC            INFO        :   % silicon charge share hits    1.25 +- 0.09 %
RiDigitQC            INFO -----------------------------------------------------------------------------------------------
RiDigitQC            INFO  Rich2 : Av. total  hit occupancy       926.00 +- 9.62 hits/event
RiDigitQC            INFO        : Av. signal hit occupancy       595.50 +- 7.72 hits/event
RiDigitQC            INFO        :   /Event/Next/MC/Rich/Hits       1.10 +- 0.11 % of total,   0.05 +- 0.03 % signal eff.
RiDigitQC            INFO        :   /Event/Prev/MC/Rich/Hits       0.02 +- 0.02 % of total,   0.02 +- 0.02 % signal eff.
RiDigitQC            INFO        :   /Event/MC/Rich/Hits           98.88 +- 0.11 % of total,  99.93 +- 0.03 % signal eff.
RiDigitQC            INFO        : Av. HPD hit occupancy            3.78 +- 0.04 hits/event
RiDigitQC            INFO        :   Min Av. HPD occ. hID=627009    0.10 +- 0.10 hits/event
RiDigitQC            INFO        :   Max Av. HPD occ. hID=623004   14.00 +- 1.18 hits/event
RiDigitQC            INFO        : % overall background hits       35.69 +- 0.50 %
RiDigitQC            INFO        :   % rayleigh scattered hits      0.00 +- 0.00 %
RiDigitQC            INFO        :   % charged track on HPD hits    0.02 +- 0.02 %
RiDigitQC            INFO        :   % gas quartz window CK hits    3.21 +- 0.18 %
RiDigitQC            INFO        :   % hpd quartz window CK hits   25.10 +- 0.45 %
RiDigitQC            INFO        :   % nitrogen CK hits             0.03 +- 0.02 %
RiDigitQC            INFO        :   % aerogel filter CK hits       0.00 +- 0.00 %
RiDigitQC            INFO        :   % silicon back-scatter hits    0.64 +- 0.08 %
RiDigitQC            INFO        :   % internal reflection hits    19.21 +- 0.41 %
RiDigitQC            INFO        :   % silicon charge share hits    1.53 +- 0.13 %
RiDigitQC            INFO ===============================================================================================
RiDigitQC         SUCCESS Booked 6 Histogram(s) : 1D=6
SpdCheck          SUCCESS Booked 4 Histogram(s) : 1D=4
PrsCheck          SUCCESS Booked 4 Histogram(s) : 1D=4
EcalCheck         SUCCESS Booked 6 Histogram(s) : 1D=6
HcalCheck         SUCCESS Booked 6 Histogram(s) : 1D=6
MuonDigitChecker     INFO -----------------------------------------------------------------
MuonDigitChecker     INFO        Muon Monitoring Table
MuonDigitChecker     INFO -----------------------------------------------------------------
MuonDigitChecker     INFO -----------------------------------------------------------------
MuonDigitChecker     INFO     Digi Information
MuonDigitChecker     INFO -----------------------------------------------------------------
MuonDigitChecker     INFO -----------------------------------------------------------------
MuonDigitChecker     INFO -----   Container: Geant------------------------
MuonDigitChecker     INFO -----------------------------------------------------------------
MuonDigitChecker     INFO    M1     M2     M3     M4     M5
MuonDigitChecker     INFO 42.400  18.100  7.300  6.100  2.900   R1
MuonDigitChecker     INFO 41.100  14.300  3.000  2.000  1.400   R2
MuonDigitChecker     INFO 38.100  4.900  1.500  1.700  2.000   R3
MuonDigitChecker     INFO 41.500  7.800  1.800  1.000  1.000   R4
MuonDigitChecker     INFO -----------------------------------------------------------------
MuonDigitChecker     INFO -----   Container: FlastSpillOver------------------------
MuonDigitChecker     INFO -----------------------------------------------------------------
MuonDigitChecker     INFO    M1     M2     M3     M4     M5
MuonDigitChecker     INFO 0.200  0.200  0.000  0.100  0.000   R1
MuonDigitChecker     INFO 0.700  1.000  0.400  0.400  0.000   R2
MuonDigitChecker     INFO 0.400  1.600  0.400  0.200  1.100   R3
MuonDigitChecker     INFO 0.500  0.700  0.000  0.400  1.600   R4
MuonDigitChecker     INFO -----------------------------------------------------------------
MuonDigitChecker     INFO -----   Container: Low Energy Background------------------------
MuonDigitChecker     INFO -----------------------------------------------------------------
MuonDigitChecker     INFO    M1     M2     M3     M4     M5
MuonDigitChecker     INFO 0.000  4.600  1.100  0.700  0.500   R1
MuonDigitChecker     INFO 0.000  4.200  1.100  0.400  0.000   R2
MuonDigitChecker     INFO 0.000  2.000  0.300  0.400  0.000   R3
MuonDigitChecker     INFO 0.000  0.600  0.400  0.200  0.600   R4
MuonDigitChecker     INFO -----------------------------------------------------------------
MuonDigitChecker     INFO -----   Container: Chamber Noise------------------------
MuonDigitChecker     INFO -----------------------------------------------------------------
MuonDigitChecker     INFO    M1     M2     M3     M4     M5
MuonDigitChecker     INFO 0.000  0.000  0.000  0.000  0.000   R1
MuonDigitChecker     INFO 0.000  0.000  0.000  0.000  0.000   R2
MuonDigitChecker     INFO 0.000  0.000  0.000  0.000  0.000   R3
MuonDigitChecker     INFO 0.000  0.000  0.000  0.000  0.000   R4
MuonDigitChecker     INFO -----------------------------------------------------------------
MuonDigitChecker     INFO -----   Container: Crosstalk------------------------
MuonDigitChecker     INFO -----------------------------------------------------------------
MuonDigitChecker     INFO    M1     M2     M3     M4     M5
MuonDigitChecker     INFO 2.800  2.100  0.900  1.000  0.500   R1
MuonDigitChecker     INFO 14.600  1.200  0.400  0.400  0.000   R2
MuonDigitChecker     INFO 7.600  1.400  0.800  0.200  0.200   R3
MuonDigitChecker     INFO 1.000  0.100  0.000  0.000  0.000   R4
MuonDigitChecker     INFO -----------------------------------------------------------------
MuonDigitChecker     INFO -----   Container: Electronic Noise------------------------
MuonDigitChecker     INFO -----------------------------------------------------------------
MuonDigitChecker     INFO    M1     M2     M3     M4     M5
MuonDigitChecker     INFO 0.200  0.000  0.000  0.000  0.000   R1
MuonDigitChecker     INFO 0.200  0.000  0.100  0.000  0.000   R2
MuonDigitChecker     INFO 0.000  0.000  0.000  0.200  0.000   R3
MuonDigitChecker     INFO 0.000  0.000  0.000  0.000  0.000   R4
MuonDigitChecker  SUCCESS Booked 1 N-Tuples and 0 Event Tag Collections
L0CaloMonit          INFO Number of events processed: 10
L0CaloMonit       SUCCESS Booked 13 Histogram(s) : 1D=8 2D=5
L0DUReportMonitor    INFO ========================================================================
L0DUReportMonitor    INFO  L0DUReport Monitoring ran on 1 Configuration(s)
L0DUReportMonitor    INFO ========================================================================
L0DUReportMonitor    INFO
L0DUReportMonitor    INFO    ****************************************************
L0DUReportMonitor    INFO    ***  Trigger Configuration Key : 0xDC09 (56329)
L0DUReportMonitor    INFO    ***  Recipe name : 'Undefined recipe name for TCK=0xDC09'
L0DUReportMonitor    INFO    ***  short description : ' TCK = 0xDC09 : DC09 tuning by Leandro (March 2009) - gain:Calo[20] : Muon[40]'
L0DUReportMonitor    INFO    ****************************************************
L0DUReportMonitor    INFO
L0DUReportMonitor    INFO    -------------------------------------------------------------------
L0DUReportMonitor    INFO    -- L0 Performance on 10 events
L0DUReportMonitor    INFO    -------------------------------------------------------------------
L0DUReportMonitor    INFO               *  Accepted L0          :         7 events :  rate = (  70.00 +-  26.46) %
L0DUReportMonitor    INFO    ------------------------ TRIGGERS ---------------------------------
L0DUReportMonitor    INFO    * Trigger set :               L0Ecal :         1 events : rate =  10.00  %  (rel. rate =   14.29 % )
L0DUReportMonitor    INFO    * Trigger set :               L0Hcal :         1 events : rate =  10.00  %  (rel. rate =   14.29 % )
L0DUReportMonitor    INFO    * Trigger set :               L0Muon :         7 events : rate =  70.00  %  (rel. rate =  100.00 % )
L0DUReportMonitor    INFO    * Trigger set :                Other :         0 events : rate =   0.00  %  (rel. rate =    0.00 % )
L0DUReportMonitor    INFO    ------------------------ CHANNELS ---------------------------------
L0DUReportMonitor    INFO    *    ENABLED     channel :               DiMuon :         1 events : rate =  10.00  %  (rel. rate =   14.29 % )
L0DUReportMonitor    INFO    *    ENABLED     channel :       DiMuon,lowMult :         0 events : rate =   0.00  %  (rel. rate =    0.00 % )
L0DUReportMonitor    INFO    *    ENABLED     channel :             Electron :         1 events : rate =  10.00  %  (rel. rate =   14.29 % )
L0DUReportMonitor    INFO    *    ENABLED     channel :            GlobalPi0 :         1 events : rate =  10.00  %  (rel. rate =   14.29 % )
L0DUReportMonitor    INFO    *    ENABLED     channel :               Hadron :         1 events : rate =  10.00  %  (rel. rate =   14.29 % )
L0DUReportMonitor    INFO    *    ENABLED     channel :             LocalPi0 :         0 events : rate =   0.00  %  (rel. rate =    0.00 % )
L0DUReportMonitor    INFO    *    ENABLED     channel :                 Muon :         7 events : rate =  70.00  %  (rel. rate =  100.00 % )
L0DUReportMonitor    INFO    *    ENABLED     channel :         Muon,lowMult :         0 events : rate =   0.00  %  (rel. rate =    0.00 % )
L0DUReportMonitor    INFO    *    ENABLED     channel :               Photon :         1 events : rate =  10.00  %  (rel. rate =   14.29 % )
L0DUReportMonitor    INFO    ------------------------ CONDITIONS ------------------------------
L0DUReportMonitor    INFO    *  Elementary Condition         DiMuon(Pt)>25 :         7 events : rate =  70.00  %
L0DUReportMonitor    INFO    *  Elementary Condition      Electron(Et)>125 :         1 events : rate =  10.00  %
L0DUReportMonitor    INFO    *  Elementary Condition     GlobalPi0(Et)>240 :         1 events : rate =  10.00  %
L0DUReportMonitor    INFO    *  Elementary Condition        Hadron(Et)>180 :         1 events : rate =  10.00  %
L0DUReportMonitor    INFO    *  Elementary Condition      LocalPi0(Et)>250 :         0 events : rate =   0.00  %
L0DUReportMonitor    INFO    *  Elementary Condition          Muon1(Pt)>20 :         7 events : rate =  70.00  %
L0DUReportMonitor    INFO    *  Elementary Condition          Muon1(Pt)>21 :         7 events : rate =  70.00  %
L0DUReportMonitor    INFO    *  Elementary Condition           Muon2(Pt)>2 :         1 events : rate =  10.00  %
L0DUReportMonitor    INFO    *  Elementary Condition        Photon(Et)>150 :         1 events : rate =  10.00  %
L0DUReportMonitor    INFO    *  Elementary Condition          Spd(Mult)<20 :         0 events : rate =   0.00  %
L0DUReportMonitor    INFO ========================================================================
L0DUReportMonitor SUCCESS Booked 3 Histogram(s) : 1D=3
DigiWriter           INFO Events output: 10
TagCreator           INFO Number of events 10
TagCreator        SUCCESS Booked 0 N-Tuples and 1 Event Tag Collections
WR                   INFO Events output: 10
RawWriter            INFO Events output: 10
EventLoopMgr         INFO Histograms converted successfully according to request.
LHCb::RawDataCn...   INFO Closed MDF stream:PFN:11144103-100ev-25ns-20090715-10ev.mdf ID:0x275a8e70
EvtTupleSvc          INFO NTuples saved successfully
EvtTupleSvc.EVT...   INFO File sharing enabled. Do not retire files.
PoolRootTreeEvt...   INFO Disconnected data IO:146E03D0-CC70-DE11-9001-000CF1F44509[castor:/castor/cern.ch/user/g/gcorti/Gauss/2009/v37r3/11144103-100ev-25ns-20090715.sim]
PoolRootTreeEvt...   INFO Disconnected data IO:EE017BBA-CCD2-DE11-BBF6-001E4F3D8360[11144103-100ev-25ns-20090715-10ev.digi]
XMLCatalog           INFO File 'test_catalog.xml' does not exist. New file created.
ToolSvc              INFO Removing all tools created by ToolSvc
L0MuonOnlineMon...SUCCESS Booked 9 Histogram(s) : 1D=5 2D=4
L0MuonOnlineMon...SUCCESS Booked 9 Histogram(s) : 1D=5 2D=4
HcalFromRaw.Hca...SUCCESS Number of counters : 1
 |    Counter                                      |     #     |    sum     | mean/eff^* | rms/err^*  |     min     |     max     |
 | "getCaloBanks"                                  |        10 |         10 |     1.0000 |     0.0000 |      1.0000 |      1.0000 |
EcalFromRaw.Eca...SUCCESS Number of counters : 1
 |    Counter                                      |     #     |    sum     | mean/eff^* | rms/err^*  |     min     |     max     |
 | "getCaloBanks"                                  |        10 |         10 |     1.0000 |     0.0000 |      1.0000 |      1.0000 |
L0Calo.CaloTrig...SUCCESS Number of counters : 1
 |    Counter                                      |     #     |    sum     | mean/eff^* | rms/err^*  |     min     |     max     |
 | "getCaloBanks"                                  |        10 |         10 |     1.0000 |     0.0000 |      1.0000 |      1.0000 |
L0Calo.HcalTrig...SUCCESS Number of counters : 1
 |    Counter                                      |     #     |    sum     | mean/eff^* | rms/err^*  |     min     |     max     |
 | "getCaloBanks"                                  |        10 |         10 |     1.0000 |     0.0000 |      1.0000 |      1.0000 |
L0Calo.EcalTrig...SUCCESS Number of counters : 1
 |    Counter                                      |     #     |    sum     | mean/eff^* | rms/err^*  |     min     |     max     |
 | "getCaloBanks"                                  |        10 |         10 |     1.0000 |     0.0000 |      1.0000 |      1.0000 |
ToolSvc.RichRaw...   INFO ========================================================================================================================
ToolSvc.RichRaw...   INFO                              RICH Level 1 : Encoding Summary : 10 events
ToolSvc.RichRaw...   INFO ------------------------------------------------------------------------------------------------------------------------
ToolSvc.RichRaw...   INFO  Rich2 L1ID(hard/log)  1/ 8 V129 | L1 size =  15.10 +- 1.23 hpds :   59.70 +- 2.44 words :   89.80 +- 3.00 hits / event
ToolSvc.RichRaw...   INFO ------------------------------------------------------------------------------------------------------------------------
ToolSvc.RichRaw...   INFO  Rich1 L1ID(hard/log)  3/ 1 V129 | L1 size =  21.80 +- 1.48 hpds :   77.30 +- 2.78 words :  105.30 +- 3.24 hits / event
ToolSvc.RichRaw...   INFO ------------------------------------------------------------------------------------------------------------------------
ToolSvc.RichRaw...   INFO  Rich2 L1ID(hard/log)  4/ 6 V129 | L1 size =  14.60 +- 1.21 hpds :   74.80 +- 2.73 words :  139.70 +- 3.74 hits / event
ToolSvc.RichRaw...   INFO  Rich2 L1ID(hard/log)  5/ 7 V129 | L1 size =  15.00 +- 1.22 hpds :   77.10 +- 2.78 words :  144.30 +- 3.80 hits / event
ToolSvc.RichRaw...   INFO  Rich2 L1ID(hard/log)  6/ 3 V129 | L1 size =  14.80 +- 1.22 hpds :   74.40 +- 2.73 words :  131.70 +- 3.63 hits / event
ToolSvc.RichRaw...   INFO  Rich2 L1ID(hard/log)  8/ 2 V129 | L1 size =  15.20 +- 1.23 hpds :   79.70 +- 2.82 words :  149.80 +- 3.87 hits / event
ToolSvc.RichRaw...   INFO  Rich2 L1ID(hard/log)  9/ 1 V129 | L1 size =  17.30 +- 1.32 hpds :   68.30 +- 2.61 words :   92.90 +- 3.05 hits / event
ToolSvc.RichRaw...   INFO  Rich2 L1ID(hard/log) 11/ 4 V129 | L1 size =  10.00 +- 1.00 hpds :   41.30 +- 2.03 words :   65.40 +- 2.56 hits / event
ToolSvc.RichRaw...   INFO  Rich2 L1ID(hard/log) 12/ 5 V129 | L1 size =  13.70 +- 1.17 hpds :   64.90 +- 2.55 words :  112.40 +- 3.35 hits / event
ToolSvc.RichRaw...   INFO ------------------------------------------------------------------------------------------------------------------------
ToolSvc.RichRaw...   INFO  Rich1 L1ID(hard/log) 13/ 2 V129 | L1 size =  21.40 +- 1.46 hpds :   91.40 +- 3.02 words :  163.60 +- 4.04 hits / event
ToolSvc.RichRaw...   INFO  Rich1 L1ID(hard/log) 14/ 3 V129 | L1 size =  16.50 +- 1.28 hpds :   86.30 +- 2.94 words :  164.20 +- 4.05 hits / event
ToolSvc.RichRaw...   INFO  Rich1 L1ID(hard/log) 16/ 4 V129 | L1 size =  10.20 +- 1.01 hpds :   74.70 +- 2.73 words :  141.40 +- 3.76 hits / event
ToolSvc.RichRaw...   INFO  Rich1 L1ID(hard/log) 17/ 5 V129 | L1 size =  11.90 +- 1.09 hpds :   78.40 +- 2.80 words :  164.60 +- 4.06 hits / event
ToolSvc.RichRaw...   INFO  Rich1 L1ID(hard/log) 18/ 6 V129 | L1 size =  29.60 +- 1.72 hpds :  230.20 +- 4.80 words :  526.30 +- 7.25 hits / event
ToolSvc.RichRaw...   INFO  Rich1 L1ID(hard/log) 20/ 7 V129 | L1 size =  25.80 +- 1.61 hpds :  135.60 +- 3.68 words :  241.40 +- 4.91 hits / event
ToolSvc.RichRaw...   INFO ------------------------------------------------------------------------------------------------------------------------
ToolSvc.RichRaw...   INFO  Rich1 Average                   | L1 size = 137.20 +- 3.70 hpds :  773.90 +- 8.80 words : 1506.80 +-12.28 hits / event
ToolSvc.RichRaw...   INFO  Rich2 Average                   | L1 size = 115.70 +- 3.40 hpds :  540.20 +- 7.35 words :  926.00 +- 9.62 hits / event
ToolSvc.RichRaw...   INFO ========================================================================================================================
BooleInit.Boole...SUCCESS Booked 4 Histogram(s) : 1D=4
BooleInit.Boole...SUCCESS Number of counters : 2
 |    Counter                                      |     #     |    sum     | mean/eff^* | rms/err^*  |     min     |     max     |
 | "Delta Memory/MB"                               |         9 |    127.932 |     14.215 |     28.153 |      0.0000 |      89.704 |
 | "Total Memory/MB"                               |        10 |   11419.04 |     1141.9 |     37.544 |      1034.1 |      1162.0 |
ToolSvc.OTChann...SUCCESS Exceptions/Errors/Warnings/Infos Statistics : 0/0/1/0
ToolSvc.OTChann...SUCCESS  #WARNINGS   = 1        Message = 'Updating OT channel map for bank version 3'
TimingAuditor.T...   INFO ------------------------------------------------------------------------------------------------
TimingAuditor.T...   INFO This machine has a speed about   1.93 times the speed of a 2.8 GHz Xeon.
TimingAuditor.T...   INFO Algorithm          (millisec) |    <user> |   <clock> |      min       max | entries | total (s) |
TimingAuditor.T...   INFO ------------------------------------------------------------------------------------------------
TimingAuditor.T...   INFO EVENT LOOP                    |   847.171 |  1049.643 |  618.092    2053.3 |      10 |    10.496 |
TimingAuditor.T...   INFO  BooleSequencer               |   723.990 |   903.468 |  536.506    1418.8 |      10 |     9.035 |
TimingAuditor.T...   INFO   Init                        |    94.585 |   159.073 |   36.030     522.0 |      10 |     1.591 |
TimingAuditor.T...   INFO    InitBooleSeq               |     7.199 |    11.171 |    0.833     103.3 |      10 |     0.112 |
TimingAuditor.T...   INFO     BooleInit                 |     6.799 |     9.582 |    0.610      89.7 |      10 |     0.096 |
TimingAuditor.T...   INFO     SpilloverHandler          |     0.400 |     1.564 |    0.207      13.6 |      10 |     0.016 |
TimingAuditor.T...   INFO      SpilloverLoader          |     0.400 |     1.538 |    0.185      13.5 |      10 |     0.015 |
TimingAuditor.T...   INFO      SpilloverKiller          |     0.000 |     0.007 |    0.005       0.0 |      10 |     0.000 |
TimingAuditor.T...   INFO    InitDataSeq                |     0.000 |     0.005 |    0.004       0.0 |      10 |     0.000 |
TimingAuditor.T...   INFO    InitMUONSeq                |    87.386 |   147.876 |   35.086     418.6 |      10 |     1.479 |
TimingAuditor.T...   INFO     MuonLowEnergy             |    85.687 |   146.242 |   33.906     416.6 |      10 |     1.462 |
TimingAuditor.T...   INFO     MuonFlatSpillover         |     1.500 |     1.583 |    1.135       2.2 |      10 |     0.016 |
TimingAuditor.T...   INFO   Digi                        |   411.437 |   524.000 |  338.507     781.4 |      10 |     5.240 |
TimingAuditor.T...   INFO    DigiVELOSeq                |   114.583 |   151.036 |   85.311     267.4 |      10 |     1.510 |
TimingAuditor.T...   INFO     VeloSim                   |    85.387 |   109.314 |   62.194     195.7 |      10 |     1.093 |
TimingAuditor.T...   INFO     VeloPUSim                 |     5.199 |    17.742 |    3.295      42.5 |      10 |     0.177 |
TimingAuditor.T...   INFO     VeloDataProcessor         |     2.900 |     2.951 |    1.925       3.9 |      10 |     0.030 |
TimingAuditor.T...   INFO     VeloClusterMaker          |    20.797 |    20.652 |   13.840      27.3 |      10 |     0.207 |
TimingAuditor.T...   INFO     PrepareVeloRawBuffer      |     0.300 |     0.295 |    0.147       0.7 |      10 |     0.003 |
TimingAuditor.T...   INFO    DigiTTSeq                  |    28.895 |    42.819 |   20.624      81.6 |      10 |     0.428 |
TimingAuditor.T...   INFO     MCTTDepositCreator        |    19.197 |    33.306 |   14.504      65.8 |      10 |     0.333 |
TimingAuditor.T...   INFO     MCTTDigitCreator          |     2.400 |     2.236 |    1.286       3.7 |      10 |     0.022 |
TimingAuditor.T...   INFO     TTDigitCreator            |     4.899 |     5.010 |    3.193       7.8 |      10 |     0.050 |
TimingAuditor.T...   INFO     TTClusterCreator          |     1.500 |     1.541 |    0.805       3.0 |      10 |     0.015 |
TimingAuditor.T...   INFO     TTClusterKiller           |     0.100 |     0.118 |    0.051       0.2 |      10 |     0.001 |
TimingAuditor.T...   INFO     createTTRawBuffer         |     0.600 |     0.548 |    0.251       1.0 |      10 |     0.005 |
TimingAuditor.T...   INFO    DigiITSeq                  |    20.697 |    38.979 |   11.288      76.2 |      10 |     0.390 |
TimingAuditor.T...   INFO     MCITDepositCreator        |    13.398 |    31.790 |    7.753      67.0 |      10 |     0.318 |
TimingAuditor.T...   INFO     MCITDigitCreator          |     1.600 |     1.697 |    0.633       2.8 |      10 |     0.017 |
TimingAuditor.T...   INFO     ITDigitCreator            |     4.099 |     3.939 |    1.871       6.1 |      10 |     0.039 |
TimingAuditor.T...   INFO     ITClusterCreator          |     0.900 |     1.088 |    0.697       2.2 |      10 |     0.011 |
TimingAuditor.T...   INFO     ITClusterKiller           |     0.100 |     0.070 |    0.039       0.2 |      10 |     0.001 |
TimingAuditor.T...   INFO     createITRawBuffer         |     0.400 |     0.340 |    0.200       0.7 |      10 |     0.003 |
TimingAuditor.T...   INFO    DigiOTSeq                  |    39.694 |    50.564 |   28.208      83.6 |      10 |     0.506 |
TimingAuditor.T...   INFO     MCOTDepositCreator        |    34.895 |    45.812 |   25.232      77.1 |      10 |     0.458 |
TimingAuditor.T...   INFO     MCOTTimeCreator           |     3.999 |     3.923 |    2.446       6.4 |      10 |     0.039 |
TimingAuditor.T...   INFO     OTFillRawBuffer           |     0.800 |     0.791 |    0.503       1.6 |      10 |     0.008 |
TimingAuditor.T...   INFO    DigiRICHSeq                |    62.390 |    73.823 |   43.170     100.6 |      10 |     0.738 |
TimingAuditor.T...   INFO     RichPDSignal              |    42.693 |    54.129 |   29.503      75.1 |      10 |     0.541 |
TimingAuditor.T...   INFO     RichChargeShare           |     1.100 |     1.087 |    0.561       1.6 |      10 |     0.011 |
TimingAuditor.T...   INFO     RichSummedDeposits        |     2.799 |     2.703 |    1.446       4.0 |      10 |     0.027 |
TimingAuditor.T...   INFO     RichPDResponse            |    13.798 |    13.852 |    8.454      23.6 |      10 |     0.139 |
TimingAuditor.T...   INFO     RichFillRawBuffer         |     2.000 |     1.969 |    0.952       5.0 |      10 |     0.020 |
TimingAuditor.T...   INFO    DigiCALOSeq                |    74.689 |    96.399 |   38.083     195.0 |      10 |     0.964 |
TimingAuditor.T...   INFO     SpdSignal                 |     9.399 |    13.848 |    5.297      37.8 |      10 |     0.138 |
TimingAuditor.T...   INFO     PrsSignal                 |    14.898 |    20.593 |    6.201      49.6 |      10 |     0.206 |
TimingAuditor.T...   INFO     EcalSignal                |    18.497 |    26.794 |    9.630      58.6 |      10 |     0.268 |
TimingAuditor.T...   INFO     HcalSignal                |     3.399 |     6.381 |    2.293      22.0 |      10 |     0.064 |
TimingAuditor.T...   INFO     SpdDigit                  |     7.599 |     7.484 |    2.449      15.4 |      10 |     0.075 |
TimingAuditor.T...   INFO     PrsDigit                  |    14.398 |    14.435 |    4.991      28.2 |      10 |     0.144 |
TimingAuditor.T...   INFO     EcalDigit                 |     4.200 |     4.267 |    3.958       5.1 |      10 |     0.043 |
TimingAuditor.T...   INFO     HcalDigit                 |     1.100 |     1.172 |    1.073       1.3 |      10 |     0.012 |
TimingAuditor.T...   INFO     CaloFillPrsSpdRawBuffer   |     0.800 |     0.656 |    0.533       1.1 |      10 |     0.007 |
TimingAuditor.T...   INFO     EcalFillRawBuffer         |     0.300 |     0.519 |    0.464       0.8 |      10 |     0.005 |
TimingAuditor.T...   INFO     HcalFillRawBuffer         |     0.000 |     0.152 |    0.140       0.2 |      10 |     0.002 |
TimingAuditor.T...   INFO    DigiMUONSeq                |    58.591 |    58.239 |   31.768      92.8 |      10 |     0.582 |
TimingAuditor.T...   INFO     MuonDigitization          |    24.296 |    24.228 |   17.794      36.4 |      10 |     0.242 |
TimingAuditor.T...   INFO     MuonDigitToRawBuffer      |    34.195 |    33.948 |   12.205      62.3 |      10 |     0.339 |
TimingAuditor.T...   INFO    DigiL0Seq                  |    11.798 |    12.088 |    8.099      18.2 |      10 |     0.121 |
TimingAuditor.T...   INFO     L0SimulationSeq           |    11.798 |    12.079 |    8.090      18.2 |      10 |     0.121 |
TimingAuditor.T...   INFO      PuVetoFillRawBuffer      |     0.000 |     0.135 |    0.067       0.3 |      10 |     0.001 |
TimingAuditor.T...   INFO      L0EmulatorSeq            |    11.698 |    11.695 |    7.868      16.8 |      10 |     0.117 |
TimingAuditor.T...   INFO       L0ProcessorsSeq         |    11.298 |    11.360 |    7.683      15.8 |      10 |     0.114 |
TimingAuditor.T...   INFO        L0Calo                 |     1.000 |     1.101 |    0.722       2.8 |      10 |     0.011 |
TimingAuditor.T...   INFO        L0Muon                 |     9.999 |     9.935 |    6.716      14.1 |      10 |     0.099 |
TimingAuditor.T...   INFO        L0PuVeto               |     0.300 |     0.280 |    0.185       0.5 |      10 |     0.003 |
TimingAuditor.T...   INFO       L0DU                    |     0.400 |     0.317 |    0.167       1.6 |      10 |     0.003 |
TimingAuditor.T...   INFO      L0CaloCandidatesFromRaw  |     0.100 |     0.225 |    0.113       1.1 |      10 |     0.002 |
TimingAuditor.T...   INFO   Link                        |    99.285 |   100.020 |   67.417     196.2 |      10 |     1.000 |
TimingAuditor.T...   INFO    LinkVELOSeq                |     5.199 |     5.873 |    1.702      13.6 |      10 |     0.059 |
TimingAuditor.T...   INFO     DecodeVeloRawBuffer       |     1.000 |     0.838 |    0.376       1.5 |      10 |     0.008 |
TimingAuditor.T...   INFO     VeloCluster2MCHitLinker   |     3.400 |     4.149 |    1.012      11.2 |      10 |     0.041 |
TimingAuditor.T...   INFO     VeloCluster2MCParticleLink|     0.800 |     0.857 |    0.289       1.7 |      10 |     0.009 |
TimingAuditor.T...   INFO    LinkTTSeq                  |    11.998 |    11.909 |    5.384      31.0 |      10 |     0.119 |
TimingAuditor.T...   INFO     TTDigitLinker             |     6.699 |     6.558 |    3.717      16.4 |      10 |     0.066 |
TimingAuditor.T...   INFO     TTClusterLinker           |     3.000 |     3.114 |    0.913       9.0 |      10 |     0.031 |
TimingAuditor.T...   INFO     TTTruthLinker             |     2.300 |     2.207 |    0.682       5.6 |      10 |     0.022 |
TimingAuditor.T...   INFO    LinkITSeq                  |     7.599 |     7.611 |    4.733      15.7 |      10 |     0.076 |
TimingAuditor.T...   INFO     ITDigitLinker             |     4.199 |     4.314 |    2.246       7.6 |      10 |     0.043 |
TimingAuditor.T...   INFO     ITClusterLinker           |     2.000 |     1.891 |    0.764       4.8 |      10 |     0.019 |
TimingAuditor.T...   INFO     ITTruthLinker             |     1.300 |     1.379 |    0.580       3.3 |      10 |     0.014 |
TimingAuditor.T...   INFO    LinkOTSeq                  |    50.193 |    50.360 |   26.973      99.5 |      10 |     0.504 |
TimingAuditor.T...   INFO     OTMCDepositLinker         |    21.697 |    21.817 |    9.468      46.9 |      10 |     0.218 |
TimingAuditor.T...   INFO     OTMCHitLinker             |    15.897 |    15.786 |    9.347      31.8 |      10 |     0.158 |
TimingAuditor.T...   INFO     OTMCParticleLinker        |    12.598 |    12.727 |    8.130      21.8 |      10 |     0.127 |
TimingAuditor.T...   INFO    LinkTrSeq                  |     2.000 |     1.979 |    1.064       4.7 |      10 |     0.020 |
TimingAuditor.T...   INFO     BuildMCTrackInfo          |     2.000 |     1.966 |    1.053       4.7 |      10 |     0.020 |
TimingAuditor.T...   INFO    LinkRICHSeq                |     0.800 |     0.706 |    0.331       1.9 |      10 |     0.007 |
TimingAuditor.T...   INFO     Rich::MC::MCRichDigitSumma|     0.800 |     0.694 |    0.320       1.9 |      10 |     0.007 |
TimingAuditor.T...   INFO    LinkCALOSeq                |    18.797 |    18.910 |   14.520      27.1 |      10 |     0.189 |
TimingAuditor.T...   INFO     EcalFromRaw               |     2.500 |     2.638 |    2.479       3.8 |      10 |     0.026 |
TimingAuditor.T...   INFO     HcalFromRaw               |     0.700 |     0.639 |    0.614       0.7 |      10 |     0.006 |
TimingAuditor.T...   INFO     CaloReCreateMCLinks       |     0.000 |     0.059 |    0.035       0.3 |      10 |     0.001 |
TimingAuditor.T...   INFO     EcalDigitMCTruth          |    12.898 |    12.797 |    8.528      20.1 |      10 |     0.128 |
TimingAuditor.T...   INFO     HcalDigitMCTruth          |     2.699 |     2.728 |    1.980       3.8 |      10 |     0.027 |
TimingAuditor.T...   INFO    LinkMUONSeq                |     2.000 |     1.963 |    0.688       3.4 |      10 |     0.020 |
TimingAuditor.T...   INFO     MuonDigit2MCParticleAlg   |     1.900 |     1.795 |    0.610       3.2 |      10 |     0.018 |
TimingAuditor.T...   INFO     MuonTileDigitInfo         |     0.000 |     0.141 |    0.059       0.2 |      10 |     0.001 |
TimingAuditor.T...   INFO    LinkL0Seq                  |     0.700 |     0.659 |    0.434       1.1 |      10 |     0.007 |
TimingAuditor.T...   INFO     L0CaloToMCParticleAsct    |     0.200 |     0.170 |    0.101       0.7 |      10 |     0.002 |
TimingAuditor.T...   INFO     L0CaloFullTruth           |     0.500 |     0.471 |    0.315       0.7 |      10 |     0.005 |
TimingAuditor.T...   INFO   Moni                        |   118.682 |   120.287 |   84.615     168.7 |      10 |     1.203 |
TimingAuditor.T...   INFO    MoniVELOSeq                |    62.791 |    62.793 |   41.619      81.2 |      10 |     0.628 |
TimingAuditor.T...   INFO     VeloSimMoni               |    26.396 |    26.221 |   18.763      31.8 |      10 |     0.262 |
TimingAuditor.T...   INFO     VeloDigit2MCHitLinker     |     4.100 |     4.211 |    1.418      11.3 |      10 |     0.042 |
TimingAuditor.T...   INFO     VeloDigiMoni              |    26.396 |    26.451 |   19.228      32.4 |      10 |     0.265 |
TimingAuditor.T...   INFO     VeloRawClustersMoni       |     5.899 |     5.869 |    2.177      10.7 |      10 |     0.059 |
TimingAuditor.T...   INFO    MoniTTSeq                  |    16.297 |    17.792 |   10.161      32.2 |      10 |     0.178 |
TimingAuditor.T...   INFO     MCTTDepositMonitor        |     3.899 |     3.948 |    2.207       7.0 |      10 |     0.039 |
TimingAuditor.T...   INFO     MCTTDigitMonitor          |     3.800 |     3.713 |    2.015       6.8 |      10 |     0.037 |
TimingAuditor.T...   INFO     TTDigitMonitor            |     5.199 |     5.107 |    3.057       8.6 |      10 |     0.051 |
TimingAuditor.T...   INFO     TTClusterMonitor          |     0.600 |     0.601 |    0.230       1.3 |      10 |     0.006 |
TimingAuditor.T...   INFO     MCP2TTMCHitAlg            |     0.600 |     2.098 |    0.260      16.3 |      10 |     0.021 |
TimingAuditor.T...   INFO     TTEffChecker              |     2.200 |     2.274 |    0.789       7.0 |      10 |     0.023 |
TimingAuditor.T...   INFO    MoniITSeq                  |    12.698 |    12.666 |    7.542      21.7 |      10 |     0.127 |
TimingAuditor.T...   INFO     MCITDepositMonitor        |     2.800 |     2.753 |    1.213       4.9 |      10 |     0.028 |
TimingAuditor.T...   INFO     MCITDigitMonitor          |     2.800 |     2.740 |    1.202       4.6 |      10 |     0.027 |
TimingAuditor.T...   INFO     ITDigitMonitor            |     4.899 |     5.019 |    3.007       8.6 |      10 |     0.050 |
TimingAuditor.T...   INFO     ITClusterMonitor          |     0.300 |     0.284 |    0.133       0.7 |      10 |     0.003 |
TimingAuditor.T...   INFO     MCP2ITMCHitAlg            |     0.100 |     0.180 |    0.051       0.7 |      10 |     0.002 |
TimingAuditor.T...   INFO     ITEffChecker              |     1.700 |     1.643 |    0.510       4.6 |      10 |     0.016 |
TimingAuditor.T...   INFO    MoniOTSeq                  |    21.397 |    21.623 |   14.550      32.9 |      10 |     0.216 |
TimingAuditor.T...   INFO     MCOTDepositMonitor        |    21.397 |    21.607 |   14.536      32.9 |      10 |     0.216 |
TimingAuditor.T...   INFO    MoniRICHSeq                |     3.400 |     3.060 |    1.733       5.5 |      10 |     0.031 |
TimingAuditor.T...   INFO     RiDigitQC                 |     3.400 |     3.040 |    1.711       5.4 |      10 |     0.030 |
TimingAuditor.T...   INFO    MoniCALOSeq                |     0.500 |     0.708 |    0.404       1.5 |      10 |     0.007 |
TimingAuditor.T...   INFO     SpdCheck                  |     0.100 |     0.120 |    0.059       0.3 |      10 |     0.001 |
TimingAuditor.T...   INFO     PrsCheck                  |     0.000 |     0.143 |    0.049       0.4 |      10 |     0.001 |
TimingAuditor.T...   INFO     EcalCheck                 |     0.300 |     0.322 |    0.208       0.6 |      10 |     0.003 |
TimingAuditor.T...   INFO     HcalCheck                 |     0.100 |     0.092 |    0.048       0.4 |      10 |     0.001 |
TimingAuditor.T...   INFO    MoniMUONSeq                |     1.100 |     1.079 |    0.517       1.8 |      10 |     0.011 |
TimingAuditor.T...   INFO     MuonDigitChecker          |     1.100 |     1.067 |    0.507       1.8 |      10 |     0.011 |
TimingAuditor.T...   INFO    MoniL0Seq                  |     0.400 |     0.509 |    0.291       2.3 |      10 |     0.005 |
TimingAuditor.T...   INFO     L0MoniSeq                 |     0.400 |     0.500 |    0.283       2.3 |      10 |     0.005 |
TimingAuditor.T...   INFO      L0CaloMonit              |     0.100 |     0.105 |    0.060       0.4 |      10 |     0.001 |
TimingAuditor.T...   INFO      L0MuonOnlineMonitor      |     0.200 |     0.098 |    0.057       0.5 |      10 |     0.001 |
TimingAuditor.T...   INFO      L0DUReportMonitor        |     0.100 |     0.273 |    0.136       1.4 |      10 |     0.003 |
TimingAuditor.T...   INFO    MoniMCSeq                  |     0.000 |     0.005 |    0.005       0.0 |      10 |     0.000 |
TimingAuditor.T...   INFO   Filter                      |     0.000 |     0.005 |    0.004       0.0 |      10 |     0.000 |
TimingAuditor.T...   INFO  DigiWriter                   |    76.788 |    96.947 |   35.867     443.3 |      10 |     0.969 |
TimingAuditor.T...   INFO  L0ETC                        |     8.399 |    11.434 |    0.398     110.6 |      10 |     0.114 |
TimingAuditor.T...   INFO   SeqWriteTag                 |     8.399 |    11.422 |    0.388     110.6 |      10 |     0.114 |
TimingAuditor.T...   INFO    TagCreator                 |     0.600 |     3.573 |    0.055      35.2 |      10 |     0.036 |
TimingAuditor.T...   INFO    WR                         |     7.799 |     7.814 |    0.299      75.3 |      10 |     0.078 |
TimingAuditor.T...   INFO  MDFKiller                    |    28.896 |    29.112 |   22.092      46.7 |      10 |     0.291 |
TimingAuditor.T...   INFO  RawWriter                    |     3.000 |     2.879 |    2.017       4.7 |      10 |     0.029 |
TimingAuditor.T...   INFO *     UnpackMCParticles       |     4.199 |    26.586 |    2.035      78.1 |      10 |     0.266 |
TimingAuditor.T...   INFO *     UnpackMCVertices        |     3.599 |    10.812 |    1.936      22.1 |      10 |     0.108 |
TimingAuditor.T...   INFO *     UnpackMCVeloHitsPrev    |     0.000 |     0.149 |    0.092       0.2 |       3 |     0.000 |
TimingAuditor.T...   INFO *     UnpackMCPuVetoHitsPrev  |     0.000 |     0.032 |    0.032       0.0 |       3 |     0.000 |
TimingAuditor.T...   INFO *     UnpackMCTTHitsPrev      |     0.000 |     0.034 |    0.027       0.0 |       3 |     0.000 |
TimingAuditor.T...   INFO *     UnpackMCITHitsPrev      |     0.000 |     0.036 |    0.028       0.0 |       3 |     0.000 |
TimingAuditor.T...   INFO *     UnpackMCOTHitsPrev      |     0.000 |     0.030 |    0.022       0.0 |       3 |     0.000 |
TimingAuditor.T...   INFO *     UnpackMCRichHitsPrev    |     0.000 |     0.033 |    0.022       0.0 |       4 |     0.000 |
TimingAuditor.T...   INFO *     UnpackMCSpdHitsPrev     |     0.000 |     0.037 |    0.029       0.0 |       3 |     0.000 |
TimingAuditor.T...   INFO *     UnpackMCPrsHitsPrev     |     0.000 |     0.041 |    0.024       0.1 |       3 |     0.000 |
TimingAuditor.T...   INFO *     UnpackMCEcalHitsPrev    |     0.000 |     0.033 |    0.024       0.0 |       3 |     0.000 |
TimingAuditor.T...   INFO *     UnpackMCHcalHitsPrev    |     0.000 |     0.026 |    0.022       0.0 |       3 |     0.000 |
TimingAuditor.T...   INFO *     UnpackMCMuonHitsPrev    |     0.000 |     0.037 |    0.030       0.0 |       3 |     0.000 |
TimingAuditor.T...   INFO *  MCRichDigitSummaryPacker   |     0.200 |     0.181 |    0.086       0.4 |      10 |     0.002 |
TimingAuditor.T...   INFO *     UnpackMCVeloHitsNext    |     0.200 |     0.080 |    0.037       0.1 |       5 |     0.000 |
TimingAuditor.T...   INFO *     UnpackMCPuVetoHitsNext  |     0.000 |     0.029 |    0.025       0.0 |       5 |     0.000 |
TimingAuditor.T...   INFO *     UnpackMCTTHitsNext      |     0.000 |     0.032 |    0.030       0.0 |       5 |     0.000 |
TimingAuditor.T...   INFO *     UnpackMCITHitsNext      |     0.000 |     0.032 |    0.027       0.0 |       5 |     0.000 |
TimingAuditor.T...   INFO *     UnpackMCOTHitsNext      |     0.000 |     0.037 |    0.031       0.0 |       5 |     0.000 |
TimingAuditor.T...   INFO *     UnpackMCRichHitsNext    |     0.000 |     0.033 |    0.028       0.0 |      10 |     0.000 |
TimingAuditor.T...   INFO *     UnpackMCMuonHitsNext    |     0.000 |     0.030 |    0.029       0.0 |       5 |     0.000 |
TimingAuditor.T...   INFO *     UnpackMCVeloHitsPrevPrev|     0.000 |     0.030 |    0.030       0.0 |       1 |     0.000 |
TimingAuditor.T...   INFO *     UnpackMCPuVetoHitsPrevPr|     0.000 |     0.030 |    0.030       0.0 |       1 |     0.000 |
TimingAuditor.T...   INFO *     UnpackMCTTHitsPrevPrev  |     0.000 |     0.029 |    0.029       0.0 |       1 |     0.000 |
TimingAuditor.T...   INFO *     UnpackMCITHitsPrevPrev  |     0.000 |     0.031 |    0.031       0.0 |       1 |     0.000 |
TimingAuditor.T...   INFO *     UnpackMCOTHitsPrevPrev  |     0.000 |     0.043 |    0.033       0.1 |       2 |     0.000 |
TimingAuditor.T...   INFO *     UnpackMCRichHitsPrevPrev|     0.000 |     0.044 |    0.044       0.0 |       1 |     0.000 |
TimingAuditor.T...   INFO *     UnpackMCMuonHitsPrevPrev|     0.000 |     0.032 |    0.032       0.0 |       1 |     0.000 |
TimingAuditor.T...   INFO ------------------------------------------------------------------------------------------------
DataOnDemandSvc      INFO Handled "DataFault" incidents: 112/79/914(Alg/Node/Total).
*****Chrono*****     INFO ****************************************************************************************************
*****Chrono*****     INFO  The Final CPU consumption ( Chrono ) Table (ordered)
*****Chrono*****     INFO ****************************************************************************************************
L0MuonTrigger I...   INFO Time User   : Tot= 1.47  [s]                                             #=  1
ChronoStatSvc        INFO Time User   : Tot= 12.9  [s]                                             #=  1
*****Chrono*****     INFO ****************************************************************************************************
ChronoStatSvc.f...   INFO  Service finalized successfully
ApplicationMgr       INFO Application Manager Finalized successfully
ApplicationMgr       INFO Application Manager Terminated successfully
