# --> Including file '/build/cattanem/Boole_HEAD/Digi/Boole/tests/options/testBoole-defaults.py'
# <-- End of file '/build/cattanem/Boole_HEAD/Digi/Boole/tests/options/testBoole-defaults.py'
# --> Including file '/build/cattanem/Boole_HEAD/Digi/Boole/options/Boole-Spillover.py'
# <-- End of file '/build/cattanem/Boole_HEAD/Digi/Boole/options/Boole-Spillover.py'
# --> Including file '/build/cattanem/Boole_HEAD/Digi/Boole/options/Spillover-Files.py'
# <-- End of file '/build/cattanem/Boole_HEAD/Digi/Boole/options/Spillover-Files.py'
# applying configuration of Boole
# /***** User Boole/Boole ****************************************************************************
# |-DatasetName         = '11144103-100ev-25ns-20090715'  (default: 'Boole')
# |-DetectorInit        = {'MUON': ['Muon'], 'DATA': ['Data']}  (default: {'MUON': ['Muon'], 'DATA': ['Data']})
# |-Histograms          = 'Default'
# |-SkipEvents          = 0
# |-Persistency         = None
# |-IgnoreFlatSpillover = False
# |-VeloTell1Processing = True
# |-ProductionMode      = False
# |-DetectorLink        = {'VELO': ['Velo'], 'MUON': ['Muon'], 'RICH': ['Rich'], 'TT': ['TT'], 'TR': ['Tr'], 'IT': ['IT'], 'L0': ['L0'], 'CALO': ['Calo'], 'OT': ['OT']}
# |                     (default: {'VELO': ['Velo'], 'MUON': ['Muon'], 'L0': ['L0'], 'RICH': ['Rich'], 'CALO': ['Calo'], 'TT': ['TT'], 'OT': ['OT'], 'TR': ['Tr'], 'IT': ['IT']})
# |-FilterSequence      = []  (default: [])
# |-TAESubdets          = ['Calo', 'Muon']  (default: ['Calo', 'Muon'])
# |-Outputs             = ['DIGI', 'MDF']  (default: ['DIGI'])
# |-DetectorDigi        = {'VELO': ['Velo'], 'MUON': ['Muon'], 'RICH': ['Rich'], 'TT': ['TT'], 'IT': ['IT'], 'L0': ['L0'], 'CALO': ['Calo'], 'OT': ['OT']}
# |                     (default: {'VELO': ['Velo'], 'MUON': ['Muon'], 'L0': ['L0'], 'RICH': ['Rich'], 'CALO': ['Calo'], 'TT': ['TT'], 'OT': ['OT'], 'IT': ['IT']})
# |-MainSequence        = []  (default: [])
# |-DigiType            = 'Default'
# |-MoniSequence        = ['Velo', 'TT', 'IT', 'OT', 'Rich', 'Calo', 'Muon', 'L0', 'MC']  (default: [])
# |-DetectorMoni        = {'VELO': ['Velo'], 'MUON': ['Muon'], 'RICH': ['Rich'], 'MC': ['MC'], 'TT': ['TT'], 'IT': ['IT'], 'L0': ['L0'], 'CALO': ['Calo'], 'OT': ['OT']}
# |                     (default: {'VELO': ['Velo'], 'MUON': ['Muon'], 'L0': ['L0'], 'RICH': ['Rich'], 'CALO': ['Calo'], 'MC': ['MC'], 'TT': ['TT'], 'OT': ['OT'], 'IT': ['IT']})
# |-TAEPrev             = 0
# |-EnablePack          = True
# |-DigiSequence        = ['Velo', 'TT', 'IT', 'OT', 'Rich', 'Calo', 'Muon', 'L0']  (default: [])
# |-OutputLevel         = 3
# |-EvtMax              = 10  (default: -1)
# |-TAENext             = 0
# |-CondDBtag           = ''
# |-UseSpillover        = True  (default: False)
# |-InitSequence        = ['Data', 'Muon']  (default: [])
# |-DataType            = '2009'  (default: '2011')
# |-NoWarnings          = False
# |-LinkSequence        = ['Velo', 'TT', 'IT', 'OT', 'Tr', 'Rich', 'Calo', 'Muon', 'L0']  (default: [])
# |-SpilloverPaths      = ['Prev', 'PrevPrev', 'Next']  (default: [])
# |-DDDBtag             = ''
# |-Monitors            = ['SC', 'FPE']  (default: [])
# \----- (End of User Boole/Boole) -------------------------------------------------------------------
# WARNING: Property 'SpilloverPaths' is set in both 'DigiConf' and 'SimConf', using 'DigiConf.SpilloverPaths'
# DigiWriter.ItemList    = ['/Event/Gen/Header#1', '/Event/MC/Header#1', '/Event/MC/DigiHeader#1', '/Event/DAQ/RawEvent#1', '/Event/Gen/Collisions#1', '/Event/Gen/HepMCEvents#1', '/Event/pSim/MCVertices#1', '/Event/pSim/MCParticles#1', '/Event/pSim/Rich/DigitSummaries#1', '/Event/MC/Muon/DigitsInfo#1', '/Event/Link/Raw/Velo/Clusters#1', '/Event/Link/Trig/L0/Calo#1', '/Event/Link/Trig/L0/FullCalo#1', '/Event/Link/Raw/TT/Clusters#1', '/Event/Link/Raw/IT/Clusters#1', '/Event/Link/Raw/OT/Times#1', '/Event/Link/Raw/Ecal/Digits#1', '/Event/Link/Raw/Hcal/Digits#1', '/Event/Link/Raw/Muon/Digits#1', '/Event/MC/TrackInfo#1', '/Event/Link/Raw/Velo/Clusters2MCHits#1', '/Event/Link/Raw/TT/Clusters2MCHits#1', '/Event/Link/Raw/IT/Clusters2MCHits#1', '/Event/Link/Raw/OT/Times2MCHits#1']
# DigiWriter.OptItemList = ['/Event/Prev/Gen/Header#1', '/Event/Prev/MC/Header#1', '/Event/PrevPrev/Gen/Header#1', '/Event/PrevPrev/MC/Header#1', '/Event/Next/Gen/Header#1', '/Event/Next/MC/Header#1', '/Event/Prev/Gen/Collisions#1', '/Event/Prev/Gen/HepMCEvents#1', '/Event/PrevPrev/Gen/Collisions#1', '/Event/PrevPrev/Gen/HepMCEvents#1', '/Event/Next/Gen/Collisions#1', '/Event/Next/Gen/HepMCEvents#1']
# WARNING: Using default tag tt-20110126 for partition DQFLAGS
ApplicationMgr    SUCCESS
====================================================================================================================================
                                                   Welcome to Boole version v22r1
                                          running on lxbuild163.cern.ch on Wed Sep  7 11:39:16 2011
====================================================================================================================================
ApplicationMgr       INFO Application Manager Configured successfully
StatusCodeSvc        INFO initialize
DetectorPersist...   INFO Added successfully Conversion service:XmlCnvSvc
DetectorDataSvc   SUCCESS Detector description database: conddb:/lhcb.xml
RndmGenSvc.Engine    INFO Generator engine type:CLHEP::RanluxEngine
RndmGenSvc.Engine    INFO Current Seed:1234567 Luxury:3
RndmGenSvc           INFO Using Random engine:HepRndm::Engine<CLHEP::RanluxEngine>
TimingAuditor.T...   INFO This machine has a speed about   1.84 times the speed of a 2.8 GHz Xeon.
BooleSequencer       INFO Member list: ProcessPhase/Init, ProcessPhase/Digi, ProcessPhase/Link, ProcessPhase/Moni, ProcessPhase/Filter
Init                 INFO Member list: GaudiSequencer/InitBooleSeq, GaudiSequencer/InitDataSeq, GaudiSequencer/InitMuonSeq
InitBooleSeq         INFO Member list: BooleInit, GaudiSequencer/SpilloverHandler
BooleInit         SUCCESS ==================================================================
BooleInit         SUCCESS Requested to process 10 events
BooleInit         SUCCESS ==================================================================
RootHistSvc          INFO Writing ROOT histograms to: 11144103-100ev-25ns-20090715-10ev-histos.root
HistogramPersis...   INFO Added successfully Conversion service:RootHistSvc
HistogramDataSvc     INFO Added stream file:/afs/cern.ch/lhcb/software/DEV/nightlies/PARAM/ParamFiles/v8r4/data/muonlow-G4.root as LowEnergy
HistogramDataSvc     INFO Added stream file:/afs/cern.ch/lhcb/software/DEV/nightlies/PARAM/ParamFiles/v8r4/data/muonflat-G4.root as MuonFlatSpillover
SpilloverHandler     INFO Member list: TESCheck/SpilloverLoader, EventNodeKiller/SpilloverKiller
InitDataSeq          INFO Member list:
InitMuonSeq          INFO Member list: MuonBackground/MuonLowEnergy, MuonBackground/MuonFlatSpillover
COOLConfSvc          INFO CORAL Connection Retrial Period set to 60s
COOLConfSvc          INFO CORAL Connection Retrial Time-Out set to 900s
DDDB                 INFO Connected to database "sqlite_file:/afs/cern.ch/lhcb/software/DEV/nightlies/DBASE/Det/SQLDDDB/db/DDDB.db/DDDB"
DDDB                 INFO Using TAG "head-20090508"
EventClockSvc.F...   INFO Event times generated from 0 with steps of 0
SIMCOND              INFO Connected to database "sqlite_file:/afs/cern.ch/lhcb/software/DEV/nightlies/DBASE/Det/SQLDDDB/db/SIMCOND.db/SIMCOND"
SIMCOND              INFO Using TAG "sim-20090508-vc-mu100"
RFileCnv             INFO opening Root file "/afs/cern.ch/lhcb/software/DEV/nightlies/PARAM/ParamFiles/v8r4/data/muonlow-G4.root" for reading
RFileCnv             INFO opening Root file "/afs/cern.ch/lhcb/software/DEV/nightlies/PARAM/ParamFiles/v8r4/data/muonflat-G4.root" for reading
Digi                 INFO Member list: GaudiSequencer/DigiVeloSeq, GaudiSequencer/DigiTTSeq, GaudiSequencer/DigiITSeq, GaudiSequencer/DigiOTSeq, GaudiSequencer/DigiRichSeq, GaudiSequencer/DigiCaloSeq, GaudiSequencer/DigiMuonSeq, GaudiSequencer/DigiL0Seq
DigiVeloSeq          INFO Member list: VeloSim, VeloSim/VeloPUSim, VeloTell1DataProcessor, VeloSimTell1ClusterMaker
VeloSim              INFO Probability to add noise to empty strips 0.0153028
VeloSim              INFO Probability to add noise to isolated empty strips 3.2331e-08
VeloSim.RadDamage WARNING VeloRadDamageTool:: VELO radiation damage parameters not in conditions DB
VeloPUSim            INFO Probability to add noise to empty strips 0.0153028
VeloPUSim            INFO Probability to add noise to isolated empty strips 3.2331e-08
VeloPUSim.RadDa...WARNING VeloRadDamageTool:: VELO radiation damage parameters not in conditions DB
DigiTTSeq            INFO Member list: MCSTDepositCreator/MCTTDepositCreator, MCSTDigitCreator/MCTTDigitCreator, STDigitCreator/TTDigitCreator, STClusterCreator/TTClusterCreator, STClusterKiller/TTClusterKiller, STClustersToRawBankAlg/createTTRawBuffer
MagneticFieldSvc     INFO Opened magnetic field file : /afs/cern.ch/lhcb/software/DEV/nightlies/DBASE/FieldMap/cdf/field048.c1.vp.cdf
MagneticFieldSvc     INFO Opened magnetic field file : /afs/cern.ch/lhcb/software/DEV/nightlies/DBASE/FieldMap/cdf/field048.c2.vp.cdf
MagneticFieldSvc     INFO Opened magnetic field file : /afs/cern.ch/lhcb/software/DEV/nightlies/DBASE/FieldMap/cdf/field048.c3.vp.cdf
MagneticFieldSvc     INFO Opened magnetic field file : /afs/cern.ch/lhcb/software/DEV/nightlies/DBASE/FieldMap/cdf/field048.c4.vp.cdf
MagneticFieldSvc     INFO Map scaled by factor -1 with polarity internally used: 1 signed relative current: 1
TTClusterCreator     INFO Default to jobOptions for cuts
ToolSvc.TTKiller     INFO Adding Tool: type: STRndmEffSelector / name: Selector
DigiITSeq            INFO Member list: MCSTDepositCreator/MCITDepositCreator, MCSTDigitCreator/MCITDigitCreator, STDigitCreator/ITDigitCreator, STClusterCreator/ITClusterCreator, STClusterKiller/ITClusterKiller, STClustersToRawBankAlg/createITRawBuffer
ITClusterCreator     INFO Default to jobOptions for cuts
ToolSvc.ITKiller     INFO Adding Tool: type: STRndmEffSelector / name: Selector
DigiOTSeq            INFO Member list: MCOTDepositCreator, MCOTTimeCreator, OTFillRawBuffer
ToolSvc.OTRando...   INFO ******** Noise Settings ********
ToolSvc.OTRando...   INFO Number of channels: 55296
ToolSvc.OTRando...   INFO Noise rate: 1e-05
ToolSvc.OTRando...   INFO Width of read out gate in ns75
ToolSvc.OTRando...   INFO Dead time : 25
ToolSvc.OTRando...   INFO Number of deposits to generate: 55
ToolSvc.OTRando...   INFO ********************************
DigiRichSeq          INFO Member list: Rich::MC::Digi::Signal/RichPDSignal, Rich::MC::Digi::SimpleChargeSharing/RichChargeShare, Rich::MC::Digi::SummedDeposits/RichSummedDeposits, Rich::MC::Digi::DetailedFrontEndResponse/RichPDResponse, Rich::MC::Digi::MCRichDigitsToRawBufferAlg/RichFillRawBuffer
RichChargeShare      INFO Will add charge sharing at 2.5 % level
ToolSvc.RichSma...   INFO Created active HPD channel list : # channels RICH(1/2) = 167776 / 246528
RichPDResponse       INFO Time Calibration (Rich1/RICH2) = [10, 6]
RichFillRawBuffer    INFO Using RICH Level1 buffer format : 129
DigiCaloSeq          INFO Member list: CaloSignalAlg/SpdSignal, CaloSignalAlg/PrsSignal, CaloSignalAlg/EcalSignal, CaloSignalAlg/HcalSignal, CaloDigitAlg/SpdDigit, CaloDigitAlg/PrsDigit, CaloDigitAlg/EcalDigit, CaloDigitAlg/HcalDigit, CaloFillPrsSpdRawBuffer, CaloFillRawBuffer/EcalFillRawBuffer, CaloFillRawBuffer/HcalFillRawBuffer
SpdSignal            INFO Initialised. Store also previous BX.
PrsSignal            INFO Initialised. Store also previous BX.
EcalDet              INFO Apply theoretical nominal gain as EtInCenter+sin(Theta)*EtSlope
EcalSignal           INFO Initialised.
HcalDet              INFO Apply theoretical nominal gain as EtInCenter+sin(Theta)*EtSlope
HcalSignal           INFO Initialised.
SpdDigit             INFO ----- Detector parameters (from condDB) ------------------
SpdDigit             INFO Nominal gain parameters for    Outer region :    0.0 +   3.2 x sin(theta)
SpdDigit             INFO Nominal gain parameters for   Middle region :    0.0 +   3.2 x sin(theta)
SpdDigit             INFO Nominal gain parameters for    Inner region :    0.0 +   3.2 x sin(theta)
SpdDigit             INFO Noise          :   0.0 +   0.0 (coherent) counts.
SpdDigit             INFO Pedestal shift :  0.00 counts
SpdDigit             INFO Actual dynamics saturation :   0.90 x ADCMax
SpdDigit             INFO Subtract 0.2000 of previous BX
SpdDigit             INFO  MIP deposit    :   2.74 MeV
SpdDigit             INFO Number of photo-electrons per MIP for    Outer region :   22.00
SpdDigit             INFO Number of photo-electrons per MIP for   Middle region :   32.00
SpdDigit             INFO Number of photo-electrons per MIP for    Inner region :   27.00
SpdDigit             INFO Zero-suppression threshold :   0.50 ADC
SpdDigit             INFO L0 trigger suppression     :   0.50 ADC
SpdDigit             INFO L0 trigger ADC correction for    Outer region :    1.00
SpdDigit             INFO L0 trigger ADC correction for   Middle region :    1.00
SpdDigit             INFO L0 trigger ADC correction for    Inner region :    1.00
SpdDigit             INFO ----- Digitization parameters (from CaloDigitAlg configuration) ------------------
SpdDigit             INFO Additional  0.0% of the cells as dead (gain=0).
SpdDigit             INFO Additional gain error  0.0%
PrsDigit             INFO ----- Detector parameters (from condDB) ------------------
PrsDigit             INFO Nominal gain parameters for    Outer region :    0.0 + 274.0 x sin(theta)
PrsDigit             INFO Nominal gain parameters for   Middle region :    0.0 + 274.0 x sin(theta)
PrsDigit             INFO Nominal gain parameters for    Inner region :    0.0 + 274.0 x sin(theta)
PrsDigit             INFO Noise          :   1.0 +   0.0 (coherent) counts.
PrsDigit             INFO Pedestal shift :  0.00 counts
PrsDigit             INFO Actual dynamics saturation :   0.90 x ADCMax
PrsDigit             INFO Subtract 0.2000 of previous BX
PrsDigit             INFO  MIP deposit    :   2.74 MeV
PrsDigit             INFO Number of photo-electrons per MIP for    Outer region :   22.00
PrsDigit             INFO Number of photo-electrons per MIP for   Middle region :   32.00
PrsDigit             INFO Number of photo-electrons per MIP for    Inner region :   27.00
PrsDigit             INFO Zero-suppression threshold :   5.00 ADC
PrsDigit             INFO L0 trigger suppression     : 100.00 ADC
PrsDigit             INFO L0 trigger ADC correction for    Outer region :    1.00
PrsDigit             INFO L0 trigger ADC correction for   Middle region :    1.00
PrsDigit             INFO L0 trigger ADC correction for    Inner region :    1.00
PrsDigit             INFO ----- Digitization parameters (from CaloDigitAlg configuration) ------------------
PrsDigit             INFO Additional  0.0% of the cells as dead (gain=0).
PrsDigit             INFO Additional gain error  1.0%
EcalDigit            INFO ----- Detector parameters (from condDB) ------------------
EcalDigit            INFO Nominal gain parameters for    Outer region :  10000.0 + 7000.0 x sin(theta)
EcalDigit            INFO Nominal gain parameters for   Middle region :  10000.0 + 7000.0 x sin(theta)
EcalDigit            INFO Nominal gain parameters for    Inner region :  10000.0 + 7000.0 x sin(theta)
EcalDigit            INFO Noise          :   1.2 +   0.3 (coherent) counts.
EcalDigit            INFO Pedestal shift :  0.60 counts
EcalDigit            INFO Actual dynamics saturation :   0.95 x ADCMax
EcalDigit            INFO L0 trigger suppression     :   0.50 ADC
EcalDigit            INFO L0 trigger ADC correction for    Outer region :    1.00
EcalDigit            INFO L0 trigger ADC correction for   Middle region :    1.04
EcalDigit            INFO L0 trigger ADC correction for    Inner region :    1.08
EcalDigit            INFO ----- Digitization parameters (from CaloDigitAlg configuration) ------------------
EcalDigit            INFO Additional  0.0% of the cells as dead (gain=0).
EcalDigit            INFO Additional gain error  1.0%
HcalDigit            INFO ----- Detector parameters (from condDB) ------------------
HcalDigit            INFO Nominal gain parameters for    Outer region :  15000.0 +   0.0 x sin(theta)
HcalDigit            INFO Nominal gain parameters for    Inner region :  15000.0 +   0.0 x sin(theta)
HcalDigit            INFO Noise          :   1.2 +   0.3 (coherent) counts.
HcalDigit            INFO Pedestal shift :  0.60 counts
HcalDigit            INFO Actual dynamics saturation :   0.95 x ADCMax
HcalDigit            INFO L0 trigger suppression     :   0.50 ADC
HcalDigit            INFO L0 trigger ADC correction for    Outer region :    1.00
HcalDigit            INFO L0 trigger ADC correction for    Inner region :    1.05
HcalDigit            INFO ----- Digitization parameters (from CaloDigitAlg configuration) ------------------
HcalDigit            INFO Additional  0.0% of the cells as dead (gain=0).
HcalDigit            INFO Additional gain error  1.0%
CaloFillPrsSpdR...   INFO Data coding type 3
EcalFillRawBuffer    INFO Processing 192 FE-Cards and 26 TELL1
EcalFillRawBuffer    INFO Data coding type 2
HcalFillRawBuffer    INFO Processing 54 FE-Cards and 8 TELL1
HcalFillRawBuffer    INFO Data coding type 2
DigiMuonSeq          INFO Member list: MuonDigitization, MuonDigitToRawBuffer
DigiL0Seq            INFO Member list: GaudiSequencer/L0SimulationSeq
L0SimulationSeq      INFO Member list: PuVetoFillRawBuffer, GaudiSequencer/L0EmulatorSeq
L0EmulatorSeq        INFO Member list: GaudiSequencer/subL0EmulatorSeq, L0DUAlg/L0DU
subL0EmulatorSeq     INFO Member list: L0CaloAlg/L0Calo, L0MuonAlg/L0Muon, PuVetoAlg/L0PuVeto
L0Calo               INFO 192 Ecal and 54 Hcal front end cards.
L0Muon               INFO XML file = /afs/cern.ch/lhcb/software/DEV/nightlies/PARAM/ParamFiles/v8r4/data/L0MuonKernel.xml
ToolSvc.L0DUConfig   INFO Creating the TEMPLATE configuration tools : ToolSvc.L0DUConfig.Template for time slot :  'T0'
ToolSvc.L0CondD...   INFO Registered RAM(BCID) versions = {}
ToolSvc.L0DUCon...   INFO --------------- TCK = 0x10000------------------
ToolSvc.L0DUCon...   INFO **** L0DU Config loading : L0TCK = 0x10000 for slot T0 ==> OK
ToolSvc.L0DUCon...   INFO Short description :: NO DESCRIPTION (L0DUConfig.Template)
L0Muon               INFO Loading configuration for TCK = 0x1309
ToolSvc.L0DUCon...   INFO --------------- TCK = 0x1309------------------
ToolSvc.L0DUCon...   INFO **** L0DU Config loading : L0TCK = 0x1309 for slot T0 ==> OK
ToolSvc.L0DUCon...   INFO Short description :: [HCAL>12 and SPD>2] or MUON>12 ou PUMult>7
ToolSvc.L0DUCon...   INFO The configuration 0x1309 matches the hardware limitations
ToolSvc.L0DUCon...   INFO - Usage : Channels [15.6% ]  |  Conditions [3.1% ]; max/type [16.7% ]; order : OK ; reported  : 4/4
L0Muon            WARNING CondDB: cannot access Conditions/Online/L0MUON/Q1/Versions
L0Muon            WARNING Emulation will run with the processor version defined in options.
UpdateManagerSvc  WARNING Cannot find object at 0x1eac6290
L0Muon            WARNING L0MuonAlg:: Unable to register the L0Muon conditions  StatusCode=FAILURE
L0Muon               INFO MuonTriggerUnit properties are:
L0Muon               INFO  foiXSize =  6, 5, 0,12,12
L0Muon               INFO  foiYSize =  0, 0, 0, 1, 1
L0Muon               INFO  ignoreM1 = 0
L0Muon               INFO  procVersion =   3
L0DU                 INFO The L0DUConfig (TCK=0x1309) have been succesfully loaded
Link                 INFO Member list: GaudiSequencer/LinkVeloSeq, GaudiSequencer/LinkTTSeq, GaudiSequencer/LinkITSeq, GaudiSequencer/LinkOTSeq, GaudiSequencer/LinkTrSeq, GaudiSequencer/LinkRichSeq, GaudiSequencer/LinkCaloSeq, GaudiSequencer/LinkMuonSeq, GaudiSequencer/LinkL0Seq
LinkVeloSeq          INFO Member list: DecodeVeloRawBuffer, VeloCluster2MCHitLinker, VeloCluster2MCParticleLinker
DecodeVeloRawBu...   INFO Cancel processing of events with more than 10000 Velo clusters
LinkTTSeq            INFO Member list: STDigit2MCHitLinker/TTDigitLinker, STCluster2MCHitLinker/TTClusterLinker, STCluster2MCParticleLinker/TTTruthLinker
LinkITSeq            INFO Member list: STDigit2MCHitLinker/ITDigitLinker, STCluster2MCHitLinker/ITClusterLinker, STCluster2MCParticleLinker/ITTruthLinker
LinkOTSeq            INFO Member list: OTMCDepositLinker, OTMCHitLinker, OTMCParticleLinker
LinkTrSeq            INFO Member list: BuildMCTrackInfo
LinkRichSeq          INFO Member list: Rich::MC::MCRichDigitSummaryAlg
Rich::MC::MCRic...   INFO Will only store MCParticle references for main event
LinkCaloSeq          INFO Member list: CaloDigitsFromRaw/EcalFromRaw, CaloDigitsFromRaw/HcalFromRaw, CaloReCreateMCLinks, CaloDigitMCTruth/EcalDigitMCTruth, CaloDigitMCTruth/HcalDigitMCTruth
LinkMuonSeq          INFO Member list: MuonDigit2MCParticleAlg, MuonTileDigitInfo
LinkL0Seq            INFO Member list: L0CaloToMCParticleAsct, L0CaloToMCParticleAsct/L0CaloFullTruth
Moni                 INFO Member list: GaudiSequencer/MoniVeloSeq, GaudiSequencer/MoniTTSeq, GaudiSequencer/MoniITSeq, GaudiSequencer/MoniOTSeq, GaudiSequencer/MoniRichSeq, GaudiSequencer/MoniCaloSeq, GaudiSequencer/MoniMuonSeq, GaudiSequencer/MoniL0Seq, GaudiSequencer/MoniMCSeq
MoniVeloSeq          INFO Member list: VeloSimMoni, VeloRawClustersMoni
MoniTTSeq            INFO Member list: MCSTDepositMonitor/MCTTDepositMonitor, MCSTDigitMonitor/MCTTDigitMonitor, STDigitMonitor/TTDigitMonitor, ST::STClusterMonitor/TTClusterMonitor, MCParticle2MCHitAlg/MCP2TTMCHitAlg, STEffChecker/TTEffChecker
TTEffChecker.MC...   INFO MCParticle Momentum cut     : 1 GeV/c < P < 1.79769e+308 GeV/c
TTEffChecker.MC...   INFO            Beta * gamma cut : 1 < beta*gamma
TTEffChecker.MC...   INFO            Eta cut          : -1.79769e+308 < P < 1.79769e+308
MoniITSeq            INFO Member list: MCSTDepositMonitor/MCITDepositMonitor, MCSTDigitMonitor/MCITDigitMonitor, STDigitMonitor/ITDigitMonitor, ST::STClusterMonitor/ITClusterMonitor, MCParticle2MCHitAlg/MCP2ITMCHitAlg, STEffChecker/ITEffChecker
ITEffChecker.MC...   INFO MCParticle Momentum cut     : 1 GeV/c < P < 1.79769e+308 GeV/c
ITEffChecker.MC...   INFO            Beta * gamma cut : 1 < beta*gamma
ITEffChecker.MC...   INFO            Eta cut          : -1.79769e+308 < P < 1.79769e+308
MoniOTSeq            INFO Member list: MCOTDepositMonitor
MoniRichSeq          INFO Member list: Rich::MC::Digi::DigitQC/RiDigitQC
MoniCaloSeq          INFO Member list: CaloDigitChecker/SpdCheck, CaloDigitChecker/PrsCheck, CaloDigitChecker/EcalCheck, CaloDigitChecker/HcalCheck
SpdCheck             INFO Monitoring Hits MC/Spd/Hits   MC Digit   MC/Spd/Digits   Digit   Raw/Spd/Digits, Histograms booked
PrsCheck             INFO Monitoring Hits MC/Prs/Hits   MC Digit   MC/Prs/Digits   Digit   Raw/Prs/Digits, Histograms booked
EcalCheck            INFO Monitoring Hits MC/Ecal/Hits   MC Digit   MC/Ecal/Digits   Digit   Raw/Ecal/Digits, Histograms booked
HcalCheck            INFO Monitoring Hits MC/Hcal/Hits   MC Digit   MC/Hcal/Digits   Digit   Raw/Hcal/Digits, Histograms booked
MoniMuonSeq          INFO Member list: MuonDigitChecker
MoniL0Seq            INFO Member list: GaudiSequencer/L0MoniSeq
L0MoniSeq            INFO Member list: L0CaloMonit, L0MuonOnlineMonitor, L0DUReportMonitor
MoniMCSeq            INFO Member list:
Filter               INFO OR Member list:
PrepareDIGI          INFO Member list: PackMCVertex, PackMCParticle, DataPacking::Pack<LHCb::MCRichDigitSummaryPacker>/MCRichDigitSummaryPacker, EventNodeKiller/MCRichNodeKiller
EventPersistenc...   INFO Added successfully Conversion service:RootCnvSvc
DigiWriter           INFO Data source: EventDataSvc output: DATAFILE='PFN:11144103-100ev-25ns-20090715-10ev.digi' SVC='RootCnvSvc' OPT='REC'
EventPersistenc...   INFO Added successfully Conversion service:LHCb::RawDataCnvSvc
RawWriter            INFO Data source: EventDataSvc output: DATAFILE='PFN:11144103-100ev-25ns-20090715-10ev.mdf' SVC='LHCb::RawDataCnvSvc' OPT='REC'
EventSelector        INFO Stream:EventSelector.DataStreamTool_1 Def:DATAFILE='PFN:root://castorlhcb.cern.ch//castor/cern.ch/user/g/gcorti/Gauss/2009/v37r3/11144103-100ev-25ns-20090715.sim?svcClass=default' SVC='Gaudi::RootEvtSelector' OPT='READ'
ApplicationMgr       INFO Application Manager Initialized successfully
ApplicationMgr       INFO Application Manager Started successfully
L0Calo            WARNING L0CaloAlg:: AddECALToHCAL parameter does not exist in DB StatusCode=FAILURE
L0Calo            WARNING L0CaloAlg:: Use default AddECALToHCAL = true StatusCode=FAILURE
L0Calo            WARNING L0CaloAlg:: UsePSSPD parameter does not exist in DB StatusCode=FAILURE
L0Calo            WARNING L0CaloAlg:: Use default UsePSSPD = true StatusCode=FAILURE
BooleInit            INFO Evt 1,  Run 1082,  Nr. in job = 1
VeloSimTell1Clu...   INFO  ==> CLUSTER_MAKER Configured  type: TELL1 Cluster Maker
VeloSimTell1Clu...   INFO  --> Creating dynamic config for Cluster Maker!
VeloSimTell1Clu...   INFO  --> Thresholds calculated usign SIMCOND data base
VeloSimTell1Clu...   INFO  --> Algorithm CLUSTER_MAKER of type: TELL1 Cluster Maker is enabled and ready to process data --
TTClusterMonitor  WARNING ST::STClusterMonitor:: The WARNING message is suppressed : 'Zero S/N for some clusters'
ITClusterMonitor  WARNING ST::STClusterMonitor:: The WARNING message is suppressed : 'Zero S/N for some clusters'
LHCb::RawDataCn...   INFO Opened(NEW)  MDF stream:PFN:11144103-100ev-25ns-20090715-10ev.mdf ID:0x2aaaadf6b820
BooleInit            INFO Evt 2,  Run 1082,  Nr. in job = 2
BooleInit            INFO Evt 3,  Run 1082,  Nr. in job = 3
BooleInit            INFO Evt 4,  Run 1082,  Nr. in job = 4
BooleInit            INFO Evt 5,  Run 1082,  Nr. in job = 5
BooleInit            INFO Evt 6,  Run 1082,  Nr. in job = 6
BooleInit            INFO Evt 7,  Run 1082,  Nr. in job = 7
BooleInit            INFO Evt 8,  Run 1082,  Nr. in job = 8
BooleInit            INFO Evt 9,  Run 1082,  Nr. in job = 9
BooleInit            INFO Evt 10,  Run 1082,  Nr. in job = 10
ApplicationMgr       INFO Application Manager Stopped successfully
BooleInit         SUCCESS ==================================================================
BooleInit         SUCCESS 10 events processed
BooleInit         SUCCESS ==================================================================
VeloSim              INFO Removed  0.32% MCVeloFEs due to bad strips and  0.00% as random removals
VeloPUSim            INFO Removed  0.00% MCVeloFEs due to bad strips and  0.79% as random removals
TTClusterKiller      INFO Fraction of clusters killed 0 %
TTClusterKiller   SUCCESS Number of counters : 2
 |    Counter                                      |     #     |    sum     | mean/eff^* | rms/err^*  |     min     |     max     |
 | "Dead"                                          |         0 |          0 |     0.0000 |     0.0000 | 1.7977e+308 |-1.7977e+308 |
 | "Processed"                                     |      3278 |       3278 |     1.0000 |     0.0000 |      1.0000 |      1.0000 |
ITClusterKiller      INFO Fraction of clusters killed 0 %
ITClusterKiller   SUCCESS Number of counters : 2
 |    Counter                                      |     #     |    sum     | mean/eff^* | rms/err^*  |     min     |     max     |
 | "Dead"                                          |         0 |          0 |     0.0000 |     0.0000 | 1.7977e+308 |-1.7977e+308 |
 | "Processed"                                     |      2526 |       2526 |     1.0000 |     0.0000 |      1.0000 |      1.0000 |
RichPDSignal      SUCCESS Number of counters : 4
 |    Counter                                      |     #     |    sum     | mean/eff^* | rms/err^*  |     min     |     max     |
 | "Found MCRichHits at MC/Rich/Hits"              |        10 |         10 |     1.0000 |     0.0000 |      1.0000 |      1.0000 |
 | "Found MCRichHits at Next/MC/Rich/Hits"         |         5 |          5 |     1.0000 |     0.0000 |      1.0000 |      1.0000 |
 | "Found MCRichHits at Prev/MC/Rich/Hits"         |         7 |          7 |     1.0000 |     0.0000 |      1.0000 |      1.0000 |
 | "Found MCRichHits at PrevPrev/MC/Rich/Hits"     |         9 |          9 |     1.0000 |     0.0000 |      1.0000 |      1.0000 |
CaloFillPrsSpdR...   INFO Average event size :   337.8 words,    77.4 for trigger  Mean bank size    42.2, maximum size    64.7
EcalFillRawBuffer    INFO Average event size :  1576.7 words,  1326.8 for trigger  Mean bank size    60.6, maximum size    77.2
HcalFillRawBuffer    INFO Average event size :   432.6 words,   372.0 for trigger  Mean bank size    54.1, maximum size    73.5
MuonDigitization     INFO  the hit which were not found inside a gap were 0
L0Calo               INFO Average bank size :   145.2 words RAW.
L0Calo            SUCCESS Exceptions/Errors/Warnings/Infos Statistics : 0/0/4/0
L0Calo            SUCCESS  #WARNINGS   = 1        Message = 'AddECALToHCAL parameter does not exist in DB'
L0Calo            SUCCESS  #WARNINGS   = 1        Message = 'Use default AddECALToHCAL = true'
L0Calo            SUCCESS  #WARNINGS   = 1        Message = 'Use default UsePSSPD = true'
L0Calo            SUCCESS  #WARNINGS   = 1        Message = 'UsePSSPD parameter does not exist in DB'
L0Muon               INFO - ------------------------------------------------------------------
L0Muon               INFO - ========> Final summary of the L0Muon trigger (emulator) <========
L0Muon               INFO - Total number of events processed           :       10
L0Muon               INFO - Total number of bunch crossings processed  :       10
L0Muon               INFO - Total number of candidates                 :       11
L0Muon               INFO - Number of Bx with at least 1 candidate     :        7  ( 70.00%)
L0Muon               INFO - Number of candidate per Bx                 :        1.10
L0Muon               INFO - Average Pt of the candidates               :     4192.70 MeV
L0Muon               INFO - Average charge of the candidates           :        0.27 (+/-0.30)
L0Muon               INFO - Average raw banks size                     :     1197.2 Bytes
L0Muon               INFO - ------------------------------------------------------------------
L0Muon            SUCCESS Exceptions/Errors/Warnings/Infos Statistics : 0/0/1/0
L0Muon            SUCCESS  #WARNINGS   = 1        Message = 'Unable to register the L0Muon conditions '
EcalDigitMCTruth  SUCCESS Number of counters : 1
 |    Counter                                      |     #     |    sum     | mean/eff^* | rms/err^*  |     min     |     max     |
 | "#Digit->MC links"                              |        10 |      66596 |     6659.6 |     4177.5 |      2314.0 |      17289. |
HcalDigitMCTruth  SUCCESS Number of counters : 1
 |    Counter                                      |     #     |    sum     | mean/eff^* | rms/err^*  |     min     |     max     |
 | "#Digit->MC links"                              |        10 |       7773 |     777.30 |     400.18 |      210.00 |      1601.0 |
VeloSimMoni          INFO ------------------------------------------------------
VeloSimMoni          INFO                 - VeloSimMoni table -
VeloSimMoni          INFO ------------------------------------------------------
VeloSimMoni          INFO | Number of MCVeloFEs/Event: 2298 +/- 321.101
VeloSimMoni          INFO | FEs from signal:                      74.17%
VeloSimMoni          INFO | FEs from noise:                       3.52%
VeloSimMoni          INFO | FEs from other, coupling + spillover: 22.31%
VeloSimMoni          INFO ------------------------------------------------------
VeloRawClusters...   INFO ======================================================
VeloRawClusters...   INFO               - VeloClusterMoni table -
VeloRawClusters...   INFO ------------------------------------------------------
VeloRawClusters...   INFO | Number of Clusters/Event: 1072.2 +/- 191.698
VeloRawClusters...   INFO | Clusters from signal:                      98.55%
VeloRawClusters...   INFO | Clusters from noise:                       0%
VeloRawClusters...   INFO | Clusters from other (coupling+spillover):  1.446%
VeloRawClusters...   INFO ------------------------------------------------------
VeloRawClusters...   INFO               - Size of clusters (all)-
VeloRawClusters...   INFO ------------------------------------------------------
VeloRawClusters...   INFO | 1 strip clusters/event:     716.7 (66.84%)
VeloRawClusters...   INFO | 2 strip clusters/event:     294.5 (27.47%)
VeloRawClusters...   INFO | 3 strip clusters/event:     48.6 (4.53%)
VeloRawClusters...   INFO | 4 strip clusters/event:     12.4 (1.16%)
VeloRawClusters...   INFO ------------------------------------------------------
VeloRawClusters...   INFO               - Association failure -
VeloRawClusters...   INFO ------------------------------------------------------
VeloRawClusters...   INFO  Relative number of un-associated clusters: 0 %
VeloRawClusters...   INFO ======================================================
MCTTDepositMonitorSUCCESS Booked 4 Histogram(s) : 1D=4
MCTTDigitMonitor  SUCCESS Booked 4 Histogram(s) : 1D=4
TTDigitMonitor    SUCCESS Booked 4 Histogram(s) : 1D=4
TTClusterMonitor  SUCCESS Booked 18 Histogram(s) : 1D=13 2D=4 1DProf=1
TTClusterMonitor  SUCCESS Number of counters : 1
 |    Counter                                      |     #     |    sum     | mean/eff^* | rms/err^*  |     min     |     max     |
 | "Number of events"                              |        10 |         10 |     1.0000 |     0.0000 |      1.0000 |      1.0000 |
TTClusterMonitor  SUCCESS Exceptions/Errors/Warnings/Infos Statistics : 0/0/1/0
TTClusterMonitor  SUCCESS  #WARNINGS   = 102      Message = 'Zero S/N for some clusters'
TTEffChecker         INFO  -------Efficiency %---------
TTEffChecker         INFO TTaX eff 77.9817 +/- 2.80647
TTEffChecker         INFO TTaU eff 77.5701 +/- 2.85137
TTEffChecker         INFO TTbX eff 77.7251 +/- 2.86449
TTEffChecker         INFO TTbV eff 82.1596 +/- 2.62326
TTEffChecker         INFO  -----------------------
TTEffChecker      SUCCESS Booked 24 Histogram(s) : 1D=16 2D=8
MCITDepositMonitorSUCCESS Booked 4 Histogram(s) : 1D=4
MCITDigitMonitor  SUCCESS Booked 4 Histogram(s) : 1D=4
ITDigitMonitor    SUCCESS Booked 4 Histogram(s) : 1D=4
ITClusterMonitor  SUCCESS Booked 14 Histogram(s) : 1D=9 2D=4 1DProf=1
ITClusterMonitor  SUCCESS Number of counters : 1
 |    Counter                                      |     #     |    sum     | mean/eff^* | rms/err^*  |     min     |     max     |
 | "Number of events"                              |        10 |         10 |     1.0000 |     0.0000 |      1.0000 |      1.0000 |
ITClusterMonitor  SUCCESS Exceptions/Errors/Warnings/Infos Statistics : 0/0/1/0
ITClusterMonitor  SUCCESS  #WARNINGS   = 43       Message = 'Zero S/N for some clusters'
ITEffChecker         INFO  -------Efficiency %---------
ITEffChecker         INFO IT1TopX1 eff 75 +/- 15.3093
ITEffChecker         INFO IT1TopU eff 100 +/- 0
ITEffChecker         INFO IT1TopV eff 44.4444 +/- 16.5635
ITEffChecker         INFO IT1TopX2 eff 100 +/- 0
ITEffChecker         INFO IT1BottomX1 eff 100 +/- 0
ITEffChecker         INFO IT1BottomU eff 91.6667 +/- 7.97856
ITEffChecker         INFO IT1BottomV eff 100 +/- 0
ITEffChecker         INFO IT1BottomX2 eff 100 +/- 0
ITEffChecker         INFO IT1ASideX1 eff 87.5 +/- 6.75077
ITEffChecker         INFO IT1ASideU eff 81.8182 +/- 8.22304
ITEffChecker         INFO IT1ASideV eff 100 +/- 0
ITEffChecker         INFO IT1ASideX2 eff 87.5 +/- 6.75077
ITEffChecker         INFO IT1CSideX1 eff 90.9091 +/- 6.12909
ITEffChecker         INFO IT1CSideU eff 52.6316 +/- 11.4549
ITEffChecker         INFO IT1CSideV eff 65 +/- 10.6654
ITEffChecker         INFO IT1CSideX2 eff 39.1304 +/- 10.1764
ITEffChecker         INFO IT2TopX1 eff 75 +/- 21.6506
ITEffChecker         INFO IT2TopU eff 100 +/- 0
ITEffChecker         INFO IT2TopV eff 75 +/- 21.6506
ITEffChecker         INFO IT2TopX2 eff 100 +/- 0
ITEffChecker         INFO IT2BottomX1 eff 10 +/- 9.48683
ITEffChecker         INFO IT2BottomU eff 30 +/- 14.4914
ITEffChecker         INFO IT2BottomV eff 40 +/- 15.4919
ITEffChecker         INFO IT2BottomX2 eff 11.1111 +/- 10.4757
ITEffChecker         INFO IT2ASideX1 eff 50 +/- 11.1803
ITEffChecker         INFO IT2ASideU eff 57.8947 +/- 11.3269
ITEffChecker         INFO IT2ASideV eff 47.3684 +/- 11.4549
ITEffChecker         INFO IT2ASideX2 eff 28.5714 +/- 9.85808
ITEffChecker         INFO IT2CSideX1 eff 100 +/- 0
ITEffChecker         INFO IT2CSideU eff 83.3333 +/- 7.60726
ITEffChecker         INFO IT2CSideV eff 90.9091 +/- 6.12909
ITEffChecker         INFO IT2CSideX2 eff 91.6667 +/- 5.64169
ITEffChecker         INFO IT3TopX1 eff 100 +/- 0
ITEffChecker         INFO IT3TopU eff 100 +/- 0
ITEffChecker         INFO IT3TopV eff 100 +/- 0
ITEffChecker         INFO IT3TopX2 eff 100 +/- 0
ITEffChecker         INFO IT3BottomX1 eff 100 +/- 0
ITEffChecker         INFO IT3BottomU eff 85.7143 +/- 13.226
ITEffChecker         INFO IT3BottomV eff 100 +/- 0
ITEffChecker         INFO IT3BottomX2 eff 85.7143 +/- 13.226
ITEffChecker         INFO IT3ASideX1 eff 95.6522 +/- 4.25226
ITEffChecker         INFO IT3ASideU eff 85 +/- 7.98436
ITEffChecker         INFO IT3ASideV eff 89.4737 +/- 7.04059
ITEffChecker         INFO IT3ASideX2 eff 86.9565 +/- 7.02237
ITEffChecker         INFO IT3CSideX1 eff 90.9091 +/- 6.12909
ITEffChecker         INFO IT3CSideU eff 90.9091 +/- 6.12909
ITEffChecker         INFO IT3CSideV eff 76.1905 +/- 9.29429
ITEffChecker         INFO IT3CSideX2 eff 82.6087 +/- 7.90342
ITEffChecker         INFO  -----------------------
ITEffChecker      SUCCESS Booked 288 Histogram(s) : 1D=192 2D=96
MCOTDepositMonitorSUCCESS Booked 34 Histogram(s) : 1D=30 2D=4
RiDigitQC            INFO ===============================================================================================
RiDigitQC            INFO                             RICH Digitisation Simulation Summary
RiDigitQC            INFO -----------------------------------------------------------------------------------------------
RiDigitQC            INFO  Rich1 : Av. total  hit occupancy      1504.20 +-12.26 hits/event
RiDigitQC            INFO        : Av. signal hit occupancy      1034.20 +-10.17 hits/event
RiDigitQC            INFO        :   /Event/Next/MC/Rich/Hits       0.06 +- 0.02 % of total,   0.04 +- 0.02 % signal eff.
RiDigitQC            INFO        :   /Event/Prev/MC/Rich/Hits       0.17 +- 0.03 % of total,   0.07 +- 0.03 % signal eff.
RiDigitQC            INFO        :   /Event/MC/Rich/Hits           99.77 +- 0.04 % of total,  99.89 +- 0.03 % signal eff.
RiDigitQC            INFO        : Av. HPD hit occupancy            7.88 +- 0.06 hits/event
RiDigitQC            INFO        :   Min Av. HPD occ. hID=709001    0.10 +- 0.10 hits/event
RiDigitQC            INFO        :   Max Av. HPD occ. hID=643003   46.10 +- 2.15 hits/event
RiDigitQC            INFO        : % overall background hits       31.25 +- 0.38 %
RiDigitQC            INFO        :   % rayleigh scattered hits      0.88 +- 0.08 %
RiDigitQC            INFO        :   % charged track on HPD hits    0.03 +- 0.01 %
RiDigitQC            INFO        :   % gas quartz window CK hits    4.27 +- 0.16 %
RiDigitQC            INFO        :   % hpd quartz window CK hits   18.12 +- 0.31 %
RiDigitQC            INFO        :   % nitrogen CK hits             0.07 +- 0.02 %
RiDigitQC            INFO        :   % aerogel filter CK hits       0.07 +- 0.02 %
RiDigitQC            INFO        :   % silicon back-scatter hits    0.57 +- 0.06 %
RiDigitQC            INFO        :   % internal reflection hits    16.61 +- 0.30 %
RiDigitQC            INFO        :   % silicon charge share hits    1.14 +- 0.09 %
RiDigitQC            INFO -----------------------------------------------------------------------------------------------
RiDigitQC            INFO  Rich2 : Av. total  hit occupancy       924.40 +- 9.61 hits/event
RiDigitQC            INFO        : Av. signal hit occupancy       594.70 +- 7.71 hits/event
RiDigitQC            INFO        :   /Event/Next/MC/Rich/Hits       1.06 +- 0.11 % of total,   0.05 +- 0.03 % signal eff.
RiDigitQC            INFO        :   /Event/Prev/MC/Rich/Hits       0.02 +- 0.02 % of total,   0.02 +- 0.02 % signal eff.
RiDigitQC            INFO        :   /Event/MC/Rich/Hits           98.92 +- 0.11 % of total,  99.93 +- 0.03 % signal eff.
RiDigitQC            INFO        : Av. HPD hit occupancy            3.77 +- 0.04 hits/event
RiDigitQC            INFO        :   Min Av. HPD occ. hID=627009    0.10 +- 0.10 hits/event
RiDigitQC            INFO        :   Max Av. HPD occ. hID=623004   14.20 +- 1.19 hits/event
RiDigitQC            INFO        : % overall background hits       35.67 +- 0.50 %
RiDigitQC            INFO        :   % rayleigh scattered hits      0.00 +- 0.00 %
RiDigitQC            INFO        :   % charged track on HPD hits    0.02 +- 0.02 %
RiDigitQC            INFO        :   % gas quartz window CK hits    3.20 +- 0.18 %
RiDigitQC            INFO        :   % hpd quartz window CK hits   25.10 +- 0.45 %
RiDigitQC            INFO        :   % nitrogen CK hits             0.03 +- 0.02 %
RiDigitQC            INFO        :   % aerogel filter CK hits       0.00 +- 0.00 %
RiDigitQC            INFO        :   % silicon back-scatter hits    0.65 +- 0.08 %
RiDigitQC            INFO        :   % internal reflection hits    19.05 +- 0.41 %
RiDigitQC            INFO        :   % silicon charge share hits    1.66 +- 0.13 %
RiDigitQC            INFO ===============================================================================================
RiDigitQC         SUCCESS Booked 6 Histogram(s) : 1D=6
SpdCheck          SUCCESS Booked 4 Histogram(s) : 1D=4
PrsCheck          SUCCESS Booked 4 Histogram(s) : 1D=4
EcalCheck         SUCCESS Booked 6 Histogram(s) : 1D=6
HcalCheck         SUCCESS Booked 6 Histogram(s) : 1D=6
MuonDigitChecker     INFO -----------------------------------------------------------------
MuonDigitChecker     INFO        Muon Monitoring Table
MuonDigitChecker     INFO -----------------------------------------------------------------
MuonDigitChecker     INFO -----------------------------------------------------------------
MuonDigitChecker     INFO     Digi Information
MuonDigitChecker     INFO -----------------------------------------------------------------
MuonDigitChecker     INFO -----------------------------------------------------------------
MuonDigitChecker     INFO -----   Container: Geant------------------------
MuonDigitChecker     INFO -----------------------------------------------------------------
MuonDigitChecker     INFO    M1     M2     M3     M4     M5
MuonDigitChecker     INFO 42.200  17.400  6.800  5.400  2.800   R1
MuonDigitChecker     INFO 41.300  14.800  2.900  2.300  1.600   R2
MuonDigitChecker     INFO 39.400  4.500  1.700  2.000  1.800   R3
MuonDigitChecker     INFO 41.000  7.600  1.800  1.000  1.000   R4
MuonDigitChecker     INFO -----------------------------------------------------------------
MuonDigitChecker     INFO -----   Container: FlastSpillOver------------------------
MuonDigitChecker     INFO -----------------------------------------------------------------
MuonDigitChecker     INFO    M1     M2     M3     M4     M5
MuonDigitChecker     INFO 0.300  0.000  0.300  0.200  0.100   R1
MuonDigitChecker     INFO 0.400  0.900  0.800  0.000  0.400   R2
MuonDigitChecker     INFO 0.600  1.800  0.500  0.800  1.400   R3
MuonDigitChecker     INFO 0.500  1.200  0.600  0.400  2.000   R4
MuonDigitChecker     INFO -----------------------------------------------------------------
MuonDigitChecker     INFO -----   Container: Low Energy Background------------------------
MuonDigitChecker     INFO -----------------------------------------------------------------
MuonDigitChecker     INFO    M1     M2     M3     M4     M5
MuonDigitChecker     INFO 0.000  3.900  2.300  0.900  0.100   R1
MuonDigitChecker     INFO 0.000  4.300  1.900  0.300  0.500   R2
MuonDigitChecker     INFO 0.000  1.200  0.500  0.400  0.000   R3
MuonDigitChecker     INFO 0.000  0.700  0.000  0.000  0.000   R4
MuonDigitChecker     INFO -----------------------------------------------------------------
MuonDigitChecker     INFO -----   Container: Chamber Noise------------------------
MuonDigitChecker     INFO -----------------------------------------------------------------
MuonDigitChecker     INFO    M1     M2     M3     M4     M5
MuonDigitChecker     INFO 0.000  0.000  0.000  0.000  0.000   R1
MuonDigitChecker     INFO 0.000  0.000  0.000  0.000  0.000   R2
MuonDigitChecker     INFO 0.000  0.000  0.000  0.000  0.000   R3
MuonDigitChecker     INFO 0.000  0.000  0.000  0.000  0.000   R4
MuonDigitChecker     INFO -----------------------------------------------------------------
MuonDigitChecker     INFO -----   Container: Crosstalk------------------------
MuonDigitChecker     INFO -----------------------------------------------------------------
MuonDigitChecker     INFO    M1     M2     M3     M4     M5
MuonDigitChecker     INFO 3.200  2.200  0.900  1.300  0.500   R1
MuonDigitChecker     INFO 14.300  1.700  0.200  0.700  0.000   R2
MuonDigitChecker     INFO 7.500  2.000  0.800  0.000  0.100   R3
MuonDigitChecker     INFO 0.900  0.200  0.400  0.000  0.000   R4
MuonDigitChecker     INFO -----------------------------------------------------------------
MuonDigitChecker     INFO -----   Container: Electronic Noise------------------------
MuonDigitChecker     INFO -----------------------------------------------------------------
MuonDigitChecker     INFO    M1     M2     M3     M4     M5
MuonDigitChecker     INFO 0.000  0.000  0.000  0.000  0.000   R1
MuonDigitChecker     INFO 0.000  0.000  0.100  0.000  0.000   R2
MuonDigitChecker     INFO 0.000  0.000  0.000  0.000  0.200   R3
MuonDigitChecker     INFO 0.000  0.000  0.000  0.000  0.200   R4
MuonDigitChecker  SUCCESS Booked 1 N-Tuples and 0 Event Tag Collections
L0CaloMonit          INFO Number of events processed: 10
L0CaloMonit       SUCCESS Booked 13 Histogram(s) : 1D=8 2D=5
L0DUReportMonitor    INFO ========================================================================
L0DUReportMonitor    INFO  L0DUReport Monitoring ran on 1 Configuration(s)
L0DUReportMonitor    INFO ========================================================================
L0DUReportMonitor    INFO
L0DUReportMonitor    INFO    ****************************************************
L0DUReportMonitor    INFO    ***  Trigger Configuration Key : 0x1309 (4873)
L0DUReportMonitor    INFO    ***  Recipe name : 'MINBIAS_2009_v3_0x1309'
L0DUReportMonitor    INFO    ***  short description : '[HCAL>12 and SPD>2] or MUON>12 ou PUMult>7'
L0DUReportMonitor    INFO    ****************************************************
L0DUReportMonitor    INFO
L0DUReportMonitor    INFO    -------------------------------------------------------------------
L0DUReportMonitor    INFO    -- L0 Performance on 10 events
L0DUReportMonitor    INFO    -------------------------------------------------------------------
L0DUReportMonitor    INFO            *  Accepted L0 for ANY decision type ' :        10 events :  rate = ( 100.00 +-  31.62) %
L0DUReportMonitor    INFO               *  Accepted L0 for decision type = 'Physics' :        10 events :  rate = ( 100.00 +-  31.62) %
L0DUReportMonitor    INFO               *  Accepted L0 for decision type = 'Beam1' :         0 events :  rate = (   0.00 +-   0.00) %
L0DUReportMonitor    INFO               *  Accepted L0 for decision type = 'Beam2' :         0 events :  rate = (   0.00 +-   0.00) %
L0DUReportMonitor    INFO    ------------------------ SUBTRIGGERS ---------------------------------
L0DUReportMonitor    INFO     -- 4 L0DU SubTrigger(s) associated to decision type  = 'Physics'  [OR'ed rate =  (100.00 +-  31.62) % ] :
L0DUReportMonitor    INFO         --- SubTrigger :            Physics|L0Ecal :         0 events : rate =   0.00  %  (rel. rate =    0.00 % )
L0DUReportMonitor    INFO         --- SubTrigger :            Physics|L0Hcal :        10 events : rate = 100.00  %  (rel. rate =  100.00 % )
L0DUReportMonitor    INFO         --- SubTrigger :            Physics|L0Muon :         7 events : rate =  70.00  %  (rel. rate =   70.00 % )
L0DUReportMonitor    INFO         --- SubTrigger :             Physics|Other :         9 events : rate =  90.00  %  (rel. rate =   90.00 % )
L0DUReportMonitor    INFO    ------------------------ CHANNELS ---------------------------------
L0DUReportMonitor    INFO     -- 3 L0DU channel(s) associated to decision type  = 'Physics'  [OR'ed rate =  (100.00 +-  31.62) % ] :
L0DUReportMonitor    INFO         ---  L0 Channel :              Physics|CALO :        10 events : rate = 100.00  %  (rel. rate =  100.00 % )
L0DUReportMonitor    INFO         ---  L0 Channel :              Physics|MUON :         7 events : rate =  70.00  %  (rel. rate =   70.00 % )
L0DUReportMonitor    INFO         ---  L0 Channel :                Physics|PU :         9 events : rate =  90.00  %  (rel. rate =   90.00 % )
L0DUReportMonitor    INFO     -- 2 Disabled channel(s) :
L0DUReportMonitor    INFO         --- L0 channel :              Disable|HCAL :        10 events : rate = 100.00  %
L0DUReportMonitor    INFO         --- L0 channel :               Disable|SPD :        10 events : rate = 100.00  %
L0DUReportMonitor    INFO    ------------------------ CONDITIONS ------------------------------
L0DUReportMonitor    INFO    *  Elementary Condition             Hadron,Et :        10 events : rate = 100.00  %
L0DUReportMonitor    INFO    *  Elementary Condition              Muon1,Pt :         7 events : rate =  70.00  %
L0DUReportMonitor    INFO    *  Elementary Condition                PUMult :         9 events : rate =  90.00  %
L0DUReportMonitor    INFO    *  Elementary Condition               SpdMult :        10 events : rate = 100.00  %
L0DUReportMonitor    INFO ========================================================================
L0DUReportMonitor SUCCESS Booked 5 Histogram(s) : 1D=2 2D=3
MCRichDigitSumm...SUCCESS Number of counters : 1
 |    Counter                                      |     #     |    sum     | mean/eff^* | rms/err^*  |     min     |     max     |
 | "# PackedData"                                  |        10 |      30839 |     3083.9 |     1926.8 |      1428.0 |      8072.0 |
DigiWriter           INFO Events output: 10
RawWriter            INFO Events output: 10
EventLoopMgr         INFO Histograms converted successfully according to request.
LHCb::RawDataCn...   INFO Closed connected MDF stream:PFN:11144103-100ev-25ns-20090715-10ev.mdf ID:0x2aaaadf6b820
FileRecordCnvSvc     INFO File sharing enabled. Do not retire files.
RootCnvSvc           INFO Disconnected data IO:146E03D0-CC70-DE11-9001-000CF1F44509[root://castorlhcb.cern.ch//castor/cern.ch/user/g/gcorti/Gauss/2009/v37r3/11144103-100ev-25ns-20090715.sim?svcClass=default]
RootCnvSvc           INFO Disconnected data IO:84EFE0C3-BA5E-E011-9441-003048C9CD62[11144103-100ev-25ns-20090715-10ev.digi]
ToolSvc              INFO Removing all tools created by ToolSvc
L0MuonOnlineMon...SUCCESS Booked 9 Histogram(s) : 1D=5 2D=4
L0MuonOnlineMon...SUCCESS Booked 9 Histogram(s) : 1D=5 2D=4
HcalFromRaw.Hca...SUCCESS Number of counters : 1
 |    Counter                                      |     #     |    sum     | mean/eff^* | rms/err^*  |     min     |     max     |
 | "getCaloBanks"                                  |        10 |         10 |     1.0000 |     0.0000 |      1.0000 |      1.0000 |
EcalFromRaw.Eca...SUCCESS Number of counters : 1
 |    Counter                                      |     #     |    sum     | mean/eff^* | rms/err^*  |     min     |     max     |
 | "getCaloBanks"                                  |        10 |         10 |     1.0000 |     0.0000 |      1.0000 |      1.0000 |
L0Calo.CaloTrig...SUCCESS Number of counters : 1
 |    Counter                                      |     #     |    sum     | mean/eff^* | rms/err^*  |     min     |     max     |
 | "getCaloBanks"                                  |        10 |         10 |     1.0000 |     0.0000 |      1.0000 |      1.0000 |
L0Calo.HcalTrig...SUCCESS Number of counters : 1
 |    Counter                                      |     #     |    sum     | mean/eff^* | rms/err^*  |     min     |     max     |
 | "getCaloBanks"                                  |        10 |         10 |     1.0000 |     0.0000 |      1.0000 |      1.0000 |
L0Calo.EcalTrig...SUCCESS Number of counters : 1
 |    Counter                                      |     #     |    sum     | mean/eff^* | rms/err^*  |     min     |     max     |
 | "getCaloBanks"                                  |        10 |         10 |     1.0000 |     0.0000 |      1.0000 |      1.0000 |
ToolSvc.RichRaw...   INFO ========================================================================================================================
ToolSvc.RichRaw...   INFO                              RICH Level 1 : Encoding Summary : 10 events
ToolSvc.RichRaw...   INFO ------------------------------------------------------------------------------------------------------------------------
ToolSvc.RichRaw...   INFO  Rich2 L1ID(hard/log)  1/ 8 V129 | L1 size =  15.10 +- 1.23 hpds :   59.80 +- 2.45 words :   89.80 +- 3.00 hits / event
ToolSvc.RichRaw...   INFO ------------------------------------------------------------------------------------------------------------------------
ToolSvc.RichRaw...   INFO  Rich1 L1ID(hard/log)  3/ 1 V129 | L1 size =  21.80 +- 1.48 hpds :   77.40 +- 2.78 words :  105.10 +- 3.24 hits / event
ToolSvc.RichRaw...   INFO ------------------------------------------------------------------------------------------------------------------------
ToolSvc.RichRaw...   INFO  Rich2 L1ID(hard/log)  4/ 6 V129 | L1 size =  14.60 +- 1.21 hpds :   74.50 +- 2.73 words :  139.40 +- 3.73 hits / event
ToolSvc.RichRaw...   INFO  Rich2 L1ID(hard/log)  5/ 7 V129 | L1 size =  15.00 +- 1.22 hpds :   77.00 +- 2.77 words :  143.80 +- 3.79 hits / event
ToolSvc.RichRaw...   INFO  Rich2 L1ID(hard/log)  6/ 3 V129 | L1 size =  14.80 +- 1.22 hpds :   74.00 +- 2.72 words :  130.90 +- 3.62 hits / event
ToolSvc.RichRaw...   INFO  Rich2 L1ID(hard/log)  8/ 2 V129 | L1 size =  15.20 +- 1.23 hpds :   79.80 +- 2.82 words :  149.70 +- 3.87 hits / event
ToolSvc.RichRaw...   INFO  Rich2 L1ID(hard/log)  9/ 1 V129 | L1 size =  17.30 +- 1.32 hpds :   68.10 +- 2.61 words :   92.70 +- 3.04 hits / event
ToolSvc.RichRaw...   INFO  Rich2 L1ID(hard/log) 11/ 4 V129 | L1 size =  10.00 +- 1.00 hpds :   41.10 +- 2.03 words :   64.80 +- 2.55 hits / event
ToolSvc.RichRaw...   INFO  Rich2 L1ID(hard/log) 12/ 5 V129 | L1 size =  13.70 +- 1.17 hpds :   64.80 +- 2.55 words :  113.30 +- 3.37 hits / event
ToolSvc.RichRaw...   INFO ------------------------------------------------------------------------------------------------------------------------
ToolSvc.RichRaw...   INFO  Rich1 L1ID(hard/log) 13/ 2 V129 | L1 size =  21.40 +- 1.46 hpds :   90.90 +- 3.01 words :  163.00 +- 4.04 hits / event
ToolSvc.RichRaw...   INFO  Rich1 L1ID(hard/log) 14/ 3 V129 | L1 size =  16.50 +- 1.28 hpds :   86.40 +- 2.94 words :  164.20 +- 4.05 hits / event
ToolSvc.RichRaw...   INFO  Rich1 L1ID(hard/log) 16/ 4 V129 | L1 size =  10.20 +- 1.01 hpds :   74.30 +- 2.73 words :  141.10 +- 3.76 hits / event
ToolSvc.RichRaw...   INFO  Rich1 L1ID(hard/log) 17/ 5 V129 | L1 size =  11.90 +- 1.09 hpds :   78.40 +- 2.80 words :  164.00 +- 4.05 hits / event
ToolSvc.RichRaw...   INFO  Rich1 L1ID(hard/log) 18/ 6 V129 | L1 size =  29.60 +- 1.72 hpds :  230.20 +- 4.80 words :  524.90 +- 7.24 hits / event
ToolSvc.RichRaw...   INFO  Rich1 L1ID(hard/log) 20/ 7 V129 | L1 size =  25.80 +- 1.61 hpds :  136.20 +- 3.69 words :  241.90 +- 4.92 hits / event
ToolSvc.RichRaw...   INFO ------------------------------------------------------------------------------------------------------------------------
ToolSvc.RichRaw...   INFO  Rich1 Average                   | L1 size = 137.20 +- 3.70 hpds :  773.80 +- 8.80 words : 1504.20 +-12.26 hits / event
ToolSvc.RichRaw...   INFO  Rich2 Average                   | L1 size = 115.70 +- 3.40 hpds :  539.10 +- 7.34 words :  924.40 +- 9.61 hits / event
ToolSvc.RichRaw...   INFO ========================================================================================================================
VeloPUSim.RadDa...SUCCESS Exceptions/Errors/Warnings/Infos Statistics : 0/0/1/0
VeloPUSim.RadDa...SUCCESS  #WARNINGS   = 1        Message = 'VELO radiation damage parameters not in conditions DB'
VeloSim.RadDamage SUCCESS Exceptions/Errors/Warnings/Infos Statistics : 0/0/1/0
VeloSim.RadDamage SUCCESS  #WARNINGS   = 1        Message = 'VELO radiation damage parameters not in conditions DB'
BooleInit.Boole...SUCCESS Booked 4 Histogram(s) : 1D=4
BooleInit.Boole...SUCCESS Number of counters : 2
 |    Counter                                      |     #     |    sum     | mean/eff^* | rms/err^*  |     min     |     max     |
 | "Delta Memory/MB"                               |         9 |    199.736 |     22.193 |     44.374 |      0.0000 |      133.47 |
 | "Total Memory/MB"                               |        10 |   12249.19 |     1224.9 |     60.892 |      1052.0 |      1251.8 |
ToolSvc.L0DUCon...   INFO --------------- TCK = 0x1309------------------
ToolSvc.L0DUCon...   INFO The configuration 0x1309 matches the hardware limitations
ToolSvc.L0DUCon...   INFO - Usage : Channels [15.6% ]  |  Conditions [3.1% ]; max/type [16.7% ]; order : OK ; reported  : 4/4
ToolSvc.L0DUCon...   INFO --------------- TCK = 0x10000------------------
ToolSvc.OTChann...SUCCESS Exceptions/Errors/Warnings/Infos Statistics : 0/0/1/0
ToolSvc.OTChann...SUCCESS  #WARNINGS   = 1        Message = 'Updating OT channel map for bank version 3'
TimingAuditor.T...   INFO --------------------------------------------------------------------------------------------------
TimingAuditor.T...   INFO This machine has a speed about   1.84 times the speed of a 2.8 GHz Xeon.
TimingAuditor.T...   INFO Algorithm          (millisec) |    <user> |   <clock> |      min       max | entries | total (s) |
TimingAuditor.T...   INFO --------------------------------------------------------------------------------------------------
TimingAuditor.T...   INFO EVENT LOOP                    |   647.002 |   746.903 |  451.654    1269.5 |      10 |     7.469 |
TimingAuditor.T...   INFO  BooleSequencer               |   460.030 |   542.006 |  338.270     774.0 |      10 |     5.420 |
TimingAuditor.T...   INFO   Init                        |    38.694 |    80.198 |   19.012     230.6 |      10 |     0.802 |
TimingAuditor.T...   INFO    InitBooleSeq               |     7.699 |     8.051 |    0.514      75.7 |      10 |     0.081 |
TimingAuditor.T...   INFO     BooleInit                 |     7.199 |     7.254 |    0.346      69.3 |      10 |     0.073 |
TimingAuditor.T...   INFO     SpilloverHandler          |     0.500 |     0.780 |    0.154       6.4 |      10 |     0.008 |
TimingAuditor.T...   INFO      SpilloverLoader          |     0.500 |     0.760 |    0.135       6.4 |      10 |     0.008 |
TimingAuditor.T...   INFO      SpilloverKiller          |     0.000 |     0.004 |    0.004       0.0 |      10 |     0.000 |
TimingAuditor.T...   INFO    InitDataSeq                |     0.000 |     0.003 |    0.003       0.0 |      10 |     0.000 |
TimingAuditor.T...   INFO    InitMuonSeq                |    30.995 |    72.121 |   18.432     154.9 |      10 |     0.721 |
TimingAuditor.T...   INFO     MuonLowEnergy             |    29.595 |    70.702 |   17.185     153.4 |      10 |     0.707 |
TimingAuditor.T...   INFO     MuonFlatSpillover         |     1.400 |     1.373 |    0.999       1.7 |      10 |     0.014 |
TimingAuditor.T...   INFO   Digi                        |   295.655 |   335.928 |  227.742     488.6 |      10 |     3.359 |
TimingAuditor.T...   INFO    DigiVeloSeq                |    64.690 |    76.628 |   50.310      98.8 |      10 |     0.766 |
TimingAuditor.T...   INFO     VeloSim                   |    55.992 |    64.287 |   42.078      89.8 |      10 |     0.643 |
TimingAuditor.T...   INFO     VeloPUSim                 |     3.399 |     7.139 |    2.200      21.3 |      10 |     0.071 |
TimingAuditor.T...   INFO     VeloTell1DataProcessor    |     2.300 |     2.407 |    2.215       3.0 |      10 |     0.024 |
TimingAuditor.T...   INFO     VeloSimTell1ClusterMaker  |     2.899 |     2.721 |    2.245       6.1 |      10 |     0.027 |
TimingAuditor.T...   INFO    DigiTTSeq                  |    44.393 |    49.071 |   27.595      82.0 |      10 |     0.491 |
TimingAuditor.T...   INFO     MCTTDepositCreator        |    36.394 |    41.237 |   21.830      69.8 |      10 |     0.412 |
TimingAuditor.T...   INFO     MCTTDigitCreator          |     1.100 |     1.196 |    0.725       2.1 |      10 |     0.012 |
TimingAuditor.T...   INFO     TTDigitCreator            |     5.199 |     5.002 |    3.806       7.1 |      10 |     0.050 |
TimingAuditor.T...   INFO     TTClusterCreator          |     1.200 |     1.116 |    0.710       2.1 |      10 |     0.011 |
TimingAuditor.T...   INFO     TTClusterKiller           |     0.100 |     0.176 |    0.069       0.4 |      10 |     0.002 |
TimingAuditor.T...   INFO     createTTRawBuffer         |     0.300 |     0.289 |    0.143       0.6 |      10 |     0.003 |
TimingAuditor.T...   INFO    DigiITSeq                  |    29.395 |    33.299 |   15.826      48.4 |      10 |     0.333 |
TimingAuditor.T...   INFO     MCITDepositCreator        |    23.196 |    27.220 |   11.590      39.7 |      10 |     0.272 |
TimingAuditor.T...   INFO     MCITDigitCreator          |     1.000 |     0.827 |    0.387       1.4 |      10 |     0.008 |
TimingAuditor.T...   INFO     ITDigitCreator            |     4.100 |     4.009 |    2.852       5.2 |      10 |     0.040 |
TimingAuditor.T...   INFO     ITClusterCreator          |     0.700 |     0.873 |    0.673       1.5 |      10 |     0.009 |
TimingAuditor.T...   INFO     ITClusterKiller           |     0.200 |     0.125 |    0.065       0.3 |      10 |     0.001 |
TimingAuditor.T...   INFO     createITRawBuffer         |     0.100 |     0.197 |    0.124       0.4 |      10 |     0.002 |
TimingAuditor.T...   INFO    DigiOTSeq                  |    26.696 |    31.641 |   20.248      45.2 |      10 |     0.316 |
TimingAuditor.T...   INFO     MCOTDepositCreator        |    23.396 |    28.474 |   18.105      40.5 |      10 |     0.285 |
TimingAuditor.T...   INFO     MCOTTimeCreator           |     2.800 |     2.623 |    1.736       4.1 |      10 |     0.026 |
TimingAuditor.T...   INFO     OTFillRawBuffer           |     0.500 |     0.512 |    0.338       0.9 |      10 |     0.005 |
TimingAuditor.T...   INFO    DigiRichSeq                |    30.695 |    36.675 |   21.678      50.9 |      10 |     0.367 |
TimingAuditor.T...   INFO     RichPDSignal              |    16.198 |    21.871 |   11.456      29.6 |      10 |     0.219 |
TimingAuditor.T...   INFO     RichChargeShare           |     0.800 |     1.078 |    0.556       1.7 |      10 |     0.011 |
TimingAuditor.T...   INFO     RichSummedDeposits        |     2.000 |     1.827 |    1.000       2.7 |      10 |     0.018 |
TimingAuditor.T...   INFO     RichPDResponse            |    10.198 |    10.295 |    6.018      17.9 |      10 |     0.103 |
TimingAuditor.T...   INFO     RichFillRawBuffer         |     1.500 |     1.544 |    0.763       4.2 |      10 |     0.015 |
TimingAuditor.T...   INFO    DigiCaloSeq                |    41.794 |    50.515 |   30.667      85.4 |      10 |     0.505 |
TimingAuditor.T...   INFO     SpdSignal                 |     3.700 |     5.728 |    3.215       9.9 |      10 |     0.057 |
TimingAuditor.T...   INFO     PrsSignal                 |     5.499 |     7.833 |    4.186      13.8 |      10 |     0.078 |
TimingAuditor.T...   INFO     EcalSignal                |     6.799 |     9.224 |    4.702      15.9 |      10 |     0.092 |
TimingAuditor.T...   INFO     HcalSignal                |     1.400 |     3.278 |    1.656       6.0 |      10 |     0.033 |
TimingAuditor.T...   INFO     SpdDigit                  |     5.499 |     5.648 |    1.850      11.4 |      10 |     0.056 |
TimingAuditor.T...   INFO     PrsDigit                  |    11.098 |    11.039 |    4.285      21.4 |      10 |     0.110 |
TimingAuditor.T...   INFO     EcalDigit                 |     4.899 |     5.055 |    4.688       5.4 |      10 |     0.051 |
TimingAuditor.T...   INFO     HcalDigit                 |     1.600 |     1.433 |    1.354       1.6 |      10 |     0.014 |
TimingAuditor.T...   INFO     CaloFillPrsSpdRawBuffer   |     0.300 |     0.587 |    0.483       0.8 |      10 |     0.006 |
TimingAuditor.T...   INFO     EcalFillRawBuffer         |     0.700 |     0.468 |    0.434       0.6 |      10 |     0.005 |
TimingAuditor.T...   INFO     HcalFillRawBuffer         |     0.200 |     0.127 |    0.113       0.1 |      10 |     0.001 |
TimingAuditor.T...   INFO    DigiMuonSeq                |    48.093 |    48.244 |   27.157      77.7 |      10 |     0.482 |
TimingAuditor.T...   INFO     MuonDigitization          |    18.797 |    18.992 |   14.106      28.4 |      10 |     0.190 |
TimingAuditor.T...   INFO     MuonDigitToRawBuffer      |    29.096 |    29.186 |   11.499      53.4 |      10 |     0.292 |
TimingAuditor.T...   INFO    DigiL0Seq                  |     9.799 |     9.816 |    6.361      13.9 |      10 |     0.098 |
TimingAuditor.T...   INFO     L0SimulationSeq           |     9.699 |     9.808 |    6.354      13.9 |      10 |     0.098 |
TimingAuditor.T...   INFO      PuVetoFillRawBuffer      |     0.100 |     0.178 |    0.084       0.3 |      10 |     0.002 |
TimingAuditor.T...   INFO      L0EmulatorSeq            |     9.599 |     9.619 |    6.259      13.6 |      10 |     0.096 |
TimingAuditor.T...   INFO       subL0EmulatorSeq        |     9.299 |     9.366 |    6.118      13.3 |      10 |     0.094 |
TimingAuditor.T...   INFO        L0Calo                 |     0.900 |     0.901 |    0.563       2.3 |      10 |     0.009 |
TimingAuditor.T...   INFO        L0Muon                 |     7.999 |     8.211 |    5.364      12.0 |      10 |     0.082 |
TimingAuditor.T...   INFO        L0PuVeto               |     0.300 |     0.215 |    0.152       0.6 |      10 |     0.002 |
TimingAuditor.T...   INFO       L0DU                    |     0.300 |     0.240 |    0.128       1.2 |      10 |     0.002 |
TimingAuditor.T...   INFO   Link                        |    78.188 |    78.297 |   49.271     157.5 |      10 |     0.783 |
TimingAuditor.T...   INFO    LinkVeloSeq                |     3.899 |     3.909 |    1.171      10.0 |      10 |     0.039 |
TimingAuditor.T...   INFO     DecodeVeloRawBuffer       |     0.800 |     0.554 |    0.238       1.2 |      10 |     0.006 |
TimingAuditor.T...   INFO     VeloCluster2MCHitLinker   |     2.600 |     2.799 |    0.721       7.6 |      10 |     0.028 |
TimingAuditor.T...   INFO     VeloCluster2MCParticleLink|     0.500 |     0.528 |    0.188       1.1 |      10 |     0.005 |
TimingAuditor.T...   INFO    LinkTTSeq                  |     7.399 |     7.428 |    3.956      19.5 |      10 |     0.074 |
TimingAuditor.T...   INFO     TTDigitLinker             |     4.799 |     4.872 |    2.993      12.2 |      10 |     0.049 |
TimingAuditor.T...   INFO     TTClusterLinker           |     1.500 |     1.456 |    0.504       4.4 |      10 |     0.015 |
TimingAuditor.T...   INFO     TTTruthLinker             |     1.100 |     1.073 |    0.402       2.9 |      10 |     0.011 |
TimingAuditor.T...   INFO    LinkITSeq                  |     4.999 |     5.084 |    3.290      10.8 |      10 |     0.051 |
TimingAuditor.T...   INFO     ITDigitLinker             |     3.100 |     3.169 |    1.788       5.6 |      10 |     0.032 |
TimingAuditor.T...   INFO     ITClusterLinker           |     1.100 |     1.065 |    0.446       3.0 |      10 |     0.011 |
TimingAuditor.T...   INFO     ITTruthLinker             |     0.800 |     0.826 |    0.360       2.2 |      10 |     0.008 |
TimingAuditor.T...   INFO    LinkOTSeq                  |    40.594 |    40.456 |   21.137      82.4 |      10 |     0.405 |
TimingAuditor.T...   INFO     OTMCDepositLinker         |    18.897 |    18.821 |    7.795      41.0 |      10 |     0.188 |
TimingAuditor.T...   INFO     OTMCHitLinker             |    11.898 |    11.921 |    7.133      25.5 |      10 |     0.119 |
TimingAuditor.T...   INFO     OTMCParticleLinker        |     9.799 |     9.679 |    6.182      16.8 |      10 |     0.097 |
TimingAuditor.T...   INFO    LinkTrSeq                  |     1.600 |     1.738 |    0.893       4.3 |      10 |     0.017 |
TimingAuditor.T...   INFO     BuildMCTrackInfo          |     1.600 |     1.725 |    0.882       4.3 |      10 |     0.017 |
TimingAuditor.T...   INFO    LinkRichSeq                |     0.300 |     0.466 |    0.214       1.2 |      10 |     0.005 |
TimingAuditor.T...   INFO     Rich::MC::MCRichDigitSumma|     0.300 |     0.455 |    0.204       1.2 |      10 |     0.005 |
TimingAuditor.T...   INFO    LinkCaloSeq                |    16.997 |    16.881 |   12.827      25.4 |      10 |     0.169 |
TimingAuditor.T...   INFO     EcalFromRaw               |     1.900 |     1.719 |    1.568       2.3 |      10 |     0.017 |
TimingAuditor.T...   INFO     HcalFromRaw               |     0.400 |     0.419 |    0.400       0.5 |      10 |     0.004 |
TimingAuditor.T...   INFO     CaloReCreateMCLinks       |     0.000 |     0.051 |    0.032       0.2 |      10 |     0.001 |
TimingAuditor.T...   INFO     EcalDigitMCTruth          |    11.998 |    11.974 |    7.897      20.0 |      10 |     0.120 |
TimingAuditor.T...   INFO     HcalDigitMCTruth          |     2.700 |     2.674 |    1.903       3.3 |      10 |     0.027 |
TimingAuditor.T...   INFO    LinkMuonSeq                |     1.700 |     1.751 |    0.679       3.0 |      10 |     0.018 |
TimingAuditor.T...   INFO     MuonDigit2MCParticleAlg   |     1.700 |     1.608 |    0.612       2.8 |      10 |     0.016 |
TimingAuditor.T...   INFO     MuonTileDigitInfo         |     0.000 |     0.120 |    0.050       0.2 |      10 |     0.001 |
TimingAuditor.T...   INFO    LinkL0Seq                  |     0.600 |     0.549 |    0.358       0.9 |      10 |     0.005 |
TimingAuditor.T...   INFO     L0CaloToMCParticleAsct    |     0.100 |     0.145 |    0.091       0.6 |      10 |     0.001 |
TimingAuditor.T...   INFO     L0CaloFullTruth           |     0.500 |     0.387 |    0.249       0.7 |      10 |     0.004 |
TimingAuditor.T...   INFO   Moni                        |    47.392 |    47.489 |   33.689      80.6 |      10 |     0.475 |
TimingAuditor.T...   INFO    MoniVeloSeq                |    10.698 |    10.871 |    4.238      20.9 |      10 |     0.109 |
TimingAuditor.T...   INFO     VeloSimMoni               |     7.399 |     7.341 |    3.034      13.7 |      10 |     0.073 |
TimingAuditor.T...   INFO     VeloRawClustersMoni       |     3.299 |     3.509 |    1.184       7.2 |      10 |     0.035 |
TimingAuditor.T...   INFO    MoniTTSeq                  |    10.398 |    10.461 |    6.830      20.4 |      10 |     0.105 |
TimingAuditor.T...   INFO     MCTTDepositMonitor        |     2.500 |     2.109 |    1.230       3.8 |      10 |     0.021 |
TimingAuditor.T...   INFO     MCTTDigitMonitor          |     1.900 |     2.067 |    1.185       3.7 |      10 |     0.021 |
TimingAuditor.T...   INFO     TTDigitMonitor            |     3.099 |     3.248 |    2.443       4.5 |      10 |     0.032 |
TimingAuditor.T...   INFO     TTClusterMonitor          |     0.600 |     0.554 |    0.247       1.1 |      10 |     0.006 |
TimingAuditor.T...   INFO     MCP2TTMCHitAlg            |     0.400 |     0.546 |    0.180       1.6 |      10 |     0.005 |
TimingAuditor.T...   INFO     TTEffChecker              |     1.800 |     1.889 |    0.690       5.7 |      10 |     0.019 |
TimingAuditor.T...   INFO    MoniITSeq                  |     7.799 |     7.872 |    5.507      14.2 |      10 |     0.079 |
TimingAuditor.T...   INFO     MCITDepositMonitor        |     1.400 |     1.471 |    0.688       2.3 |      10 |     0.015 |
TimingAuditor.T...   INFO     MCITDigitMonitor          |     1.700 |     1.484 |    0.745       2.4 |      10 |     0.015 |
TimingAuditor.T...   INFO     ITDigitMonitor            |     2.899 |     2.969 |    2.208       4.4 |      10 |     0.030 |
TimingAuditor.T...   INFO     ITClusterMonitor          |     0.500 |     0.336 |    0.182       0.7 |      10 |     0.003 |
TimingAuditor.T...   INFO     MCP2ITMCHitAlg            |     0.000 |     0.171 |    0.060       0.7 |      10 |     0.002 |
TimingAuditor.T...   INFO     ITEffChecker              |     1.200 |     1.397 |    0.482       4.1 |      10 |     0.014 |
TimingAuditor.T...   INFO    MoniOTSeq                  |    14.198 |    14.069 |    9.238      21.7 |      10 |     0.141 |
TimingAuditor.T...   INFO     MCOTDepositMonitor        |    14.198 |    14.056 |    9.226      21.7 |      10 |     0.141 |
TimingAuditor.T...   INFO    MoniRichSeq                |     2.299 |     2.244 |    1.327       4.1 |      10 |     0.022 |
TimingAuditor.T...   INFO     RiDigitQC                 |     2.299 |     2.230 |    1.315       4.0 |      10 |     0.022 |
TimingAuditor.T...   INFO    MoniCaloSeq                |     0.300 |     0.436 |    0.248       1.3 |      10 |     0.004 |
TimingAuditor.T...   INFO     SpdCheck                  |     0.000 |     0.085 |    0.043       0.3 |      10 |     0.001 |
TimingAuditor.T...   INFO     PrsCheck                  |     0.100 |     0.084 |    0.037       0.3 |      10 |     0.001 |
TimingAuditor.T...   INFO     EcalCheck                 |     0.200 |     0.170 |    0.107       0.4 |      10 |     0.002 |
TimingAuditor.T...   INFO     HcalCheck                 |     0.000 |     0.071 |    0.036       0.3 |      10 |     0.001 |
TimingAuditor.T...   INFO    MoniMuonSeq                |     1.000 |     0.852 |    0.399       1.3 |      10 |     0.009 |
TimingAuditor.T...   INFO     MuonDigitChecker          |     1.000 |     0.841 |    0.389       1.3 |      10 |     0.008 |
TimingAuditor.T...   INFO    MoniL0Seq                  |     0.700 |     0.646 |    0.350       2.7 |      10 |     0.006 |
TimingAuditor.T...   INFO     L0MoniSeq                 |     0.700 |     0.638 |    0.344       2.7 |      10 |     0.006 |
TimingAuditor.T...   INFO      L0CaloMonit              |     0.000 |     0.079 |    0.050       0.3 |      10 |     0.001 |
TimingAuditor.T...   INFO      L0MuonOnlineMonitor      |     0.100 |     0.151 |    0.051       0.5 |      10 |     0.002 |
TimingAuditor.T...   INFO      L0DUReportMonitor        |     0.500 |     0.384 |    0.220       1.8 |      10 |     0.004 |
TimingAuditor.T...   INFO    MoniMCSeq                  |     0.000 |     0.004 |    0.004       0.0 |      10 |     0.000 |
TimingAuditor.T...   INFO   Filter                      |     0.000 |     0.003 |    0.003       0.0 |      10 |     0.000 |
TimingAuditor.T...   INFO  PrepareDIGI                  |     3.000 |     3.190 |    1.950       5.1 |      10 |     0.032 |
TimingAuditor.T...   INFO   PackMCVertex                |     0.000 |     0.011 |    0.009       0.0 |      10 |     0.000 |
TimingAuditor.T...   INFO   PackMCParticle              |     0.000 |     0.007 |    0.006       0.0 |      10 |     0.000 |
TimingAuditor.T...   INFO   MCRichDigitSummaryPacker    |     0.100 |     0.134 |    0.080       0.2 |      10 |     0.001 |
TimingAuditor.T...   INFO   MCRichNodeKiller            |     2.900 |     2.971 |    1.803       4.8 |      10 |     0.030 |
TimingAuditor.T...   INFO  DigiWriter                   |   164.575 |   176.158 |   84.130     467.0 |      10 |     1.762 |
TimingAuditor.T...   INFO  MDFKiller                    |    12.098 |    12.090 |    8.928      19.4 |      10 |     0.121 |
TimingAuditor.T...   INFO  RawWriter                    |     2.300 |     8.453 |    1.885      24.3 |      10 |     0.085 |
TimingAuditor.T...   INFO *     UnpackMCParticles       |     2.999 |    19.398 |    1.190      78.6 |      10 |     0.194 |
TimingAuditor.T...   INFO *     UnpackMCVertices        |     2.900 |     8.278 |    2.059      15.5 |      10 |     0.083 |
TimingAuditor.T...   INFO *     UnpackMCVeloHitsPrev    |     0.333 |     0.087 |    0.065       0.1 |       3 |     0.000 |
TimingAuditor.T...   INFO *     UnpackMCPuVetoHitsPrev  |     0.333 |     0.027 |    0.025       0.0 |       3 |     0.000 |
TimingAuditor.T...   INFO *     UnpackMCTTHitsPrev      |     0.000 |     0.033 |    0.024       0.0 |       3 |     0.000 |
TimingAuditor.T...   INFO *     UnpackMCITHitsPrev      |     0.333 |     0.032 |    0.024       0.0 |       3 |     0.000 |
TimingAuditor.T...   INFO *     UnpackMCOTHitsPrev      |     0.000 |     0.022 |    0.015       0.0 |       3 |     0.000 |
TimingAuditor.T...   INFO *     UnpackMCRichHitsPrev    |     0.000 |     0.029 |    0.016       0.0 |       4 |     0.000 |
TimingAuditor.T...   INFO *     UnpackMCSpdHitsPrev     |     0.000 |     0.030 |    0.027       0.0 |       3 |     0.000 |
TimingAuditor.T...   INFO *     UnpackMCPrsHitsPrev     |     0.000 |     0.028 |    0.022       0.0 |       3 |     0.000 |
TimingAuditor.T...   INFO *     UnpackMCEcalHitsPrev    |     0.000 |     0.025 |    0.022       0.0 |       3 |     0.000 |
TimingAuditor.T...   INFO *     UnpackMCHcalHitsPrev    |     0.000 |     0.021 |    0.020       0.0 |       3 |     0.000 |
TimingAuditor.T...   INFO *     UnpackMCMuonHitsPrev    |     0.000 |     0.026 |    0.025       0.0 |       3 |     0.000 |
TimingAuditor.T...   INFO *     UnpackMCVeloHitsNext    |     0.000 |     0.047 |    0.029       0.1 |       5 |     0.000 |
TimingAuditor.T...   INFO *     UnpackMCPuVetoHitsNext  |     0.000 |     0.022 |    0.021       0.0 |       5 |     0.000 |
TimingAuditor.T...   INFO *     UnpackMCTTHitsNext      |     0.000 |     0.028 |    0.027       0.0 |       5 |     0.000 |
TimingAuditor.T...   INFO *     UnpackMCITHitsNext      |     0.000 |     0.025 |    0.022       0.0 |       5 |     0.000 |
TimingAuditor.T...   INFO *     UnpackMCOTHitsNext      |     0.000 |     0.027 |    0.023       0.0 |       5 |     0.000 |
TimingAuditor.T...   INFO *     UnpackMCRichHitsNext    |     0.100 |     0.028 |    0.024       0.0 |      10 |     0.000 |
TimingAuditor.T...   INFO *     UnpackMCMuonHitsNext    |     0.000 |     0.025 |    0.024       0.0 |       5 |     0.000 |
TimingAuditor.T...   INFO *     UnpackMCVeloHitsPrevPrev|     0.000 |     0.024 |    0.024       0.0 |       1 |     0.000 |
TimingAuditor.T...   INFO *     UnpackMCPuVetoHitsPrevPr|     0.000 |     0.025 |    0.025       0.0 |       1 |     0.000 |
TimingAuditor.T...   INFO *     UnpackMCTTHitsPrevPrev  |     0.000 |     0.026 |    0.026       0.0 |       1 |     0.000 |
TimingAuditor.T...   INFO *     UnpackMCITHitsPrevPrev  |     0.000 |     0.025 |    0.025       0.0 |       1 |     0.000 |
TimingAuditor.T...   INFO *     UnpackMCOTHitsPrevPrev  |     0.000 |     0.028 |    0.026       0.0 |       2 |     0.000 |
TimingAuditor.T...   INFO *     UnpackMCRichHitsPrevPrev|     0.000 |     0.028 |    0.028       0.0 |       1 |     0.000 |
TimingAuditor.T...   INFO *     UnpackMCMuonHitsPrevPrev|     0.000 |     0.026 |    0.026       0.0 |       1 |     0.000 |
TimingAuditor.T...   INFO --------------------------------------------------------------------------------------------------
DataOnDemandSvc      INFO Handled "DataFault" incidents: 102/69/864(Alg/Node/Total).
ApplicationMgr       INFO Application Manager Finalized successfully
ApplicationMgr       INFO Application Manager Terminated successfully
