Hlt1DiProton /afs/cern.ch/user/e/evh/gangadir/workspace/evh/LocalXML/194/output/tuples.root
Hlt1BeamGasBeam2 /afs/cern.ch/user/e/evh/gangadir/workspace/evh/LocalXML/195/output/tuples.root
Hlt1BeamGasBeam1 /afs/cern.ch/user/e/evh/gangadir/workspace/evh/LocalXML/196/output/tuples.root
Hlt1SingleElectronNoIP /afs/cern.ch/user/e/evh/gangadir/workspace/evh/LocalXML/197/output/tuples.root
Hlt1TrackMuon /afs/cern.ch/user/e/evh/gangadir/workspace/evh/LocalXML/198/output/tuples.root
Hlt1L0HighSumETJet /afs/cern.ch/user/e/evh/gangadir/workspace/evh/LocalXML/199/output/tuples.root
Hlt1L0AnyNoSPD /afs/cern.ch/user/e/evh/gangadir/workspace/evh/LocalXML/200/output/tuples.root
Hlt1BeamGasNoBeamBeam1 /afs/cern.ch/user/e/evh/gangadir/workspace/evh/LocalXML/202/output/tuples.root
Hlt1BeamGasNoBeamBeam2 /afs/cern.ch/user/e/evh/gangadir/workspace/evh/LocalXML/203/output/tuples.root
Hlt1BeamGasCrossingForcedReco /afs/cern.ch/user/e/evh/gangadir/workspace/evh/LocalXML/201/output/tuples.root
Hlt1NoPVPassThrough /afs/cern.ch/user/e/evh/gangadir/workspace/evh/LocalXML/219/output/tuples.root
Hlt1TrackForwardPassThrough /afs/cern.ch/user/e/evh/gangadir/workspace/evh/LocalXML/215/output/tuples.root
Hlt1SingleMuonHighPT /afs/cern.ch/user/e/evh/gangadir/workspace/evh/LocalXML/217/output/tuples.root
Hlt1DiMuonLowMass /afs/cern.ch/user/e/evh/gangadir/workspace/evh/LocalXML/204/output/tuples.root
Hlt1BeamGasCrossingParasitic /afs/cern.ch/user/e/evh/gangadir/workspace/evh/LocalXML/207/output/tuples.root
Hlt1MBMicroBiasVelo /afs/cern.ch/user/e/evh/gangadir/workspace/evh/LocalXML/209/output/tuples.root
Hlt1DiProtonLowMult /afs/cern.ch/user/e/evh/gangadir/workspace/evh/LocalXML/205/output/tuples.root
Hlt1L0Any /afs/cern.ch/user/e/evh/gangadir/workspace/evh/LocalXML/208/output/tuples.root
Hlt1SingleMuonNoIP /afs/cern.ch/user/e/evh/gangadir/workspace/evh/LocalXML/206/output/tuples.root
allLines /afs/cern.ch/user/e/evh/gangadir/workspace/evh/LocalXML/193/output/tuples.root
Hlt1TrackPhoton /afs/cern.ch/user/e/evh/gangadir/workspace/evh/LocalXML/210/output/tuples.root
Hlt1BeamGasCrossingEnhancedBeam1 /afs/cern.ch/user/e/evh/gangadir/workspace/evh/LocalXML/211/output/tuples.root
Hlt1BeamGasCrossingEnhancedBeam2 /afs/cern.ch/user/e/evh/gangadir/workspace/evh/LocalXML/212/output/tuples.root
Hlt1MBMicroBiasTStation /afs/cern.ch/user/e/evh/gangadir/workspace/evh/LocalXML/213/output/tuples.root
Hlt1TrackAllL0 /afs/cern.ch/user/e/evh/gangadir/workspace/evh/LocalXML/214/output/tuples.root
Hlt1DiMuonHighMass /afs/cern.ch/user/e/evh/gangadir/workspace/evh/LocalXML/216/output/tuples.root
Hlt1TrackForwardPassThroughLoose /afs/cern.ch/user/e/evh/gangadir/workspace/evh/LocalXML/218/output/tuples.root
